******************************************************************************
                  TI ARM Linker PC v20.2.7                     
******************************************************************************
>> Linked Mon May 19 10:40:40 2025

OUTPUT FILE NAME:   <aws-rest-api-ssl-demo.out>
ENTRY POINT SYMBOL: "_c_int00_noargs"  address: 2000c9c1


MEMORY CONFIGURATION

         name            origin    length      used     unused   attr    fill
----------------------  --------  ---------  --------  --------  ----  --------
  SRAM_CODE             20004000   00013000  00009546  00009aba  RW X
  SRAM_DATA             20017000   00019000  000092c6  0000fd3a  RW X


SEGMENT ALLOCATION MAP

run origin  load origin   length   init length attrs members
----------  ----------- ---------- ----------- ----- -------
20004000    20004000    00009548   00009548    r-x
  20004000    20004000    00000400   00000400    r-- .intvecs
  20004400    20004400    00008b2a   00008b2a    r-x .text
  2000cf2c    2000cf2c    000005cc   000005cc    r-- .const
  2000d4f8    2000d4f8    00000050   00000050    r-- .cinit
20017000    20017000    000082c8   00000000    rw-
  20017000    20017000    00008000   00000000    rw- .sysmem
  2001f000    2001f000    0000022a   00000000    rw- .bss
  2001f22c    2001f22c    0000009c   00000000    rw- .data
2002f000    2002f000    00001000   00000000    rw-
  2002f000    2002f000    00001000   00000000    rw- .stack


SECTION ALLOCATION MAP

 output                                  attributes/
section   page    origin      length       input sections
--------  ----  ----------  ----------   ----------------
.intvecs   0    20004000    00000400     
                  20004000    00000400     startup_ccs.obj (.intvecs)

.init_array 
*          0    20004000    00000000     UNINITIALIZED

.text      0    20004400    00008b2a     
                  20004400    00000ecc     network_utils.obj (.text)
                  200052cc    00000a4e     rtsv7M4_T_le_eabi.lib : _printfi.c.obj (.text:__TI_printfi)
                  20005d1a    00000002     driverlib.a : interrupt.obj (.text:IntDefaultHandler)
                  20005d1c    00000590     simplelink.a : driver.obj (.text:_SlDrvMsgRead)
                  200062ac    00000482     main.obj (.text)
                  2000672e    00000002     rtsv7M4_T_le_eabi.lib : _lock.c.obj (.text:_nop)
                  20006730    00000398     gpio_if.obj (.text)
                  20006ac8    00000280     simplelink.a : wlan.obj (.text:sl_WlanConnect)
                  20006d48    0000027c     uart_if.obj (.text)
                  20006fc4    00000268     rtsv7M4_T_le_eabi.lib : _printfi.c.obj (.text:_pconv_a)
                  2000722c    00000248     simplelink.a : driver.obj (.text:_SlDrvRxHdrRead)
                  20007474    000001e4                  : driver.obj (.text:_SlDrvDataReadOp)
                  20007658    000001d0                  : driver.obj (.text:_SlDrvReleasePoolObj)
                  20007828    000001cc     rtsv7M4_T_le_eabi.lib : _printfi.c.obj (.text:_pconv_g)
                  200079f4    000001b6                           : fd_add_t2.asm.obj (.text)
                  20007baa    00000002                           : div0.asm.obj (.text)
                  20007bac    000001b4     simplelink.a : driver.obj (.text:_SlDrvDriverCBInit)
                  20007d60    0000019c                  : driver.obj (.text:_SlDrvMsgWrite)
                  20007efc    00000190                  : driver.obj (.text:_SlDrvWaitForPoolObj)
                  2000808c    0000018c                  : socket.obj (.text:sl_Connect)
                  20008218    00000178     driverlib.a : prcm.obj (.text:PRCMCC3200MCUInit)
                  20008390    00000170     simplelink.a : driver.obj (.text:_SlFindAndSetActiveObj)
                  20008500    00000150                  : driver.obj (.text:_SlDrvDataWriteOp)
                  20008650    00000148                  : cc_pal.obj (.text:spi_Open)
                  20008798    00000144                  : driver.obj (.text:_SlDrvMsgReadCmdCtx)
                  200088dc    00000144                  : netapp.obj (.text:sl_NetAppDnsGetHostByName)
                  20008a20    0000013c     rtsv7M4_T_le_eabi.lib : _printfi.c.obj (.text:_pconv_e)
                  20008b5c    00000136                           : fd_div_t2.asm.obj (.text)
                  20008c92    00000002     --HOLE-- [fill = 0]
                  20008c94    00000134     simplelink.a : socket.obj (.text:sl_Send)
                  20008dc8    00000130                  : driver.obj (.text:_SlDrvDriverCBDeinit)
                  20008ef8    00000120     rtsv7M4_T_le_eabi.lib : _printfi.c.obj (.text:fcvt)
                  20009018    00000104     simplelink.a : netapp.obj (.text:_SlDrvNetAppEventHandler)
                  2000911c    00000100     rtsv7M4_T_le_eabi.lib : memory.c.obj (.text:aligned_alloc)
                  2000921c    000000fc                           : fd_mul_t2.asm.obj (.text)
                  20009318    000000f0     simplelink.a : device.obj (.text:sl_Stop)
                  20009408    000000f0                  : cc_pal.obj (.text:spi_Read)
                  200094f8    000000f0     driverlib.a : udma.obj (.text:uDMAChannelTransferSet)
                  200095e8    000000ec     simplelink.a : device.obj (.text:sl_Start)
                  200096d4    000000e8                  : driver.obj (.text:_SlAsyncEventGenericHandler)
                  200097bc    000000e8                  : driver.obj (.text:_SlDrvMsgReadSpawnCtx)
                  200098a4    000000e4     rtsv7M4_T_le_eabi.lib : memory.c.obj (.text:free)
                  20009988    000000e4                           : memory.c.obj (.text:realloc)
                  20009a6c    000000e4     simplelink.a : netapp.obj (.text:sl_NetAppMDNSRegisterUnregisterService)
                  20009b50    000000dc                  : driver.obj (.text:_SlDrvClassifyRxMsg)
                  20009c2c    000000d0     rtsv7M4_T_le_eabi.lib : s_scalbn.c.obj (.text:scalbn)
                  20009cfc    000000cc     simplelink.a : netapp.obj (.text:_sl_HandleAsync_DnsGetHostByService)
                  20009dc8    000000cc                  : device.obj (.text:sl_DevGet)
                  20009e94    000000c4                  : driver.obj (.text:_SlRemoveFromList)
                  20009f58    000000c0                  : driver.obj (.text:_SlDrvCmdOp)
                  2000a018    000000b1     rtsv7M4_T_le_eabi.lib : _printfi.c.obj (.text:_ltostr)
                  2000a0c9    00000003     --HOLE-- [fill = 0]
                  2000a0cc    000000b0     simplelink.a : nonos.obj (.text:_SlNonOsSemGet)
                  2000a17c    000000a8     driverlib.a : interrupt.obj (.text:IntDisable)
                  2000a224    000000a8                 : interrupt.obj (.text:IntEnable)
                  2000a2cc    000000a4     simplelink.a : driver.obj (.text:_SlDriverHandleError)
                  2000a370    000000a0     driverlib.a : spi.obj (.text:SPIConfigSetExpClk)
                  2000a410    000000a0     simplelink.a : socket.obj (.text:sl_Recv)
                  2000a4b0    0000009c     rtsv7M4_T_le_eabi.lib : memcpy_t2.asm.obj (.text)
                  2000a54c    0000009a     simplelink.a : device.obj (.text:_SlDrvDeviceEventHandler)
                  2000a5e6    00000002     --HOLE-- [fill = 0]
                  2000a5e8    00000098                  : device.obj (.text:sl_DevSet)
                  2000a680    00000098                  : netcfg.obj (.text:sl_NetCfgSet)
                  2000a718    00000098                  : socket.obj (.text:sl_SetSockOpt)
                  2000a7b0    00000098                  : wlan.obj (.text:sl_WlanSet)
                  2000a848    00000098                  : cc_pal.obj (.text:spi_Write)
                  2000a8e0    00000096     rtsv7M4_T_le_eabi.lib : ull_div_t2.asm.obj (.text)
                  2000a976    00000002     --HOLE-- [fill = 0]
                  2000a978    00000094     driverlib.a : prcm.obj (.text:PRCMPeripheralClockGet)
                  2000aa0c    00000090     simplelink.a : netapp.obj (.text:_sl_HandleAsync_DnsGetHostByName)
                  2000aa9c    00000090                  : netapp.obj (.text:_sl_HandleAsync_PingResponse)
                  2000ab2c    00000090                  : wlan.obj (.text:sl_WlanPolicySet)
                  2000abbc    0000008c                  : cc_pal.obj (.text:SetupDMAReceive)
                  2000ac48    0000008c                  : cc_pal.obj (.text:SetupDMASend)
                  2000acd4    0000008c                  : driver.obj (.text:_SlDrvIsTimeoutExpired)
                  2000ad60    0000008c                  : device.obj (.text:_sl_HandleAsync_InitComplete)
                  2000adec    0000008c                  : socket.obj (.text:sl_Socket)
                  2000ae78    00000088     driverlib.a : pin.obj (.text:PinConfigSet)
                  2000af00    00000086     rtsv7M4_T_le_eabi.lib : fd_cmp_t2.asm.obj (.text:__aeabi_cdcmple)
                  2000af86    00000086                           : fd_cmp_t2.asm.obj (.text:__aeabi_cdrcmple)
                  2000b00c    00000084     simplelink.a : wlan.obj (.text:sl_WlanRxFilterSet)
                  2000b090    00000082     driverlib.a : gpio.obj (.text:GPIOIntTypeSet)
                  2000b112    00000002     --HOLE-- [fill = 0]
                  2000b114    00000080     simplelink.a : socket.obj (.text:_sl_HandleAsync_Connect)
                  2000b194    00000080                  : cc_pal.obj (.text:spi_Read_CPU)
                  2000b214    00000080                  : cc_pal.obj (.text:spi_Write_CPU)
                  2000b294    0000007a     rtsv7M4_T_le_eabi.lib : memset_t2.asm.obj (.text)
                  2000b30e    00000002     --HOLE-- [fill = 0]
                  2000b310    00000078     simplelink.a : cc_pal.obj (.text:spi_Close)
                  2000b388    00000076     driverlib.a : uart.obj (.text:UARTConfigSetExpClk)
                  2000b3fe    00000002     --HOLE-- [fill = 0]
                  2000b400    00000074     simplelink.a : nonos.obj (.text:_SlNonOsMainLoopTask)
                  2000b474    00000070     rtsv7M4_T_le_eabi.lib : memory.c.obj (.text:split)
                  2000b4e4    0000006e                           : _printfi.c.obj (.text:_mcpy)
                  2000b552    00000002     --HOLE-- [fill = 0]
                  2000b554    0000006c     simplelink.a : driver.obj (.text:_SlDrvCmdSend)
                  2000b5c0    0000006c                  : netapp.obj (.text:_sl_NetAppSendTokenValue)
                  2000b62c    00000068     rtsv7M4_T_le_eabi.lib : copy_decompress_lzss.c.obj (.text:decompress:lzss:__TI_decompress_lzss)
                  2000b694    00000064     simplelink.a : nonos.obj (.text:_SlNonOsSpawn)
                  2000b6f8    00000064                  : socket.obj (.text:_sl_HandleAsync_Accept)
                  2000b75c    00000064                  : netapp.obj (.text:sl_NetAppMDNSUnRegisterService)
                  2000b7c0    00000064     driverlib.a : udma.obj (.text:uDMAChannelAttributeDisable)
                  2000b824    00000064                 : udma.obj (.text:uDMAChannelAttributeEnable)
                  2000b888    00000060     simplelink.a : socket.obj (.text:sl_Close)
                  2000b8e8    00000060                  : wlan.obj (.text:sl_WlanProfileDel)
                  2000b948    00000060                  : wlan.obj (.text:sl_WlanSetMode)
                  2000b9a8    0000005c     rtsv7M4_T_le_eabi.lib : s_frexp.c.obj (.text:frexp)
                  2000ba04    00000058     driverlib.a : interrupt.obj (.text:IntPendClear)
                  2000ba5c    00000058                 : prcm.obj (.text:PRCMPeripheralReset)
                  2000bab4    00000058     pinmux.obj (.text)
                  2000bb0c    00000056     rtsv7M4_T_le_eabi.lib : _printfi.c.obj (.text:_pconv_f)
                  2000bb62    00000002     --HOLE-- [fill = 0]
                  2000bb64    00000054     driverlib.a : interrupt.obj (.text:IntPrioritySet)
                  2000bbb8    00000054     simplelink.a : driver.obj (.text:_SlDrvRxIrqHandler)
                  2000bc0c    00000054     rtsv7M4_T_le_eabi.lib : _ltoa.c.obj (.text:__TI_ltoa)
                  2000bc60    00000054     simplelink.a : socket.obj (.text:_sl_HandleAsync_Select)
                  2000bcb4    00000052     rtsv7M4_T_le_eabi.lib : _printfi.c.obj (.text:_ecpy)
                  2000bd06    00000002     --HOLE-- [fill = 0]
                  2000bd08    00000050     simplelink.a : device.obj (.text:_sl_HandleAsync_Stop)
                  2000bd58    0000004c     driverlib.a : spi.obj (.text:SPIIntEnable)
                  2000bda4    0000004c                 : spi.obj (.text:SPIIntNumberGet)
                  2000bdf0    0000004c     simplelink.a : driver.obj (.text:_SlDrvProtectAsyncRespSetting)
                  2000be3c    0000004c                  : socket.obj (.text:_sl_BuildAddress)
                  2000be88    0000004c     rtsv7M4_T_le_eabi.lib : atoi.c.obj (.text:atoi)
                  2000bed4    0000004c     driverlib.a : udma.obj (.text:uDMAChannelAssign)
                  2000bf20    00000048                 : gpio.obj (.text:GPIOGetIntNumber)
                  2000bf68    00000048                 : spi.obj (.text:SPIIntClear)
                  2000bfb0    00000048     simplelink.a : driver.obj (.text:_SlDrvBasicCmd)
                  2000bff8    00000048     rtsv7M4_T_le_eabi.lib : fd_toi_t2.asm.obj (.text)
                  2000c040    00000044     driverlib.a : spi.obj (.text:SPIDmaMaskGet)
                  2000c084    00000044                 : timer.obj (.text:TimerConfigure)
                  2000c0c8    00000044     simplelink.a : driver.obj (.text:_SlDrvHandleHttpServerEvents)
                  2000c10c    00000044                  : driver.obj (.text:_SlDrvSyncObjWaitTimeout)
                  2000c150    00000044     rtsv7M4_T_le_eabi.lib : autoinit.c.obj (.text:__TI_auto_init_nobinit_nopinit:__TI_auto_init_nobinit_nopinit)
                  2000c194    00000044     simplelink.a : cc_pal.obj (.text:cc_SetupTransfer)
                  2000c1d8    00000042                  : socket.obj (.text:sl_Htonl)
                  2000c21a    00000002     --HOLE-- [fill = 0]
                  2000c21c    00000040     driverlib.a : pin.obj (.text:PinModeSet)
                  2000c25c    00000040     simplelink.a : driver.obj (.text:_SlDrvHandleNetAppEvents)
                  2000c29c    00000040                  : driver.obj (.text:_SlDrvHandleWlanEvents)
                  2000c2dc    00000040                  : socket.obj (.text:_sl_TruncatePayloadByProtocol)
                  2000c31c    00000040     rtsv7M4_T_le_eabi.lib : sprintf.c.obj (.text:sprintf)
                  2000c35c    00000040                           : vsnprintf.c.obj (.text:vsnprintf)
                  2000c39c    0000003e     simplelink.a : cc_pal.obj (.text:NwpRegisterInterruptHandler)
                  2000c3da    0000003e     rtsv7M4_T_le_eabi.lib : _printfi.c.obj (.text:_fcpy)
                  2000c418    0000003c     simplelink.a : netapp.obj (.text:CopyPingResultsToReport)
                  2000c454    0000003c     driverlib.a : prcm.obj (.text:PRCMPeripheralClkEnable)
                  2000c490    0000003c     simplelink.a : cc_pal.obj (.text:simplelink_timerA2_start)
                  2000c4cc    0000003c                  : socket.obj (.text:sl_Htons)
                  2000c508    0000003c     driverlib.a : udma.obj (.text:uDMAChannelControlSet)
                  2000c544    00000038     simplelink.a : cc_pal.obj (.text:NwpPowerOff)
                  2000c57c    00000038                  : wlan.obj (.text:sl_WlanDisconnect)
                  2000c5b4    00000036     driverlib.a : gpio.obj (.text:GPIODirModeSet)
                  2000c5ea    00000002     --HOLE-- [fill = 0]
                  2000c5ec    00000034                 : prcm.obj (.text:PRCMPeripheralStatusGet)
                  2000c620    00000034                 : spi.obj (.text:SPIFIFOLevelSet)
                  2000c654    00000030                 : pin.obj (.text:PinTypeGPIO)
                  2000c684    00000030                 : uart.obj (.text:UARTDisable)
                  2000c6b4    00000030     rtsv7M4_T_le_eabi.lib : vsnprintf.c.obj (.text:_outs)
                  2000c6e4    0000002e                           : i_tofd_t2.asm.obj (.text)
                  2000c712    00000002     --HOLE-- [fill = 0]
                  2000c714    0000002c     simplelink.a : cc_pal.obj (.text:NwpPowerOn)
                  2000c740    0000002c     driverlib.a : prcm.obj (.text:PRCMSysResetCauseGet)
                  2000c76c    0000002c     simplelink.a : driver.obj (.text:_SlDrvObjGlobalLockWaitForever)
                  2000c798    0000002c                  : driver.obj (.text:_SlDrvProtectionObjLockWaitForever)
                  2000c7c4    0000002a     driverlib.a : timer.obj (.text:TimerLoadSet)
                  2000c7ee    0000002a                 : timer.obj (.text:TimerPrescaleSet)
                  2000c818    00000028                 : prcm.obj (.text:PRCMPeripheralClkDisable)
                  2000c840    00000028     simplelink.a : driver.obj (.text:_SlDrvGlobalObjUnLock)
                  2000c868    00000028                  : driver.obj (.text:_SlDrvProtectionObjUnLock)
                  2000c890    00000028                  : driver.obj (.text:_SlDrvSyncObjWaitForever)
                  2000c8b8    00000028     rtsv7M4_T_le_eabi.lib : memory.c.obj (.text:free_list_insert)
                  2000c8e0    00000028                           : memmov.c.obj (.text:memmove)
                  2000c908    00000026     simplelink.a : driver.obj (.text:_SlDrvObjLockWaitForever)
                  2000c92e    00000026     network_common.obj (.text)
                  2000c954    00000024     simplelink.a : cc_pal.obj (.text:DmaSpiSwIntHandler)
                  2000c978    00000024     driverlib.a : interrupt.obj (.text:IntUnregister)
                  2000c99c    00000024                 : uart.obj (.text:UARTEnable)
                  2000c9c0    00000024     rtsv7M4_T_le_eabi.lib : boot_cortex_m.c.obj (.text:_c_int00_noargs:_c_int00_noargs)
                  2000c9e4    00000022     driverlib.a : spi.obj (.text:SPIReset)
                  2000ca06    00000022                 : spi.obj (.text:SPIWordCountSet)
                  2000ca28    00000020                 : gpio.obj (.text:GPIOPinWrite)
                  2000ca48    00000020                 : interrupt.obj (.text:IntRegister)
                  2000ca68    00000020     simplelink.a : cc_pal.obj (.text:NwpPrePowerOffTimout0)
                  2000ca88    00000020                  : cc_pal.obj (.text:TimerGetCurrentTimestamp)
                  2000caa8    00000020                  : driver.obj (.text:_SlDrvObjUnLock)
                  2000cac8    00000020                  : driver.obj (.text:_SlDrvSyncObjSignal)
                  2000cae8    0000001e     driverlib.a : gpio.obj (.text:GPIOIntRegister)
                  2000cb06    0000001e                 : timer.obj (.text:TimerEnable)
                  2000cb24    0000001e                 : uart.obj (.text:UARTCharPut)
                  2000cb42    0000001e     simplelink.a : cc_pal.obj (.text:cc_UDMAChannelSelect)
                  2000cb60    0000001c     driverlib.a : timer.obj (.text:TimerValueGet)
                  2000cb7c    0000001c                 : uart.obj (.text:UARTCharGetNonBlocking)
                  2000cb98    0000001c     simplelink.a : driver.obj (.text:_SlDrvStartMeasureTimeout)
                  2000cbb4    0000001c     rtsv7M4_T_le_eabi.lib : copy_zero_init.c.obj (.text:decompress:ZI:__TI_zero_init_nomemset:__TI_zero_init_nomemset)
                  2000cbd0    0000001c                           : memory.c.obj (.text:free_list_remove)
                  2000cbec    0000001c                           : memccpy.c.obj (.text:memccpy)
                  2000cc08    0000001c     driverlib.a : udma.obj (.text:uDMAChannelEnable)
                  2000cc24    0000001a                 : gpio.obj (.text:GPIOIntEnable)
                  2000cc3e    0000001a                 : pin.obj (.text:PinTypeUART)
                  2000cc58    0000001a                 : spi.obj (.text:SPIDmaDisable)
                  2000cc72    0000001a                 : spi.obj (.text:SPIDmaEnable)
                  2000cc8c    0000001a                 : spi.obj (.text:SPIFIFODisable)
                  2000cca6    0000001a                 : spi.obj (.text:SPIFIFOEnable)
                  2000ccc0    0000001a                 : spi.obj (.text:SPIIntUnregister)
                  2000ccda    00000018                 : gpio.obj (.text:GPIOPinRead)
                  2000ccf2    00000018                 : spi.obj (.text:SPICSDisable)
                  2000cd0a    00000018                 : spi.obj (.text:SPICSEnable)
                  2000cd22    00000018                 : spi.obj (.text:SPIDisable)
                  2000cd3a    00000018                 : spi.obj (.text:SPIEnable)
                  2000cd52    00000018                 : uart.obj (.text:UARTCharsAvail)
                  2000cd6a    00000018     simplelink.a : nonos.obj (.text:_SlNonOsSemSet)
                  2000cd82    00000018     rtsv7M4_T_le_eabi.lib : vsnprintf.c.obj (.text:_outc)
                  2000cd9a    00000018                           : sprintf.c.obj (.text:_outs)
                  2000cdb2    00000002     --HOLE-- [fill = 0]
                  2000cdb4    00000018     simplelink.a : device.obj (.text:_sl_GetStartResponseConvert)
                  2000cdcc    00000016     driverlib.a : prcm.obj (.text:PRCMHIBRegRead)
                  2000cde2    00000016                 : prcm.obj (.text:PRCMHIBRegWrite)
                  2000cdf8    00000016     simplelink.a : driver.obj (.text:_SlDrvMemZero)
                  2000ce0e    00000016     rtsv7M4_T_le_eabi.lib : strchr.c.obj (.text:strchr)
                  2000ce24    00000014     driverlib.a : cpu.obj (.text:CPUcpsie)
                  2000ce38    00000014                 : gpio.obj (.text:GPIOIntClear)
                  2000ce4c    00000014                 : interrupt.obj (.text:IntVTableBaseSet)
                  2000ce60    00000014     rtsv7M4_T_le_eabi.lib : strcpy.c.obj (.text:strcpy)
                  2000ce74    00000014                           : strlen.c.obj (.text:strlen)
                  2000ce88    00000012                           : wcslen.c.obj (.text:wcslen)
                  2000ce9a    00000010     simplelink.a : driver.obj (.text:_SlDrvDispatchHttpServerEvents)
                  2000ceaa    0000000e                  : driver.obj (.text:_SlDrvResetCmdExt)
                  2000ceb8    0000000e     rtsv7M4_T_le_eabi.lib : copy_decompress_none.c.obj (.text:decompress:none:__TI_decompress_none)
                  2000cec6    0000000e     startup_ccs.obj (.text)
                  2000ced4    0000000c     simplelink.a : cc_pal.obj (.text:NwpMaskInterrupt)
                  2000cee0    0000000c                  : cc_pal.obj (.text:NwpUnMaskInterrupt)
                  2000ceec    0000000c     rtsv7M4_T_le_eabi.lib : s_copysign.c.obj (.text:copysign)
                  2000cef8    0000000a     driverlib.a : interrupt.obj (.text:IntMasterEnable)
                  2000cf02    0000000a     rtsv7M4_T_le_eabi.lib : sprintf.c.obj (.text:_outc)
                  2000cf0c    00000008                           : errno.c.obj (.text:__aeabi_errno_addr)
                  2000cf14    00000008                           : memory.c.obj (.text:malloc)
                  2000cf1c    00000006     driverlib.a : utils.obj (.text:UtilsDelay)
                  2000cf22    00000004     rtsv7M4_T_le_eabi.lib : pre_init.c.obj (.text:_system_pre_init)
                  2000cf26    00000004                           : exit.c.obj (.text:abort:abort)

.const     0    2000cf2c    000005cc     
                  2000cf2c    00000101     rtsv7M4_T_le_eabi.lib : ctype.c.obj (.const:.string:_ctypes_)
                  2000d02d    00000003     --HOLE-- [fill = 0]
                  2000d030    00000100     driverlib.a : pin.obj (.const:g_ulPinToPadMap)
                  2000d130    000000d4                 : interrupt.obj (.const:g_pulRegs)
                  2000d204    000000a8                 : prcm.obj (.const:PRCM_PeriphRegsList)
                  2000d2ac    0000003c     simplelink.a : driver.obj (.const:OpcodeTranslateTable)
                  2000d2e8    00000038                  : driver.obj (.const:_SlActionLookupTable)
                  2000d320    0000002c     network_utils.obj (.const:$P$T1$2)
                  2000d34c    00000024     driverlib.a : spi.obj (.const:g_ppulSPIIntMap)
                  2000d370    00000022     network_utils.obj (.const:.string:$P$T0$1)
                  2000d392    00000002     --HOLE-- [fill = 0]
                  2000d394    00000020     simplelink.a : driver.obj (.const:RxMsgClassLUT)
                  2000d3b4    00000018     driverlib.a : interrupt.obj (.const:g_pulDisRegs)
                  2000d3cc    00000018                 : interrupt.obj (.const:g_pulEnRegs)
                  2000d3e4    00000018                 : interrupt.obj (.const:g_pulUnpendRegs)
                  2000d3fc    00000018                 : spi.obj (.const:g_ulSPIDmaMaskMap)
                  2000d414    00000014     simplelink.a : driver.obj (.const:$P$T0$1)
                  2000d428    00000014                  : nonos.obj (.const:$P$T0$1)
                  2000d43c    00000014     network_utils.obj (.const:$P$T2$3)
                  2000d450    00000010     simplelink.a : socket.obj (.const:.string:_SlPayloadByProtocolLUT)
                  2000d460    0000000c     network_utils.obj (.const:$P$T4$5)
                  2000d46c    0000000c     network_utils.obj (.const:.string:$P$T3$4)
                  2000d478    00000009     main.obj (.const:.string:$P$T0$1)
                  2000d481    00000008     simplelink.a : device.obj (.const:StartResponseLUT)
                  2000d489    00000003     --HOLE-- [fill = 0]
                  2000d48c    00000008                  : driver.obj (.const:g_H2NCnysPattern)
                  2000d494    00000008                  : driver.obj (.const:g_H2NSyncPattern)
                  2000d49c    00000005     main.obj (.const:.string:$P$T1$2)
                  2000d4a1    00000001     --HOLE-- [fill = 0]
                  2000d4a2    00000004     simplelink.a : wlan.obj (.const:$P$T0$1)
                  2000d4a6    00000004                  : socket.obj (.const:$P$T2$3)
                  2000d4aa    00000004                  : device.obj (.const:_SlDeviceGetCmdCtrl)
                  2000d4ae    00000004                  : device.obj (.const:_SlDeviceSetCmdCtrl)
                  2000d4b2    00000004                  : netapp.obj (.const:_SlGetHostByNameCtrl)
                  2000d4b6    00000004                  : netapp.obj (.const:_SlNetAppSendTokenValueCmdCtrl)
                  2000d4ba    00000004                  : netcfg.obj (.const:_SlNetCfgSetCmdCtrl)
                  2000d4be    00000004                  : wlan.obj (.const:_SlPolicySetCmdCtrl)
                  2000d4c2    00000004                  : wlan.obj (.const:_SlProfileDelCmdCtrl)
                  2000d4c6    00000004                  : socket.obj (.const:_SlRecvCmdCtrl)
                  2000d4ca    00000004                  : netapp.obj (.const:_SlRegisterServiceCtrl)
                  2000d4ce    00000004                  : wlan.obj (.const:_SlRxFilterSetCmdCtrl)
                  2000d4d2    00000004                  : socket.obj (.const:_SlSendCmdCtrl)
                  2000d4d6    00000004                  : socket.obj (.const:_SlSetSockOptCmdCtrl)
                  2000d4da    00000004                  : socket.obj (.const:_SlSockCloseCmdCtrl)
                  2000d4de    00000004                  : socket.obj (.const:_SlSockSocketCmdCtrl)
                  2000d4e2    00000004                  : device.obj (.const:_SlStopCmdCtrl)
                  2000d4e6    00000004                  : wlan.obj (.const:_SlWlanCfgSetCmdCtrl)
                  2000d4ea    00000004                  : wlan.obj (.const:_SlWlanSetModeCmdCtrl)
                  2000d4ee    00000002     --HOLE-- [fill = 0]
                  2000d4f0    00000004                  : driver.obj (.const:httpServer_callbacks)
                  2000d4f4    00000004                  : driver.obj (.const:netApp_callbacks)

.cinit     0    2000d4f8    00000050     
                  2000d4f8    0000002c     (.cinit..data.load) [load image, compression = lzss]
                  2000d524    0000000c     (__TI_handler_table)
                  2000d530    00000008     (.cinit..bss.load) [load image, compression = zero_init]
                  2000d538    00000010     (__TI_cinit_table)

.sysmem    0    20017000    00008000     UNINITIALIZED
                  20017000    00000010     rtsv7M4_T_le_eabi.lib : memory.c.obj (.sysmem)
                  20017010    00007ff0     --HOLE--

.bss       0    2001f000    0000022a     UNINITIALIZED
                  2001f000    00000168     simplelink.a : driver.obj (.bss:g_StatMem)
                  2001f168    00000050     (.common:g_ucDinDout)
                  2001f1b8    0000002c     (.common:g_time)
                  2001f1e4    00000024     (.common:g_ucConnectionSSID)
                  2001f208    00000008     (.common:g_app_config)
                  2001f210    00000008     (.common:g_ucConnectionBSSID)
                  2001f218    00000004     uart_if.obj (.bss)
                  2001f21c    00000004     (.common:g_Host)
                  2001f220    00000004     (.common:g_port)
                  2001f224    00000001     (.common:RxIrqCnt)
                  2001f225    00000001     (.common:g_bDeviceRestartIsRequired)
                  2001f226    00000001     (.common:g_cDummy)
                  2001f227    00000001     (.common:g_ucLED1Pin)
                  2001f228    00000001     (.common:g_ucLED2Pin)
                  2001f229    00000001     (.common:g_ucLED3Pin)

.data      0    2001f22c    0000009c     UNINITIALIZED
                  2001f22c    0000003c     simplelink.a : nonos.obj (.data:g__SlNonOsCB)
                  2001f268    00000014     gpio_if.obj (.data:ulReg)
                  2001f27c    0000000d     simplelink.a : driver.obj (.data)
                  2001f289    00000003     --HOLE--
                  2001f28c    0000000c     gpio_if.obj (.data)
                  2001f298    0000000c     network_utils.obj (.data)
                  2001f2a4    00000009     simplelink.a : cc_pal.obj (.data)
                  2001f2ad    00000003     --HOLE--
                  2001f2b0    00000008     rtsv7M4_T_le_eabi.lib : _lock.c.obj (.data:$O1$$)
                  2001f2b8    00000008                           : memory.c.obj (.data:$O1$$)
                  2001f2c0    00000004                           : errno.c.obj (.data)
                  2001f2c4    00000004     simplelink.a : driver.obj (.data:wlan_callbacks)

.stack     0    2002f000    00001000     UNINITIALIZED
                  2002f000    00000004     rtsv7M4_T_le_eabi.lib : boot_cortex_m.c.obj (.stack)
                  2002f004    00000ffc     --HOLE--

__llvm_prf_cnts 
*          0    20017000    00000000     UNINITIALIZED

MODULE SUMMARY

       Module                       code    ro data   rw data
       ------                       ----    -------   -------
    .\
       main.obj                     1154    14        0      
       startup_ccs.obj              14      1024      0      
       gpio_if.obj                  920     0         35     
       uart_if.obj                  636     0         4      
       pinmux.obj                   88      0         0      
       network_common.obj           38      0         0      
    +--+----------------------------+-------+---------+---------+
       Total:                       2850    1038      39     
                                                             
    .\utils\
       network_utils.obj            3788    122       116    
    +--+----------------------------+-------+---------+---------+
       Total:                       3788    122       116    
                                                             
    C:/Users/standard/ti/ccs1250/cc3200-sdk/driverlib/ccs/Release/driverlib.a
       prcm.obj                     852     168       0      
       interrupt.obj                608     284       0      
       spi.obj                      798     60        0      
       udma.obj                     604     0         0      
       pin.obj                      274     256       0      
       gpio.obj                     388     0         0      
       uart.obj                     284     0         0      
       timer.obj                    210     0         0      
       cpu.obj                      20      0         0      
       utils.obj                    6       0         0      
    +--+----------------------------+-------+---------+---------+
       Total:                       4044    768       0      
                                                             
    C:/Users/standard/ti/ccs1250/cc3200-sdk/simplelink/ccs/NON_OS/simplelink.a
       driver.obj                   7906    192       379    
       cc_pal.obj                   1820    0         90     
       socket.obj                   1830    40        0      
       netapp.obj                   1572    12        0      
       wlan.obj                     1316    24        0      
       device.obj                   1230    20        0      
       nonos.obj                    416     20        60     
       netcfg.obj                   152     4         0      
    +--+----------------------------+-------+---------+---------+
       Total:                       16242   312       529    
                                                             
    C:\Users\standard\ti\ccs1250\ccs\tools\compiler\ti-cgt-arm_20.2.7.LTS\lib\rtsv7M4_T_le_eabi.lib
       _printfi.c.obj               4835    0         0      
       memory.c.obj                 900     0         8      
       fd_add_t2.asm.obj            438     0         0      
       fd_div_t2.asm.obj            310     0         0      
       fd_cmp_t2.asm.obj            268     0         0      
       ctype.c.obj                  0       257       0      
       fd_mul_t2.asm.obj            252     0         0      
       s_scalbn.c.obj               208     0         0      
       memcpy_t2.asm.obj            156     0         0      
       ull_div_t2.asm.obj           150     0         0      
       vsnprintf.c.obj              136     0         0      
       memset_t2.asm.obj            122     0         0      
       copy_decompress_lzss.c.obj   104     0         0      
       sprintf.c.obj                98      0         0      
       s_frexp.c.obj                92      0         0      
       _ltoa.c.obj                  84      0         0      
       atoi.c.obj                   76      0         0      
       fd_toi_t2.asm.obj            72      0         0      
       autoinit.c.obj               68      0         0      
       i_tofd_t2.asm.obj            46      0         0      
       memmov.c.obj                 40      0         0      
       boot_cortex_m.c.obj          36      0         0      
       copy_zero_init.c.obj         28      0         0      
       memccpy.c.obj                28      0         0      
       strchr.c.obj                 22      0         0      
       strcpy.c.obj                 20      0         0      
       strlen.c.obj                 20      0         0      
       wcslen.c.obj                 18      0         0      
       copy_decompress_none.c.obj   14      0         0      
       errno.c.obj                  8       0         4      
       s_copysign.c.obj             12      0         0      
       _lock.c.obj                  2       0         8      
       exit.c.obj                   4       0         0      
       pre_init.c.obj               4       0         0      
       div0.asm.obj                 2       0         0      
    +--+----------------------------+-------+---------+---------+
       Total:                       8673    257       20     
                                                             
       Heap:                        0       0         32768  
       Stack:                       0       0         4096   
       Linker Generated:            0       80        0      
    +--+----------------------------+-------+---------+---------+
       Grand Total:                 35597   2577      37568  


LINKER GENERATED COPY TABLES

__TI_cinit_table @ 2000d538 records: 2, size/record: 8, table size: 16
	.data: load addr=2000d4f8, load size=0000002c bytes, run addr=2001f22c, run size=0000009c bytes, compression=lzss
	.bss: load addr=2000d530, load size=00000008 bytes, run addr=2001f000, run size=0000022a bytes, compression=zero_init


LINKER GENERATED HANDLER TABLE

__TI_handler_table @ 2000d524 records: 3, size/record: 4, table size: 12
	index: 0, handler: __TI_decompress_lzss
	index: 1, handler: __TI_decompress_none
	index: 2, handler: __TI_zero_init


GLOBAL SYMBOLS: SORTED ALPHABETICALLY BY Name 

address   name                                  
-------   ----                                  
2000cf27  C$$EXIT                               
2000ce25  CPUcpsie                              
20006d89  ClearTerm                             
2000c955  DmaSpiSwIntHandler                    
20006d93  Error                                 
2000c5b5  GPIODirModeSet                        
2000ce39  GPIOIntClear                          
2000cc25  GPIOIntEnable                         
2000cae9  GPIOIntRegister                       
2000b091  GPIOIntTypeSet                        
2000ccdb  GPIOPinRead                           
2000ca29  GPIOPinWrite                          
200069f1  GPIO_IF_ConfigureNIntEnable           
20006a7d  GPIO_IF_Get                           
200069ab  GPIO_IF_GetPortNPin                   
2000676d  GPIO_IF_LedConfigure                  
2000685f  GPIO_IF_LedOff                        
200067ab  GPIO_IF_LedOn                         
20006913  GPIO_IF_LedStatus                     
2000697d  GPIO_IF_LedToggle                     
20006a39  GPIO_IF_Set                           
20006dcb  GetCmd                                
20006d49  InitTerm                              
2000a17d  IntDisable                            
2000a225  IntEnable                             
2000cef9  IntMasterEnable                       
2000ba05  IntPendClear                          
2000bb65  IntPrioritySet                        
2000ca49  IntRegister                           
2000c979  IntUnregister                         
2000ce4d  IntVTableBaseSet                      
20006d67  Message                               
2000ced5  NwpMaskInterrupt                      
2000c545  NwpPowerOff                           
2000c715  NwpPowerOn                            
2000ca69  NwpPrePowerOffTimout0                 
2000c39d  NwpRegisterInterruptHandler           
2000cee1  NwpUnMaskInterrupt                    
2000d2ac  OpcodeTranslateTable                  
20008219  PRCMCC3200MCUInit                     
2000cdcd  PRCMHIBRegRead                        
2000cde3  PRCMHIBRegWrite                       
2000c819  PRCMPeripheralClkDisable              
2000c455  PRCMPeripheralClkEnable               
2000a979  PRCMPeripheralClockGet                
2000ba5d  PRCMPeripheralReset                   
2000c5ed  PRCMPeripheralStatusGet               
2000c741  PRCMSysResetCauseGet                  
2000ae79  PinConfigSet                          
2000c21d  PinModeSet                            
2000bab5  PinMuxConfig                          
2000c655  PinTypeGPIO                           
2000cc3f  PinTypeUART                           
20006f09  Report                                
2000cec7  ResetISR                              
2001f224  RxIrqCnt                              
2000ccf3  SPICSDisable                          
2000cd0b  SPICSEnable                           
2000a371  SPIConfigSetExpClk                    
2000cd23  SPIDisable                            
2000cc59  SPIDmaDisable                         
2000cc73  SPIDmaEnable                          
2000cd3b  SPIEnable                             
2000cc8d  SPIFIFODisable                        
2000cca7  SPIFIFOEnable                         
2000c621  SPIFIFOLevelSet                       
2000bf69  SPIIntClear                           
2000bd59  SPIIntEnable                          
2000ccc1  SPIIntUnregister                      
2000c9e5  SPIReset                              
2000ca07  SPIWordCountSet                       
200045d5  SimpleLinkGeneralEventHandler         
200045b1  SimpleLinkHttpServerCallback          
2000450f  SimpleLinkNetAppEventHandler          
200045f5  SimpleLinkSockEventHandler            
20004401  SimpleLinkWlanEventHandler            
2000c085  TimerConfigure                        
2000cb07  TimerEnable                           
2000ca89  TimerGetCurrentTimestamp              
2000c7c5  TimerLoadSet                          
2000c7ef  TimerPrescaleSet                      
2000cb61  TimerValueGet                         
20006e71  TrimSpace                             
2000cb7d  UARTCharGetNonBlocking                
2000cb25  UARTCharPut                           
2000cd53  UARTCharsAvail                        
2000b389  UARTConfigSetExpClk                   
2000c685  UARTDisable                           
2000c99d  UARTEnable                            
2000cf1d  UtilsDelay                            
2000d2e8  _SlActionLookupTable                  
2000a2cd  _SlDriverHandleError                  
2000bfb1  _SlDrvBasicCmd                        
20009f59  _SlDrvCmdOp                           
2000b555  _SlDrvCmdSend                         
20007475  _SlDrvDataReadOp                      
20008501  _SlDrvDataWriteOp                     
2000a54d  _SlDrvDeviceEventHandler              
2000ce9b  _SlDrvDispatchHttpServerEvents        
20008dc9  _SlDrvDriverCBDeinit                  
20007bad  _SlDrvDriverCBInit                    
2000c841  _SlDrvGlobalObjUnLock                 
2000c0c9  _SlDrvHandleHttpServerEvents          
2000c25d  _SlDrvHandleNetAppEvents              
2000c29d  _SlDrvHandleWlanEvents                
2000acd5  _SlDrvIsTimeoutExpired                
2000cdf9  _SlDrvMemZero                         
200097bd  _SlDrvMsgReadSpawnCtx                 
20009019  _SlDrvNetAppEventHandler              
2000c909  _SlDrvObjLockWaitForever              
2000caa9  _SlDrvObjUnLock                       
2000bdf1  _SlDrvProtectAsyncRespSetting         
2000c799  _SlDrvProtectionObjLockWaitForever    
2000c869  _SlDrvProtectionObjUnLock             
20007659  _SlDrvReleasePoolObj                  
2000ceab  _SlDrvResetCmdExt                     
2000bbb9  _SlDrvRxIrqHandler                    
2000cb99  _SlDrvStartMeasureTimeout             
2000cac9  _SlDrvSyncObjSignal                   
2000c891  _SlDrvSyncObjWaitForever              
2000c10d  _SlDrvSyncObjWaitTimeout              
20007efd  _SlDrvWaitForPoolObj                  
2000d4b6  _SlNetAppSendTokenValueCmdCtrl        
2000b401  _SlNonOsMainLoopTask                  
2000a0cd  _SlNonOsSemGet                        
2000cd6b  _SlNonOsSemSet                        
2000b695  _SlNonOsSpawn                         
20030000  __STACK_END                           
00001000  __STACK_SIZE                          
00008000  __SYSMEM_SIZE                         
2000d538  __TI_CINIT_Base                       
2000d548  __TI_CINIT_Limit                      
2000d524  __TI_Handler_Table_Base               
2000d530  __TI_Handler_Table_Limit              
2000c151  __TI_auto_init_nobinit_nopinit        
2000b62d  __TI_decompress_lzss                  
2000ceb9  __TI_decompress_none                  
2000bc0d  __TI_ltoa                             
ffffffff  __TI_pprof_out_hndl                   
200052cd  __TI_printfi                          
ffffffff  __TI_prof_data_size                   
ffffffff  __TI_prof_data_start                  
2000d4f8  __TI_static_base__                    
2000cbb5  __TI_zero_init_nomemset               
2000af01  __aeabi_cdcmpeq                       
2000af01  __aeabi_cdcmple                       
2000af87  __aeabi_cdrcmple                      
2000bff9  __aeabi_d2iz                          
200079ff  __aeabi_dadd                          
20008b5d  __aeabi_ddiv                          
2000921d  __aeabi_dmul                          
200079f5  __aeabi_dsub                          
2000cf0d  __aeabi_errno_addr                    
2000c6e5  __aeabi_i2d                           
20007bab  __aeabi_idiv0                         
20007bab  __aeabi_ldiv0                         
2000b295  __aeabi_memclr                        
2000b295  __aeabi_memclr4                       
2000b295  __aeabi_memclr8                       
2000a4b1  __aeabi_memcpy                        
2000a4b1  __aeabi_memcpy4                       
2000a4b1  __aeabi_memcpy8                       
2000b297  __aeabi_memset                        
2000b297  __aeabi_memset4                       
2000b297  __aeabi_memset8                       
2000a8e1  __aeabi_uldivmod                      
ffffffff  __binit__                             
ffffffff  __c_args__                            
UNDEFED   __mpu_init                            
2002f000  __stack                               
20017000  __start___llvm_prf_cnts               
20017000  __stop___llvm_prf_cnts                
2000c9c1  _c_int00_noargs                       
2000cf2c  _ctypes_                              
2001f2b0  _lock                                 
2000672f  _nop                                  
2000b6f9  _sl_HandleAsync_Accept                
2000b115  _sl_HandleAsync_Connect               
2000aa0d  _sl_HandleAsync_DnsGetHostByName      
20009cfd  _sl_HandleAsync_DnsGetHostByService   
2000ad61  _sl_HandleAsync_InitComplete          
2000aa9d  _sl_HandleAsync_PingResponse          
2000bc61  _sl_HandleAsync_Select                
2000bd09  _sl_HandleAsync_Stop                  
2000b5c1  _sl_NetAppSendTokenValue              
20017000  _sys_memory                           
UNDEFED   _system_post_cinit                    
2000cf23  _system_pre_init                      
2001f2b4  _unlock                               
2000cf27  abort                                 
2000911d  aligned_alloc                         
2000be89  atoi                                  
ffffffff  binit                                 
20004fa5  connectToAccessPoint                  
2000ceed  copysign                              
2000ceed  copysignl                             
2001f2c0  errno                                 
200098a5  free                                  
2000b9a9  frexp                                 
2000b9a9  frexpl                                
2001f21c  g_Host                                
2001f27c  g_SlDeviceStatus                      
2001f2a4  g_SpiFd                               
2001f22c  g__SlNonOsCB                          
2001f208  g_app_config                          
2001f225  g_bDeviceRestartIsRequired            
2001f226  g_cDummy                              
2001f280  g_pCB                                 
2001f2a8  g_pHostIntHdl                         
20004000  g_pfnVectors                          
2001f220  g_port                                
2001f1b8  g_time                                
2001f210  g_ucConnectionBSSID                   
2001f1e4  g_ucConnectionSSID                    
2001f2ac  g_ucDMAEnabled                        
2001f168  g_ucDinDout                           
2001f227  g_ucLED1Pin                           
2001f228  g_ucLED2Pin                           
2001f229  g_ucLED3Pin                           
2001f28c  g_uiLED1Port                          
2001f290  g_uiLED2Port                          
2001f294  g_uiLED3Port                          
2001f2a0  g_ulGatewayIP                         
2001f29c  g_ulPingPacketsRecv                   
2001f298  g_ulStatus                            
20009c2d  ldexp                                 
20009c2d  ldexpl                                
20006315  main                                  
2000cf15  malloc                                
2000911d  memalign                              
2000cbed  memccpy                               
2000a4b1  memcpy                                
2000c8e1  memmove                               
2000b29d  memset                                
2001f284  pPingCallBackFunc                     
20009989  realloc                               
20009c2d  scalbn                                
20009c2d  scalbnl                               
2000c491  simplelink_timerA2_start              
2000b889  sl_Close                              
2000808d  sl_Connect                            
20009dc9  sl_DevGet                             
2000a5e9  sl_DevSet                             
2000c1d9  sl_Htonl                              
2000c4cd  sl_Htons                              
200088dd  sl_NetAppDnsGetHostByName             
20009a6d  sl_NetAppMDNSRegisterUnregisterService
2000b75d  sl_NetAppMDNSUnRegisterService        
2000a681  sl_NetCfgSet                          
2000c92f  sl_Provisioning_HttpServerEventHdl    
2000c93d  sl_Provisioning_NetAppEventHdl        
2000c949  sl_Provisioning_WlanEventHdl          
2000a411  sl_Recv                               
20008c95  sl_Send                               
2000a719  sl_SetSockOpt                         
2000aded  sl_Socket                             
200095e9  sl_Start                              
20009319  sl_Stop                               
20006ac9  sl_WlanConnect                        
2000c57d  sl_WlanDisconnect                     
2000ab2d  sl_WlanPolicySet                      
2000b8e9  sl_WlanProfileDel                     
2000b00d  sl_WlanRxFilterSet                    
2000a7b1  sl_WlanSet                            
2000b949  sl_WlanSetMode                        
2000b311  spi_Close                             
20008651  spi_Open                              
20009409  spi_Read                              
2000a849  spi_Write                             
2000c31d  sprintf                               
2000ce0f  strchr                                
2000ce61  strcpy                                
2000ce75  strlen                                
20004dc5  tls_connect                           
2000bed5  uDMAChannelAssign                     
2000b7c1  uDMAChannelAttributeDisable           
2000b825  uDMAChannelAttributeEnable            
2000c509  uDMAChannelControlSet                 
2000cc09  uDMAChannelEnable                     
200094f9  uDMAChannelTransferSet                
2000c35d  vsnprintf                             
2000ce89  wcslen                                


GLOBAL SYMBOLS: SORTED BY Symbol Address 

address   name                                  
-------   ----                                  
00001000  __STACK_SIZE                          
00008000  __SYSMEM_SIZE                         
20004000  g_pfnVectors                          
20004401  SimpleLinkWlanEventHandler            
2000450f  SimpleLinkNetAppEventHandler          
200045b1  SimpleLinkHttpServerCallback          
200045d5  SimpleLinkGeneralEventHandler         
200045f5  SimpleLinkSockEventHandler            
20004dc5  tls_connect                           
20004fa5  connectToAccessPoint                  
200052cd  __TI_printfi                          
20006315  main                                  
2000672f  _nop                                  
2000676d  GPIO_IF_LedConfigure                  
200067ab  GPIO_IF_LedOn                         
2000685f  GPIO_IF_LedOff                        
20006913  GPIO_IF_LedStatus                     
2000697d  GPIO_IF_LedToggle                     
200069ab  GPIO_IF_GetPortNPin                   
200069f1  GPIO_IF_ConfigureNIntEnable           
20006a39  GPIO_IF_Set                           
20006a7d  GPIO_IF_Get                           
20006ac9  sl_WlanConnect                        
20006d49  InitTerm                              
20006d67  Message                               
20006d89  ClearTerm                             
20006d93  Error                                 
20006dcb  GetCmd                                
20006e71  TrimSpace                             
20006f09  Report                                
20007475  _SlDrvDataReadOp                      
20007659  _SlDrvReleasePoolObj                  
200079f5  __aeabi_dsub                          
200079ff  __aeabi_dadd                          
20007bab  __aeabi_idiv0                         
20007bab  __aeabi_ldiv0                         
20007bad  _SlDrvDriverCBInit                    
20007efd  _SlDrvWaitForPoolObj                  
2000808d  sl_Connect                            
20008219  PRCMCC3200MCUInit                     
20008501  _SlDrvDataWriteOp                     
20008651  spi_Open                              
200088dd  sl_NetAppDnsGetHostByName             
20008b5d  __aeabi_ddiv                          
20008c95  sl_Send                               
20008dc9  _SlDrvDriverCBDeinit                  
20009019  _SlDrvNetAppEventHandler              
2000911d  aligned_alloc                         
2000911d  memalign                              
2000921d  __aeabi_dmul                          
20009319  sl_Stop                               
20009409  spi_Read                              
200094f9  uDMAChannelTransferSet                
200095e9  sl_Start                              
200097bd  _SlDrvMsgReadSpawnCtx                 
200098a5  free                                  
20009989  realloc                               
20009a6d  sl_NetAppMDNSRegisterUnregisterService
20009c2d  ldexp                                 
20009c2d  ldexpl                                
20009c2d  scalbn                                
20009c2d  scalbnl                               
20009cfd  _sl_HandleAsync_DnsGetHostByService   
20009dc9  sl_DevGet                             
20009f59  _SlDrvCmdOp                           
2000a0cd  _SlNonOsSemGet                        
2000a17d  IntDisable                            
2000a225  IntEnable                             
2000a2cd  _SlDriverHandleError                  
2000a371  SPIConfigSetExpClk                    
2000a411  sl_Recv                               
2000a4b1  __aeabi_memcpy                        
2000a4b1  __aeabi_memcpy4                       
2000a4b1  __aeabi_memcpy8                       
2000a4b1  memcpy                                
2000a54d  _SlDrvDeviceEventHandler              
2000a5e9  sl_DevSet                             
2000a681  sl_NetCfgSet                          
2000a719  sl_SetSockOpt                         
2000a7b1  sl_WlanSet                            
2000a849  spi_Write                             
2000a8e1  __aeabi_uldivmod                      
2000a979  PRCMPeripheralClockGet                
2000aa0d  _sl_HandleAsync_DnsGetHostByName      
2000aa9d  _sl_HandleAsync_PingResponse          
2000ab2d  sl_WlanPolicySet                      
2000acd5  _SlDrvIsTimeoutExpired                
2000ad61  _sl_HandleAsync_InitComplete          
2000aded  sl_Socket                             
2000ae79  PinConfigSet                          
2000af01  __aeabi_cdcmpeq                       
2000af01  __aeabi_cdcmple                       
2000af87  __aeabi_cdrcmple                      
2000b00d  sl_WlanRxFilterSet                    
2000b091  GPIOIntTypeSet                        
2000b115  _sl_HandleAsync_Connect               
2000b295  __aeabi_memclr                        
2000b295  __aeabi_memclr4                       
2000b295  __aeabi_memclr8                       
2000b297  __aeabi_memset                        
2000b297  __aeabi_memset4                       
2000b297  __aeabi_memset8                       
2000b29d  memset                                
2000b311  spi_Close                             
2000b389  UARTConfigSetExpClk                   
2000b401  _SlNonOsMainLoopTask                  
2000b555  _SlDrvCmdSend                         
2000b5c1  _sl_NetAppSendTokenValue              
2000b62d  __TI_decompress_lzss                  
2000b695  _SlNonOsSpawn                         
2000b6f9  _sl_HandleAsync_Accept                
2000b75d  sl_NetAppMDNSUnRegisterService        
2000b7c1  uDMAChannelAttributeDisable           
2000b825  uDMAChannelAttributeEnable            
2000b889  sl_Close                              
2000b8e9  sl_WlanProfileDel                     
2000b949  sl_WlanSetMode                        
2000b9a9  frexp                                 
2000b9a9  frexpl                                
2000ba05  IntPendClear                          
2000ba5d  PRCMPeripheralReset                   
2000bab5  PinMuxConfig                          
2000bb65  IntPrioritySet                        
2000bbb9  _SlDrvRxIrqHandler                    
2000bc0d  __TI_ltoa                             
2000bc61  _sl_HandleAsync_Select                
2000bd09  _sl_HandleAsync_Stop                  
2000bd59  SPIIntEnable                          
2000bdf1  _SlDrvProtectAsyncRespSetting         
2000be89  atoi                                  
2000bed5  uDMAChannelAssign                     
2000bf69  SPIIntClear                           
2000bfb1  _SlDrvBasicCmd                        
2000bff9  __aeabi_d2iz                          
2000c085  TimerConfigure                        
2000c0c9  _SlDrvHandleHttpServerEvents          
2000c10d  _SlDrvSyncObjWaitTimeout              
2000c151  __TI_auto_init_nobinit_nopinit        
2000c1d9  sl_Htonl                              
2000c21d  PinModeSet                            
2000c25d  _SlDrvHandleNetAppEvents              
2000c29d  _SlDrvHandleWlanEvents                
2000c31d  sprintf                               
2000c35d  vsnprintf                             
2000c39d  NwpRegisterInterruptHandler           
2000c455  PRCMPeripheralClkEnable               
2000c491  simplelink_timerA2_start              
2000c4cd  sl_Htons                              
2000c509  uDMAChannelControlSet                 
2000c545  NwpPowerOff                           
2000c57d  sl_WlanDisconnect                     
2000c5b5  GPIODirModeSet                        
2000c5ed  PRCMPeripheralStatusGet               
2000c621  SPIFIFOLevelSet                       
2000c655  PinTypeGPIO                           
2000c685  UARTDisable                           
2000c6e5  __aeabi_i2d                           
2000c715  NwpPowerOn                            
2000c741  PRCMSysResetCauseGet                  
2000c799  _SlDrvProtectionObjLockWaitForever    
2000c7c5  TimerLoadSet                          
2000c7ef  TimerPrescaleSet                      
2000c819  PRCMPeripheralClkDisable              
2000c841  _SlDrvGlobalObjUnLock                 
2000c869  _SlDrvProtectionObjUnLock             
2000c891  _SlDrvSyncObjWaitForever              
2000c8e1  memmove                               
2000c909  _SlDrvObjLockWaitForever              
2000c92f  sl_Provisioning_HttpServerEventHdl    
2000c93d  sl_Provisioning_NetAppEventHdl        
2000c949  sl_Provisioning_WlanEventHdl          
2000c955  DmaSpiSwIntHandler                    
2000c979  IntUnregister                         
2000c99d  UARTEnable                            
2000c9c1  _c_int00_noargs                       
2000c9e5  SPIReset                              
2000ca07  SPIWordCountSet                       
2000ca29  GPIOPinWrite                          
2000ca49  IntRegister                           
2000ca69  NwpPrePowerOffTimout0                 
2000ca89  TimerGetCurrentTimestamp              
2000caa9  _SlDrvObjUnLock                       
2000cac9  _SlDrvSyncObjSignal                   
2000cae9  GPIOIntRegister                       
2000cb07  TimerEnable                           
2000cb25  UARTCharPut                           
2000cb61  TimerValueGet                         
2000cb7d  UARTCharGetNonBlocking                
2000cb99  _SlDrvStartMeasureTimeout             
2000cbb5  __TI_zero_init_nomemset               
2000cbed  memccpy                               
2000cc09  uDMAChannelEnable                     
2000cc25  GPIOIntEnable                         
2000cc3f  PinTypeUART                           
2000cc59  SPIDmaDisable                         
2000cc73  SPIDmaEnable                          
2000cc8d  SPIFIFODisable                        
2000cca7  SPIFIFOEnable                         
2000ccc1  SPIIntUnregister                      
2000ccdb  GPIOPinRead                           
2000ccf3  SPICSDisable                          
2000cd0b  SPICSEnable                           
2000cd23  SPIDisable                            
2000cd3b  SPIEnable                             
2000cd53  UARTCharsAvail                        
2000cd6b  _SlNonOsSemSet                        
2000cdcd  PRCMHIBRegRead                        
2000cde3  PRCMHIBRegWrite                       
2000cdf9  _SlDrvMemZero                         
2000ce0f  strchr                                
2000ce25  CPUcpsie                              
2000ce39  GPIOIntClear                          
2000ce4d  IntVTableBaseSet                      
2000ce61  strcpy                                
2000ce75  strlen                                
2000ce89  wcslen                                
2000ce9b  _SlDrvDispatchHttpServerEvents        
2000ceab  _SlDrvResetCmdExt                     
2000ceb9  __TI_decompress_none                  
2000cec7  ResetISR                              
2000ced5  NwpMaskInterrupt                      
2000cee1  NwpUnMaskInterrupt                    
2000ceed  copysign                              
2000ceed  copysignl                             
2000cef9  IntMasterEnable                       
2000cf0d  __aeabi_errno_addr                    
2000cf15  malloc                                
2000cf1d  UtilsDelay                            
2000cf23  _system_pre_init                      
2000cf27  C$$EXIT                               
2000cf27  abort                                 
2000cf2c  _ctypes_                              
2000d2ac  OpcodeTranslateTable                  
2000d2e8  _SlActionLookupTable                  
2000d4b6  _SlNetAppSendTokenValueCmdCtrl        
2000d4f8  __TI_static_base__                    
2000d524  __TI_Handler_Table_Base               
2000d530  __TI_Handler_Table_Limit              
2000d538  __TI_CINIT_Base                       
2000d548  __TI_CINIT_Limit                      
20017000  __start___llvm_prf_cnts               
20017000  __stop___llvm_prf_cnts                
20017000  _sys_memory                           
2001f168  g_ucDinDout                           
2001f1b8  g_time                                
2001f1e4  g_ucConnectionSSID                    
2001f208  g_app_config                          
2001f210  g_ucConnectionBSSID                   
2001f21c  g_Host                                
2001f220  g_port                                
2001f224  RxIrqCnt                              
2001f225  g_bDeviceRestartIsRequired            
2001f226  g_cDummy                              
2001f227  g_ucLED1Pin                           
2001f228  g_ucLED2Pin                           
2001f229  g_ucLED3Pin                           
2001f22c  g__SlNonOsCB                          
2001f27c  g_SlDeviceStatus                      
2001f280  g_pCB                                 
2001f284  pPingCallBackFunc                     
2001f28c  g_uiLED1Port                          
2001f290  g_uiLED2Port                          
2001f294  g_uiLED3Port                          
2001f298  g_ulStatus                            
2001f29c  g_ulPingPacketsRecv                   
2001f2a0  g_ulGatewayIP                         
2001f2a4  g_SpiFd                               
2001f2a8  g_pHostIntHdl                         
2001f2ac  g_ucDMAEnabled                        
2001f2b0  _lock                                 
2001f2b4  _unlock                               
2001f2c0  errno                                 
2002f000  __stack                               
20030000  __STACK_END                           
ffffffff  __TI_pprof_out_hndl                   
ffffffff  __TI_prof_data_size                   
ffffffff  __TI_prof_data_start                  
ffffffff  __binit__                             
ffffffff  __c_args__                            
ffffffff  binit                                 
UNDEFED   __mpu_init                            
UNDEFED   _system_post_cinit                    

[282 symbols]
