<?xml version="1.0" encoding="ISO-8859-1" ?>
<link_info>
   <banner>TI ARM Linker PC v20.2.7.LTS</banner>
   <copyright>Copyright (c) 1996-2018 Texas Instruments Incorporated</copyright>
   <link_time>0x682c1788</link_time>
   <link_errors>0x0</link_errors>
   <output_file>aws-rest-api-ssl-demo.out</output_file>
   <entry_point>
      <name>_c_int00_noargs</name>
      <address>0x2000c9b5</address>
   </entry_point>
   <input_file_list>
      <input_file id="fl-2">
         <path>.\</path>
         <kind>object</kind>
         <file>gpio_if.obj</file>
         <name>gpio_if.obj</name>
      </input_file>
      <input_file id="fl-3">
         <path>.\</path>
         <kind>object</kind>
         <file>main.obj</file>
         <name>main.obj</name>
      </input_file>
      <input_file id="fl-4">
         <path>.\</path>
         <kind>object</kind>
         <file>network_common.obj</file>
         <name>network_common.obj</name>
      </input_file>
      <input_file id="fl-5">
         <path>.\</path>
         <kind>object</kind>
         <file>pinmux.obj</file>
         <name>pinmux.obj</name>
      </input_file>
      <input_file id="fl-6">
         <path>.\</path>
         <kind>object</kind>
         <file>startup_ccs.obj</file>
         <name>startup_ccs.obj</name>
      </input_file>
      <input_file id="fl-7">
         <path>.\</path>
         <kind>object</kind>
         <file>uart_if.obj</file>
         <name>uart_if.obj</name>
      </input_file>
      <input_file id="fl-8">
         <path>.\utils\</path>
         <kind>object</kind>
         <file>network_utils.obj</file>
         <name>network_utils.obj</name>
      </input_file>
      <input_file id="fl-e">
         <kind>object</kind>
         <file>&lt;internal&gt;</file>
         <name>&lt;internal&gt;</name>
      </input_file>
      <input_file id="fl-c4">
         <path>C:\Users\standard\ti\ccs1250\ccs\tools\compiler\ti-cgt-arm_20.2.7.LTS\lib\</path>
         <kind>archive</kind>
         <file>rtsv7M4_T_le_eabi.lib</file>
         <name>sprintf.c.obj</name>
      </input_file>
      <input_file id="fl-c5">
         <path>C:\Users\standard\ti\ccs1250\ccs\tools\compiler\ti-cgt-arm_20.2.7.LTS\lib\</path>
         <kind>archive</kind>
         <file>rtsv7M4_T_le_eabi.lib</file>
         <name>vsnprintf.c.obj</name>
      </input_file>
      <input_file id="fl-c6">
         <path>C:\Users\standard\ti\ccs1250\ccs\tools\compiler\ti-cgt-arm_20.2.7.LTS\lib\</path>
         <kind>archive</kind>
         <file>rtsv7M4_T_le_eabi.lib</file>
         <name>memcpy_t2.asm.obj</name>
      </input_file>
      <input_file id="fl-c7">
         <path>C:\Users\standard\ti\ccs1250\ccs\tools\compiler\ti-cgt-arm_20.2.7.LTS\lib\</path>
         <kind>archive</kind>
         <file>rtsv7M4_T_le_eabi.lib</file>
         <name>memset_t2.asm.obj</name>
      </input_file>
      <input_file id="fl-c8">
         <path>C:\Users\standard\ti\ccs1250\ccs\tools\compiler\ti-cgt-arm_20.2.7.LTS\lib\</path>
         <kind>archive</kind>
         <file>rtsv7M4_T_le_eabi.lib</file>
         <name>copy_zero_init.c.obj</name>
      </input_file>
      <input_file id="fl-c9">
         <path>C:\Users\standard\ti\ccs1250\ccs\tools\compiler\ti-cgt-arm_20.2.7.LTS\lib\</path>
         <kind>archive</kind>
         <file>rtsv7M4_T_le_eabi.lib</file>
         <name>copy_decompress_none.c.obj</name>
      </input_file>
      <input_file id="fl-ca">
         <path>C:\Users\standard\ti\ccs1250\ccs\tools\compiler\ti-cgt-arm_20.2.7.LTS\lib\</path>
         <kind>archive</kind>
         <file>rtsv7M4_T_le_eabi.lib</file>
         <name>copy_decompress_lzss.c.obj</name>
      </input_file>
      <input_file id="fl-cb">
         <path>C:\Users\standard\ti\ccs1250\ccs\tools\compiler\ti-cgt-arm_20.2.7.LTS\lib\</path>
         <kind>archive</kind>
         <file>rtsv7M4_T_le_eabi.lib</file>
         <name>memmov.c.obj</name>
      </input_file>
      <input_file id="fl-cc">
         <path>C:\Users\standard\ti\ccs1250\ccs\tools\compiler\ti-cgt-arm_20.2.7.LTS\lib\</path>
         <kind>archive</kind>
         <file>rtsv7M4_T_le_eabi.lib</file>
         <name>memory.c.obj</name>
      </input_file>
      <input_file id="fl-cd">
         <path>C:\Users\standard\ti\ccs1250\ccs\tools\compiler\ti-cgt-arm_20.2.7.LTS\lib\</path>
         <kind>archive</kind>
         <file>rtsv7M4_T_le_eabi.lib</file>
         <name>strcpy.c.obj</name>
      </input_file>
      <input_file id="fl-ce">
         <path>C:\Users\standard\ti\ccs1250\ccs\tools\compiler\ti-cgt-arm_20.2.7.LTS\lib\</path>
         <kind>archive</kind>
         <file>rtsv7M4_T_le_eabi.lib</file>
         <name>strlen.c.obj</name>
      </input_file>
      <input_file id="fl-cf">
         <path>C:\Users\standard\ti\ccs1250\ccs\tools\compiler\ti-cgt-arm_20.2.7.LTS\lib\</path>
         <kind>archive</kind>
         <file>rtsv7M4_T_le_eabi.lib</file>
         <name>boot_cortex_m.c.obj</name>
      </input_file>
      <input_file id="fl-d0">
         <path>C:\Users\standard\ti\ccs1250\ccs\tools\compiler\ti-cgt-arm_20.2.7.LTS\lib\</path>
         <kind>archive</kind>
         <file>rtsv7M4_T_le_eabi.lib</file>
         <name>_printfi.c.obj</name>
      </input_file>
      <input_file id="fl-d1">
         <path>C:\Users\standard\ti\ccs1250\ccs\tools\compiler\ti-cgt-arm_20.2.7.LTS\lib\</path>
         <kind>archive</kind>
         <file>rtsv7M4_T_le_eabi.lib</file>
         <name>fd_add_t2.asm.obj</name>
      </input_file>
      <input_file id="fl-d2">
         <path>C:\Users\standard\ti\ccs1250\ccs\tools\compiler\ti-cgt-arm_20.2.7.LTS\lib\</path>
         <kind>archive</kind>
         <file>rtsv7M4_T_le_eabi.lib</file>
         <name>fd_cmp_t2.asm.obj</name>
      </input_file>
      <input_file id="fl-d3">
         <path>C:\Users\standard\ti\ccs1250\ccs\tools\compiler\ti-cgt-arm_20.2.7.LTS\lib\</path>
         <kind>archive</kind>
         <file>rtsv7M4_T_le_eabi.lib</file>
         <name>fd_div_t2.asm.obj</name>
      </input_file>
      <input_file id="fl-d4">
         <path>C:\Users\standard\ti\ccs1250\ccs\tools\compiler\ti-cgt-arm_20.2.7.LTS\lib\</path>
         <kind>archive</kind>
         <file>rtsv7M4_T_le_eabi.lib</file>
         <name>fd_mul_t2.asm.obj</name>
      </input_file>
      <input_file id="fl-d5">
         <path>C:\Users\standard\ti\ccs1250\ccs\tools\compiler\ti-cgt-arm_20.2.7.LTS\lib\</path>
         <kind>archive</kind>
         <file>rtsv7M4_T_le_eabi.lib</file>
         <name>fd_toi_t2.asm.obj</name>
      </input_file>
      <input_file id="fl-d6">
         <path>C:\Users\standard\ti\ccs1250\ccs\tools\compiler\ti-cgt-arm_20.2.7.LTS\lib\</path>
         <kind>archive</kind>
         <file>rtsv7M4_T_le_eabi.lib</file>
         <name>i_tofd_t2.asm.obj</name>
      </input_file>
      <input_file id="fl-d7">
         <path>C:\Users\standard\ti\ccs1250\ccs\tools\compiler\ti-cgt-arm_20.2.7.LTS\lib\</path>
         <kind>archive</kind>
         <file>rtsv7M4_T_le_eabi.lib</file>
         <name>ull_div_t2.asm.obj</name>
      </input_file>
      <input_file id="fl-d8">
         <path>C:\Users\standard\ti\ccs1250\ccs\tools\compiler\ti-cgt-arm_20.2.7.LTS\lib\</path>
         <kind>archive</kind>
         <file>rtsv7M4_T_le_eabi.lib</file>
         <name>autoinit.c.obj</name>
      </input_file>
      <input_file id="fl-d9">
         <path>C:\Users\standard\ti\ccs1250\ccs\tools\compiler\ti-cgt-arm_20.2.7.LTS\lib\</path>
         <kind>archive</kind>
         <file>rtsv7M4_T_le_eabi.lib</file>
         <name>pre_init.c.obj</name>
      </input_file>
      <input_file id="fl-da">
         <path>C:\Users\standard\ti\ccs1250\ccs\tools\compiler\ti-cgt-arm_20.2.7.LTS\lib\</path>
         <kind>archive</kind>
         <file>rtsv7M4_T_le_eabi.lib</file>
         <name>cpy_tbl.c.obj</name>
      </input_file>
      <input_file id="fl-db">
         <path>C:\Users\standard\ti\ccs1250\ccs\tools\compiler\ti-cgt-arm_20.2.7.LTS\lib\</path>
         <kind>archive</kind>
         <file>rtsv7M4_T_le_eabi.lib</file>
         <name>exit.c.obj</name>
      </input_file>
      <input_file id="fl-dc">
         <path>C:\Users\standard\ti\ccs1250\ccs\tools\compiler\ti-cgt-arm_20.2.7.LTS\lib\</path>
         <kind>archive</kind>
         <file>rtsv7M4_T_le_eabi.lib</file>
         <name>_lock.c.obj</name>
      </input_file>
      <input_file id="fl-dd">
         <path>C:\Users\standard\ti\ccs1250\ccs\tools\compiler\ti-cgt-arm_20.2.7.LTS\lib\</path>
         <kind>archive</kind>
         <file>rtsv7M4_T_le_eabi.lib</file>
         <name>_ltoa.c.obj</name>
      </input_file>
      <input_file id="fl-de">
         <path>C:\Users\standard\ti\ccs1250\ccs\tools\compiler\ti-cgt-arm_20.2.7.LTS\lib\</path>
         <kind>archive</kind>
         <file>rtsv7M4_T_le_eabi.lib</file>
         <name>args_main.c.obj</name>
      </input_file>
      <input_file id="fl-df">
         <path>C:\Users\standard\ti\ccs1250\ccs\tools\compiler\ti-cgt-arm_20.2.7.LTS\lib\</path>
         <kind>archive</kind>
         <file>rtsv7M4_T_le_eabi.lib</file>
         <name>atoi.c.obj</name>
      </input_file>
      <input_file id="fl-e0">
         <path>C:\Users\standard\ti\ccs1250\ccs\tools\compiler\ti-cgt-arm_20.2.7.LTS\lib\</path>
         <kind>archive</kind>
         <file>rtsv7M4_T_le_eabi.lib</file>
         <name>ctype.c.obj</name>
      </input_file>
      <input_file id="fl-e1">
         <path>C:\Users\standard\ti\ccs1250\ccs\tools\compiler\ti-cgt-arm_20.2.7.LTS\lib\</path>
         <kind>archive</kind>
         <file>rtsv7M4_T_le_eabi.lib</file>
         <name>memccpy.c.obj</name>
      </input_file>
      <input_file id="fl-e2">
         <path>C:\Users\standard\ti\ccs1250\ccs\tools\compiler\ti-cgt-arm_20.2.7.LTS\lib\</path>
         <kind>archive</kind>
         <file>rtsv7M4_T_le_eabi.lib</file>
         <name>strchr.c.obj</name>
      </input_file>
      <input_file id="fl-e3">
         <path>C:\Users\standard\ti\ccs1250\ccs\tools\compiler\ti-cgt-arm_20.2.7.LTS\lib\</path>
         <kind>archive</kind>
         <file>rtsv7M4_T_le_eabi.lib</file>
         <name>errno.c.obj</name>
      </input_file>
      <input_file id="fl-e4">
         <path>C:\Users\standard\ti\ccs1250\ccs\tools\compiler\ti-cgt-arm_20.2.7.LTS\lib\</path>
         <kind>archive</kind>
         <file>rtsv7M4_T_le_eabi.lib</file>
         <name>wcslen.c.obj</name>
      </input_file>
      <input_file id="fl-e5">
         <path>C:\Users\standard\ti\ccs1250\ccs\tools\compiler\ti-cgt-arm_20.2.7.LTS\lib\</path>
         <kind>archive</kind>
         <file>rtsv7M4_T_le_eabi.lib</file>
         <name>s_frexp.c.obj</name>
      </input_file>
      <input_file id="fl-e6">
         <path>C:\Users\standard\ti\ccs1250\ccs\tools\compiler\ti-cgt-arm_20.2.7.LTS\lib\</path>
         <kind>archive</kind>
         <file>rtsv7M4_T_le_eabi.lib</file>
         <name>s_scalbn.c.obj</name>
      </input_file>
      <input_file id="fl-e7">
         <path>C:\Users\standard\ti\ccs1250\ccs\tools\compiler\ti-cgt-arm_20.2.7.LTS\lib\</path>
         <kind>archive</kind>
         <file>rtsv7M4_T_le_eabi.lib</file>
         <name>div0.asm.obj</name>
      </input_file>
      <input_file id="fl-e8">
         <path>C:\Users\standard\ti\ccs1250\ccs\tools\compiler\ti-cgt-arm_20.2.7.LTS\lib\</path>
         <kind>archive</kind>
         <file>rtsv7M4_T_le_eabi.lib</file>
         <name>s_copysign.c.obj</name>
      </input_file>
      <input_file id="fl-e9">
         <path>C:\Users\standard\ti\ccs1250\cc3200-sdk\driverlib\ccs\Release\</path>
         <kind>archive</kind>
         <file>driverlib.a</file>
         <name>gpio.obj</name>
      </input_file>
      <input_file id="fl-ea">
         <path>C:\Users\standard\ti\ccs1250\cc3200-sdk\driverlib\ccs\Release\</path>
         <kind>archive</kind>
         <file>driverlib.a</file>
         <name>interrupt.obj</name>
      </input_file>
      <input_file id="fl-eb">
         <path>C:\Users\standard\ti\ccs1250\cc3200-sdk\driverlib\ccs\Release\</path>
         <kind>archive</kind>
         <file>driverlib.a</file>
         <name>pin.obj</name>
      </input_file>
      <input_file id="fl-ec">
         <path>C:\Users\standard\ti\ccs1250\cc3200-sdk\driverlib\ccs\Release\</path>
         <kind>archive</kind>
         <file>driverlib.a</file>
         <name>prcm.obj</name>
      </input_file>
      <input_file id="fl-ed">
         <path>C:\Users\standard\ti\ccs1250\cc3200-sdk\driverlib\ccs\Release\</path>
         <kind>archive</kind>
         <file>driverlib.a</file>
         <name>uart.obj</name>
      </input_file>
      <input_file id="fl-ee">
         <path>C:\Users\standard\ti\ccs1250\cc3200-sdk\driverlib\ccs\Release\</path>
         <kind>archive</kind>
         <file>driverlib.a</file>
         <name>utils.obj</name>
      </input_file>
      <input_file id="fl-ef">
         <path>C:\Users\standard\ti\ccs1250\cc3200-sdk\driverlib\ccs\Release\</path>
         <kind>archive</kind>
         <file>driverlib.a</file>
         <name>cpu.obj</name>
      </input_file>
      <input_file id="fl-f0">
         <path>C:\Users\standard\ti\ccs1250\cc3200-sdk\driverlib\ccs\Release\</path>
         <kind>archive</kind>
         <file>driverlib.a</file>
         <name>flash.obj</name>
      </input_file>
      <input_file id="fl-f1">
         <path>C:\Users\standard\ti\ccs1250\cc3200-sdk\simplelink\ccs\NON_OS\</path>
         <kind>archive</kind>
         <file>simplelink.a</file>
         <name>device.obj</name>
      </input_file>
      <input_file id="fl-f2">
         <path>C:\Users\standard\ti\ccs1250\cc3200-sdk\simplelink\ccs\NON_OS\</path>
         <kind>archive</kind>
         <file>simplelink.a</file>
         <name>driver.obj</name>
      </input_file>
      <input_file id="fl-f3">
         <path>C:\Users\standard\ti\ccs1250\cc3200-sdk\simplelink\ccs\NON_OS\</path>
         <kind>archive</kind>
         <file>simplelink.a</file>
         <name>netapp.obj</name>
      </input_file>
      <input_file id="fl-f4">
         <path>C:\Users\standard\ti\ccs1250\cc3200-sdk\simplelink\ccs\NON_OS\</path>
         <kind>archive</kind>
         <file>simplelink.a</file>
         <name>netcfg.obj</name>
      </input_file>
      <input_file id="fl-f5">
         <path>C:\Users\standard\ti\ccs1250\cc3200-sdk\simplelink\ccs\NON_OS\</path>
         <kind>archive</kind>
         <file>simplelink.a</file>
         <name>nonos.obj</name>
      </input_file>
      <input_file id="fl-f6">
         <path>C:\Users\standard\ti\ccs1250\cc3200-sdk\simplelink\ccs\NON_OS\</path>
         <kind>archive</kind>
         <file>simplelink.a</file>
         <name>socket.obj</name>
      </input_file>
      <input_file id="fl-f7">
         <path>C:\Users\standard\ti\ccs1250\cc3200-sdk\simplelink\ccs\NON_OS\</path>
         <kind>archive</kind>
         <file>simplelink.a</file>
         <name>wlan.obj</name>
      </input_file>
      <input_file id="fl-f8">
         <path>C:\Users\standard\ti\ccs1250\cc3200-sdk\simplelink\ccs\NON_OS\</path>
         <kind>archive</kind>
         <file>simplelink.a</file>
         <name>cc_pal.obj</name>
      </input_file>
      <input_file id="fl-f9">
         <path>C:\Users\standard\ti\ccs1250\cc3200-sdk\driverlib\ccs\Release\</path>
         <kind>archive</kind>
         <file>driverlib.a</file>
         <name>spi.obj</name>
      </input_file>
      <input_file id="fl-fa">
         <path>C:\Users\standard\ti\ccs1250\cc3200-sdk\driverlib\ccs\Release\</path>
         <kind>archive</kind>
         <file>driverlib.a</file>
         <name>timer.obj</name>
      </input_file>
      <input_file id="fl-fb">
         <path>C:\Users\standard\ti\ccs1250\cc3200-sdk\driverlib\ccs\Release\</path>
         <kind>archive</kind>
         <file>driverlib.a</file>
         <name>udma.obj</name>
      </input_file>
   </input_file_list>
   <object_component_list>
      <object_component id="oc-12">
         <name>.intvecs</name>
         <load_address>0x20004000</load_address>
         <run_address>0x20004000</run_address>
         <size>0x400</size>
         <input_file_ref idref="fl-6"/>
      </object_component>
      <object_component id="oc-ef">
         <name>.text</name>
         <load_address>0x20004400</load_address>
         <run_address>0x20004400</run_address>
         <size>0xecc</size>
         <input_file_ref idref="fl-8"/>
      </object_component>
      <object_component id="oc-311">
         <name>.text:__TI_printfi</name>
         <load_address>0x200052cc</load_address>
         <run_address>0x200052cc</run_address>
         <size>0xa4e</size>
         <input_file_ref idref="fl-d0"/>
      </object_component>
      <object_component id="oc-6ca">
         <name>.text:IntDefaultHandler</name>
         <load_address>0x20005d1a</load_address>
         <run_address>0x20005d1a</run_address>
         <size>0x2</size>
         <input_file_ref idref="fl-ea"/>
      </object_component>
      <object_component id="oc-5f8">
         <name>.text:_SlDrvMsgRead</name>
         <load_address>0x20005d1c</load_address>
         <run_address>0x20005d1c</run_address>
         <size>0x590</size>
         <input_file_ref idref="fl-f2"/>
      </object_component>
      <object_component id="oc-97">
         <name>.text</name>
         <load_address>0x200062ac</load_address>
         <run_address>0x200062ac</run_address>
         <size>0x476</size>
         <input_file_ref idref="fl-3"/>
      </object_component>
      <object_component id="oc-5c1">
         <name>.text:_nop</name>
         <load_address>0x20006722</load_address>
         <run_address>0x20006722</run_address>
         <size>0x2</size>
         <input_file_ref idref="fl-dc"/>
      </object_component>
      <object_component id="oc-275">
         <name>.text</name>
         <load_address>0x20006724</load_address>
         <run_address>0x20006724</run_address>
         <size>0x398</size>
         <input_file_ref idref="fl-2"/>
      </object_component>
      <object_component id="oc-26f">
         <name>.text:sl_WlanConnect</name>
         <load_address>0x20006abc</load_address>
         <run_address>0x20006abc</run_address>
         <size>0x280</size>
         <input_file_ref idref="fl-f7"/>
      </object_component>
      <object_component id="oc-e3">
         <name>.text</name>
         <load_address>0x20006d3c</load_address>
         <run_address>0x20006d3c</run_address>
         <size>0x27c</size>
         <input_file_ref idref="fl-7"/>
      </object_component>
      <object_component id="oc-57d">
         <name>.text:_pconv_a</name>
         <load_address>0x20006fb8</load_address>
         <run_address>0x20006fb8</run_address>
         <size>0x268</size>
         <input_file_ref idref="fl-d0"/>
      </object_component>
      <object_component id="oc-793">
         <name>.text:_SlDrvRxHdrRead</name>
         <load_address>0x20007220</load_address>
         <run_address>0x20007220</run_address>
         <size>0x248</size>
         <input_file_ref idref="fl-f2"/>
      </object_component>
      <object_component id="oc-33f">
         <name>.text:_SlDrvDataReadOp</name>
         <load_address>0x20007468</load_address>
         <run_address>0x20007468</run_address>
         <size>0x1e4</size>
         <input_file_ref idref="fl-f2"/>
      </object_component>
      <object_component id="oc-2c5">
         <name>.text:_SlDrvReleasePoolObj</name>
         <load_address>0x2000764c</load_address>
         <run_address>0x2000764c</run_address>
         <size>0x1d0</size>
         <input_file_ref idref="fl-f2"/>
      </object_component>
      <object_component id="oc-56b">
         <name>.text:_pconv_g</name>
         <load_address>0x2000781c</load_address>
         <run_address>0x2000781c</run_address>
         <size>0x1cc</size>
         <input_file_ref idref="fl-d0"/>
      </object_component>
      <object_component id="oc-718">
         <name>.text</name>
         <load_address>0x200079e8</load_address>
         <run_address>0x200079e8</run_address>
         <size>0x1b6</size>
         <input_file_ref idref="fl-d1"/>
      </object_component>
      <object_component id="oc-7fc">
         <name>.text</name>
         <load_address>0x20007b9e</load_address>
         <run_address>0x20007b9e</run_address>
         <size>0x2</size>
         <input_file_ref idref="fl-e7"/>
      </object_component>
      <object_component id="oc-416">
         <name>.text:_SlDrvDriverCBInit</name>
         <load_address>0x20007ba0</load_address>
         <run_address>0x20007ba0</run_address>
         <size>0x1b4</size>
         <input_file_ref idref="fl-f2"/>
      </object_component>
      <object_component id="oc-391">
         <name>.text:_SlDrvMsgWrite</name>
         <load_address>0x20007d54</load_address>
         <run_address>0x20007d54</run_address>
         <size>0x19c</size>
         <input_file_ref idref="fl-f2"/>
      </object_component>
      <object_component id="oc-4b1">
         <name>.text:_SlDrvWaitForPoolObj</name>
         <load_address>0x20007ef0</load_address>
         <run_address>0x20007ef0</run_address>
         <size>0x190</size>
         <input_file_ref idref="fl-f2"/>
      </object_component>
      <object_component id="oc-29e">
         <name>.text:sl_Connect</name>
         <load_address>0x20008080</load_address>
         <run_address>0x20008080</run_address>
         <size>0x18c</size>
         <input_file_ref idref="fl-f6"/>
      </object_component>
      <object_component id="oc-d7">
         <name>.text:PRCMCC3200MCUInit</name>
         <load_address>0x2000820c</load_address>
         <run_address>0x2000820c</run_address>
         <size>0x178</size>
         <input_file_ref idref="fl-ec"/>
      </object_component>
      <object_component id="oc-7a5">
         <name>.text:_SlFindAndSetActiveObj</name>
         <load_address>0x20008384</load_address>
         <run_address>0x20008384</run_address>
         <size>0x170</size>
         <input_file_ref idref="fl-f2"/>
      </object_component>
      <object_component id="oc-32b">
         <name>.text:_SlDrvDataWriteOp</name>
         <load_address>0x200084f4</load_address>
         <run_address>0x200084f4</run_address>
         <size>0x150</size>
         <input_file_ref idref="fl-f2"/>
      </object_component>
      <object_component id="oc-41c">
         <name>.text:spi_Open</name>
         <load_address>0x20008644</load_address>
         <run_address>0x20008644</run_address>
         <size>0x148</size>
         <input_file_ref idref="fl-f8"/>
      </object_component>
      <object_component id="oc-397">
         <name>.text:_SlDrvMsgReadCmdCtx</name>
         <load_address>0x2000878c</load_address>
         <run_address>0x2000878c</run_address>
         <size>0x144</size>
         <input_file_ref idref="fl-f2"/>
      </object_component>
      <object_component id="oc-280">
         <name>.text:sl_NetAppDnsGetHostByName</name>
         <load_address>0x200088d0</load_address>
         <run_address>0x200088d0</run_address>
         <size>0x144</size>
         <input_file_ref idref="fl-f3"/>
      </object_component>
      <object_component id="oc-577">
         <name>.text:_pconv_e</name>
         <load_address>0x20008a14</load_address>
         <run_address>0x20008a14</run_address>
         <size>0x13c</size>
         <input_file_ref idref="fl-d0"/>
      </object_component>
      <object_component id="oc-6fe">
         <name>.text</name>
         <load_address>0x20008b50</load_address>
         <run_address>0x20008b50</run_address>
         <size>0x136</size>
         <input_file_ref idref="fl-d3"/>
      </object_component>
      <object_component id="oc-113">
         <name>.text:sl_Send</name>
         <load_address>0x20008c88</load_address>
         <run_address>0x20008c88</run_address>
         <size>0x134</size>
         <input_file_ref idref="fl-f6"/>
      </object_component>
      <object_component id="oc-2e3">
         <name>.text:_SlDrvDriverCBDeinit</name>
         <load_address>0x20008dbc</load_address>
         <run_address>0x20008dbc</run_address>
         <size>0x130</size>
         <input_file_ref idref="fl-f2"/>
      </object_component>
      <object_component id="oc-72a">
         <name>.text:fcvt</name>
         <load_address>0x20008eec</load_address>
         <run_address>0x20008eec</run_address>
         <size>0x120</size>
         <input_file_ref idref="fl-d0"/>
      </object_component>
      <object_component id="oc-845">
         <name>.text:_SlDrvNetAppEventHandler</name>
         <load_address>0x2000900c</load_address>
         <run_address>0x2000900c</run_address>
         <size>0x104</size>
         <input_file_ref idref="fl-f3"/>
      </object_component>
      <object_component id="oc-3e0">
         <name>.text:aligned_alloc</name>
         <load_address>0x20009110</load_address>
         <run_address>0x20009110</run_address>
         <size>0x100</size>
         <input_file_ref idref="fl-cc"/>
      </object_component>
      <object_component id="oc-6f9">
         <name>.text</name>
         <load_address>0x20009210</load_address>
         <run_address>0x20009210</run_address>
         <size>0xfc</size>
         <input_file_ref idref="fl-d4"/>
      </object_component>
      <object_component id="oc-f5">
         <name>.text:sl_Stop</name>
         <load_address>0x2000930c</load_address>
         <run_address>0x2000930c</run_address>
         <size>0xf0</size>
         <input_file_ref idref="fl-f1"/>
      </object_component>
      <object_component id="oc-79f">
         <name>.text:spi_Read</name>
         <load_address>0x200093fc</load_address>
         <run_address>0x200093fc</run_address>
         <size>0xf0</size>
         <input_file_ref idref="fl-f8"/>
      </object_component>
      <object_component id="oc-89b">
         <name>.text:uDMAChannelTransferSet</name>
         <load_address>0x200094ec</load_address>
         <run_address>0x200094ec</run_address>
         <size>0xf0</size>
         <input_file_ref idref="fl-fb"/>
      </object_component>
      <object_component id="oc-226">
         <name>.text:sl_Start</name>
         <load_address>0x200095dc</load_address>
         <run_address>0x200095dc</run_address>
         <size>0xec</size>
         <input_file_ref idref="fl-f1"/>
      </object_component>
      <object_component id="oc-5fe">
         <name>.text:_SlAsyncEventGenericHandler</name>
         <load_address>0x200096c8</load_address>
         <run_address>0x200096c8</run_address>
         <size>0xe8</size>
         <input_file_ref idref="fl-f2"/>
      </object_component>
      <object_component id="oc-60b">
         <name>.text:_SlDrvMsgReadSpawnCtx</name>
         <load_address>0x200097b0</load_address>
         <run_address>0x200097b0</run_address>
         <size>0xe8</size>
         <input_file_ref idref="fl-f2"/>
      </object_component>
      <object_component id="oc-1f7">
         <name>.text:free</name>
         <load_address>0x20009898</load_address>
         <run_address>0x20009898</run_address>
         <size>0xe4</size>
         <input_file_ref idref="fl-cc"/>
      </object_component>
      <object_component id="oc-1f1">
         <name>.text:realloc</name>
         <load_address>0x2000997c</load_address>
         <run_address>0x2000997c</run_address>
         <size>0xe4</size>
         <input_file_ref idref="fl-cc"/>
      </object_component>
      <object_component id="oc-465">
         <name>.text:sl_NetAppMDNSRegisterUnregisterService</name>
         <load_address>0x20009a60</load_address>
         <run_address>0x20009a60</run_address>
         <size>0xe4</size>
         <input_file_ref idref="fl-f3"/>
      </object_component>
      <object_component id="oc-799">
         <name>.text:_SlDrvClassifyRxMsg</name>
         <load_address>0x20009b44</load_address>
         <run_address>0x20009b44</run_address>
         <size>0xdc</size>
         <input_file_ref idref="fl-f2"/>
      </object_component>
      <object_component id="oc-73e">
         <name>.text:scalbn</name>
         <load_address>0x20009c20</load_address>
         <run_address>0x20009c20</run_address>
         <size>0xd0</size>
         <input_file_ref idref="fl-e6"/>
      </object_component>
      <object_component id="oc-8c6">
         <name>.text:_sl_HandleAsync_DnsGetHostByService</name>
         <load_address>0x20009cf0</load_address>
         <run_address>0x20009cf0</run_address>
         <size>0xcc</size>
         <input_file_ref idref="fl-f3"/>
      </object_component>
      <object_component id="oc-238">
         <name>.text:sl_DevGet</name>
         <load_address>0x20009dbc</load_address>
         <run_address>0x20009dbc</run_address>
         <size>0xcc</size>
         <input_file_ref idref="fl-f1"/>
      </object_component>
      <object_component id="oc-4f4">
         <name>.text:_SlRemoveFromList</name>
         <load_address>0x20009e88</load_address>
         <run_address>0x20009e88</run_address>
         <size>0xc4</size>
         <input_file_ref idref="fl-f2"/>
      </object_component>
      <object_component id="oc-1a1">
         <name>.text:_SlDrvCmdOp</name>
         <load_address>0x20009f4c</load_address>
         <run_address>0x20009f4c</run_address>
         <size>0xc0</size>
         <input_file_ref idref="fl-f2"/>
      </object_component>
      <object_component id="oc-560">
         <name>.text:_ltostr</name>
         <load_address>0x2000a00c</load_address>
         <run_address>0x2000a00c</run_address>
         <size>0xb1</size>
         <input_file_ref idref="fl-d0"/>
      </object_component>
      <object_component id="oc-4e7">
         <name>.text:_SlNonOsSemGet</name>
         <load_address>0x2000a0c0</load_address>
         <run_address>0x2000a0c0</run_address>
         <size>0xb0</size>
         <input_file_ref idref="fl-f5"/>
      </object_component>
      <object_component id="oc-501">
         <name>.text:IntDisable</name>
         <load_address>0x2000a170</load_address>
         <run_address>0x2000a170</run_address>
         <size>0xa8</size>
         <input_file_ref idref="fl-ea"/>
      </object_component>
      <object_component id="oc-d1">
         <name>.text:IntEnable</name>
         <load_address>0x2000a218</load_address>
         <run_address>0x2000a218</run_address>
         <size>0xa8</size>
         <input_file_ref idref="fl-ea"/>
      </object_component>
      <object_component id="oc-4ed">
         <name>.text:_SlDriverHandleError</name>
         <load_address>0x2000a2c0</load_address>
         <run_address>0x2000a2c0</run_address>
         <size>0xa4</size>
         <input_file_ref idref="fl-f2"/>
      </object_component>
      <object_component id="oc-62c">
         <name>.text:SPIConfigSetExpClk</name>
         <load_address>0x2000a364</load_address>
         <run_address>0x2000a364</run_address>
         <size>0xa0</size>
         <input_file_ref idref="fl-f9"/>
      </object_component>
      <object_component id="oc-11f">
         <name>.text:sl_Recv</name>
         <load_address>0x2000a404</load_address>
         <run_address>0x2000a404</run_address>
         <size>0xa0</size>
         <input_file_ref idref="fl-f6"/>
      </object_component>
      <object_component id="oc-3d">
         <name>.text</name>
         <load_address>0x2000a4a4</load_address>
         <run_address>0x2000a4a4</run_address>
         <size>0x9c</size>
         <input_file_ref idref="fl-c6"/>
      </object_component>
      <object_component id="oc-8ac">
         <name>.text:_SlDrvDeviceEventHandler</name>
         <load_address>0x2000a540</load_address>
         <run_address>0x2000a540</run_address>
         <size>0x9a</size>
         <input_file_ref idref="fl-f1"/>
      </object_component>
      <object_component id="oc-dd">
         <name>.text:sl_DevSet</name>
         <load_address>0x2000a5dc</load_address>
         <run_address>0x2000a5dc</run_address>
         <size>0x98</size>
         <input_file_ref idref="fl-f1"/>
      </object_component>
      <object_component id="oc-250">
         <name>.text:sl_NetCfgSet</name>
         <load_address>0x2000a674</load_address>
         <run_address>0x2000a674</run_address>
         <size>0x98</size>
         <input_file_ref idref="fl-f4"/>
      </object_component>
      <object_component id="oc-298">
         <name>.text:sl_SetSockOpt</name>
         <load_address>0x2000a70c</load_address>
         <run_address>0x2000a70c</run_address>
         <size>0x98</size>
         <input_file_ref idref="fl-f6"/>
      </object_component>
      <object_component id="oc-256">
         <name>.text:sl_WlanSet</name>
         <load_address>0x2000a7a4</load_address>
         <run_address>0x2000a7a4</run_address>
         <size>0x98</size>
         <input_file_ref idref="fl-f7"/>
      </object_component>
      <object_component id="oc-5ee">
         <name>.text:spi_Write</name>
         <load_address>0x2000a83c</load_address>
         <run_address>0x2000a83c</run_address>
         <size>0x98</size>
         <input_file_ref idref="fl-f8"/>
      </object_component>
      <object_component id="oc-6f2">
         <name>.text</name>
         <load_address>0x2000a8d4</load_address>
         <run_address>0x2000a8d4</run_address>
         <size>0x96</size>
         <input_file_ref idref="fl-d7"/>
      </object_component>
      <object_component id="oc-1c1">
         <name>.text:PRCMPeripheralClockGet</name>
         <load_address>0x2000a96c</load_address>
         <run_address>0x2000a96c</run_address>
         <size>0x94</size>
         <input_file_ref idref="fl-ec"/>
      </object_component>
      <object_component id="oc-8c0">
         <name>.text:_sl_HandleAsync_DnsGetHostByName</name>
         <load_address>0x2000aa00</load_address>
         <run_address>0x2000aa00</run_address>
         <size>0x90</size>
         <input_file_ref idref="fl-f3"/>
      </object_component>
      <object_component id="oc-84b">
         <name>.text:_sl_HandleAsync_PingResponse</name>
         <load_address>0x2000aa90</load_address>
         <run_address>0x2000aa90</run_address>
         <size>0x90</size>
         <input_file_ref idref="fl-f3"/>
      </object_component>
      <object_component id="oc-23e">
         <name>.text:sl_WlanPolicySet</name>
         <load_address>0x2000ab20</load_address>
         <run_address>0x2000ab20</run_address>
         <size>0x90</size>
         <input_file_ref idref="fl-f7"/>
      </object_component>
      <object_component id="oc-852">
         <name>.text:SetupDMAReceive</name>
         <load_address>0x2000abb0</load_address>
         <run_address>0x2000abb0</run_address>
         <size>0x8c</size>
         <input_file_ref idref="fl-f8"/>
      </object_component>
      <object_component id="oc-778">
         <name>.text:SetupDMASend</name>
         <load_address>0x2000ac3c</load_address>
         <run_address>0x2000ac3c</run_address>
         <size>0x8c</size>
         <input_file_ref idref="fl-f8"/>
      </object_component>
      <object_component id="oc-6b9">
         <name>.text:_SlDrvIsTimeoutExpired</name>
         <load_address>0x2000acc8</load_address>
         <run_address>0x2000acc8</run_address>
         <size>0x8c</size>
         <input_file_ref idref="fl-f2"/>
      </object_component>
      <object_component id="oc-91f">
         <name>.text:_sl_HandleAsync_InitComplete</name>
         <load_address>0x2000ad54</load_address>
         <run_address>0x2000ad54</run_address>
         <size>0x8c</size>
         <input_file_ref idref="fl-f1"/>
      </object_component>
      <object_component id="oc-292">
         <name>.text:sl_Socket</name>
         <load_address>0x2000ade0</load_address>
         <run_address>0x2000ade0</run_address>
         <size>0x8c</size>
         <input_file_ref idref="fl-f6"/>
      </object_component>
      <object_component id="oc-405">
         <name>.text:PinConfigSet</name>
         <load_address>0x2000ae6c</load_address>
         <run_address>0x2000ae6c</run_address>
         <size>0x88</size>
         <input_file_ref idref="fl-eb"/>
      </object_component>
      <object_component id="oc-566">
         <name>.text:__aeabi_cdcmple</name>
         <load_address>0x2000aef4</load_address>
         <run_address>0x2000aef4</run_address>
         <size>0x86</size>
         <input_file_ref idref="fl-d2"/>
      </object_component>
      <object_component id="oc-703">
         <name>.text:__aeabi_cdrcmple</name>
         <load_address>0x2000af7a</load_address>
         <run_address>0x2000af7a</run_address>
         <size>0x86</size>
         <input_file_ref idref="fl-d2"/>
      </object_component>
      <object_component id="oc-265">
         <name>.text:sl_WlanRxFilterSet</name>
         <load_address>0x2000b000</load_address>
         <run_address>0x2000b000</run_address>
         <size>0x84</size>
         <input_file_ref idref="fl-f7"/>
      </object_component>
      <object_component id="oc-479">
         <name>.text:GPIOIntTypeSet</name>
         <load_address>0x2000b084</load_address>
         <run_address>0x2000b084</run_address>
         <size>0x82</size>
         <input_file_ref idref="fl-e9"/>
      </object_component>
      <object_component id="oc-8e8">
         <name>.text:_sl_HandleAsync_Connect</name>
         <load_address>0x2000b108</load_address>
         <run_address>0x2000b108</run_address>
         <size>0x80</size>
         <input_file_ref idref="fl-f6"/>
      </object_component>
      <object_component id="oc-858">
         <name>.text:spi_Read_CPU</name>
         <load_address>0x2000b188</load_address>
         <run_address>0x2000b188</run_address>
         <size>0x80</size>
         <input_file_ref idref="fl-f8"/>
      </object_component>
      <object_component id="oc-78a">
         <name>.text:spi_Write_CPU</name>
         <load_address>0x2000b208</load_address>
         <run_address>0x2000b208</run_address>
         <size>0x80</size>
         <input_file_ref idref="fl-f8"/>
      </object_component>
      <object_component id="oc-8b">
         <name>.text</name>
         <load_address>0x2000b288</load_address>
         <run_address>0x2000b288</run_address>
         <size>0x7a</size>
         <input_file_ref idref="fl-c7"/>
      </object_component>
      <object_component id="oc-2dd">
         <name>.text:spi_Close</name>
         <load_address>0x2000b304</load_address>
         <run_address>0x2000b304</run_address>
         <size>0x78</size>
         <input_file_ref idref="fl-f8"/>
      </object_component>
      <object_component id="oc-1c7">
         <name>.text:UARTConfigSetExpClk</name>
         <load_address>0x2000b37c</load_address>
         <run_address>0x2000b37c</run_address>
         <size>0x76</size>
         <input_file_ref idref="fl-ed"/>
      </object_component>
      <object_component id="oc-22c">
         <name>.text:_SlNonOsMainLoopTask</name>
         <load_address>0x2000b3f4</load_address>
         <run_address>0x2000b3f4</run_address>
         <size>0x74</size>
         <input_file_ref idref="fl-f5"/>
      </object_component>
      <object_component id="oc-3ed">
         <name>.text:split</name>
         <load_address>0x2000b468</load_address>
         <run_address>0x2000b468</run_address>
         <size>0x70</size>
         <input_file_ref idref="fl-cc"/>
      </object_component>
      <object_component id="oc-723">
         <name>.text:_mcpy</name>
         <load_address>0x2000b4d8</load_address>
         <run_address>0x2000b4d8</run_address>
         <size>0x6e</size>
         <input_file_ref idref="fl-d0"/>
      </object_component>
      <object_component id="oc-937">
         <name>.text:_SlDrvCmdSend</name>
         <load_address>0x2000b548</load_address>
         <run_address>0x2000b548</run_address>
         <size>0x6c</size>
         <input_file_ref idref="fl-f2"/>
      </object_component>
      <object_component id="oc-8d2">
         <name>.text:_sl_NetAppSendTokenValue</name>
         <load_address>0x2000b5b4</load_address>
         <run_address>0x2000b5b4</run_address>
         <size>0x6c</size>
         <input_file_ref idref="fl-f3"/>
      </object_component>
      <object_component id="oc-15">
         <name>.text:decompress:lzss:__TI_decompress_lzss</name>
         <load_address>0x2000b620</load_address>
         <run_address>0x2000b620</run_address>
         <size>0x68</size>
         <input_file_ref idref="fl-ca"/>
      </object_component>
      <object_component id="oc-604">
         <name>.text:_SlNonOsSpawn</name>
         <load_address>0x2000b688</load_address>
         <run_address>0x2000b688</run_address>
         <size>0x64</size>
         <input_file_ref idref="fl-f5"/>
      </object_component>
      <object_component id="oc-8e2">
         <name>.text:_sl_HandleAsync_Accept</name>
         <load_address>0x2000b6ec</load_address>
         <run_address>0x2000b6ec</run_address>
         <size>0x64</size>
         <input_file_ref idref="fl-f6"/>
      </object_component>
      <object_component id="oc-25c">
         <name>.text:sl_NetAppMDNSUnRegisterService</name>
         <load_address>0x2000b750</load_address>
         <run_address>0x2000b750</run_address>
         <size>0x64</size>
         <input_file_ref idref="fl-f3"/>
      </object_component>
      <object_component id="oc-7c1">
         <name>.text:uDMAChannelAttributeDisable</name>
         <load_address>0x2000b7b4</load_address>
         <run_address>0x2000b7b4</run_address>
         <size>0x64</size>
         <input_file_ref idref="fl-fb"/>
      </object_component>
      <object_component id="oc-895">
         <name>.text:uDMAChannelAttributeEnable</name>
         <load_address>0x2000b818</load_address>
         <run_address>0x2000b818</run_address>
         <size>0x64</size>
         <input_file_ref idref="fl-fb"/>
      </object_component>
      <object_component id="oc-119">
         <name>.text:sl_Close</name>
         <load_address>0x2000b87c</load_address>
         <run_address>0x2000b87c</run_address>
         <size>0x60</size>
         <input_file_ref idref="fl-f6"/>
      </object_component>
      <object_component id="oc-244">
         <name>.text:sl_WlanProfileDel</name>
         <load_address>0x2000b8dc</load_address>
         <run_address>0x2000b8dc</run_address>
         <size>0x60</size>
         <input_file_ref idref="fl-f7"/>
      </object_component>
      <object_component id="oc-232">
         <name>.text:sl_WlanSetMode</name>
         <load_address>0x2000b93c</load_address>
         <run_address>0x2000b93c</run_address>
         <size>0x60</size>
         <input_file_ref idref="fl-f7"/>
      </object_component>
      <object_component id="oc-738">
         <name>.text:frexp</name>
         <load_address>0x2000b99c</load_address>
         <run_address>0x2000b99c</run_address>
         <size>0x5c</size>
         <input_file_ref idref="fl-e5"/>
      </object_component>
      <object_component id="oc-50d">
         <name>.text:IntPendClear</name>
         <load_address>0x2000b9f8</load_address>
         <run_address>0x2000b9f8</run_address>
         <size>0x58</size>
         <input_file_ref idref="fl-ea"/>
      </object_component>
      <object_component id="oc-18e">
         <name>.text:PRCMPeripheralReset</name>
         <load_address>0x2000ba50</load_address>
         <run_address>0x2000ba50</run_address>
         <size>0x58</size>
         <input_file_ref idref="fl-ec"/>
      </object_component>
      <object_component id="oc-e9">
         <name>.text</name>
         <load_address>0x2000baa8</load_address>
         <run_address>0x2000baa8</run_address>
         <size>0x58</size>
         <input_file_ref idref="fl-5"/>
      </object_component>
      <object_component id="oc-571">
         <name>.text:_pconv_f</name>
         <load_address>0x2000bb00</load_address>
         <run_address>0x2000bb00</run_address>
         <size>0x56</size>
         <input_file_ref idref="fl-d0"/>
      </object_component>
      <object_component id="oc-47f">
         <name>.text:IntPrioritySet</name>
         <load_address>0x2000bb58</load_address>
         <run_address>0x2000bb58</run_address>
         <size>0x54</size>
         <input_file_ref idref="fl-ea"/>
      </object_component>
      <object_component id="oc-42e">
         <name>.text:_SlDrvRxIrqHandler</name>
         <load_address>0x2000bbac</load_address>
         <run_address>0x2000bbac</run_address>
         <size>0x54</size>
         <input_file_ref idref="fl-f2"/>
      </object_component>
      <object_component id="oc-70d">
         <name>.text:__TI_ltoa</name>
         <load_address>0x2000bc00</load_address>
         <run_address>0x2000bc00</run_address>
         <size>0x54</size>
         <input_file_ref idref="fl-dd"/>
      </object_component>
      <object_component id="oc-8ee">
         <name>.text:_sl_HandleAsync_Select</name>
         <load_address>0x2000bc54</load_address>
         <run_address>0x2000bc54</run_address>
         <size>0x54</size>
         <input_file_ref idref="fl-f6"/>
      </object_component>
      <object_component id="oc-71d">
         <name>.text:_ecpy</name>
         <load_address>0x2000bca8</load_address>
         <run_address>0x2000bca8</run_address>
         <size>0x52</size>
         <input_file_ref idref="fl-d0"/>
      </object_component>
      <object_component id="oc-8f4">
         <name>.text:_sl_HandleAsync_Stop</name>
         <load_address>0x2000bcfc</load_address>
         <run_address>0x2000bcfc</run_address>
         <size>0x50</size>
         <input_file_ref idref="fl-f1"/>
      </object_component>
      <object_component id="oc-650">
         <name>.text:SPIIntEnable</name>
         <load_address>0x2000bd4c</load_address>
         <run_address>0x2000bd4c</run_address>
         <size>0x4c</size>
         <input_file_ref idref="fl-f9"/>
      </object_component>
      <object_component id="oc-6de">
         <name>.text:SPIIntNumberGet</name>
         <load_address>0x2000bd98</load_address>
         <run_address>0x2000bd98</run_address>
         <size>0x4c</size>
         <input_file_ref idref="fl-f9"/>
      </object_component>
      <object_component id="oc-2b9">
         <name>.text:_SlDrvProtectAsyncRespSetting</name>
         <load_address>0x2000bde4</load_address>
         <run_address>0x2000bde4</run_address>
         <size>0x4c</size>
         <input_file_ref idref="fl-f2"/>
      </object_component>
      <object_component id="oc-4dc">
         <name>.text:_sl_BuildAddress</name>
         <load_address>0x2000be30</load_address>
         <run_address>0x2000be30</run_address>
         <size>0x4c</size>
         <input_file_ref idref="fl-f6"/>
      </object_component>
      <object_component id="oc-55a">
         <name>.text:atoi</name>
         <load_address>0x2000be7c</load_address>
         <run_address>0x2000be7c</run_address>
         <size>0x4c</size>
         <input_file_ref idref="fl-df"/>
      </object_component>
      <object_component id="oc-7bb">
         <name>.text:uDMAChannelAssign</name>
         <load_address>0x2000bec8</load_address>
         <run_address>0x2000bec8</run_address>
         <size>0x4c</size>
         <input_file_ref idref="fl-fb"/>
      </object_component>
      <object_component id="oc-694">
         <name>.text:GPIOGetIntNumber</name>
         <load_address>0x2000bf14</load_address>
         <run_address>0x2000bf14</run_address>
         <size>0x48</size>
         <input_file_ref idref="fl-e9"/>
      </object_component>
      <object_component id="oc-7d3">
         <name>.text:SPIIntClear</name>
         <load_address>0x2000bf5c</load_address>
         <run_address>0x2000bf5c</run_address>
         <size>0x48</size>
         <input_file_ref idref="fl-f9"/>
      </object_component>
      <object_component id="oc-450">
         <name>.text:_SlDrvBasicCmd</name>
         <load_address>0x2000bfa4</load_address>
         <run_address>0x2000bfa4</run_address>
         <size>0x48</size>
         <input_file_ref idref="fl-f2"/>
      </object_component>
      <object_component id="oc-708">
         <name>.text</name>
         <load_address>0x2000bfec</load_address>
         <run_address>0x2000bfec</run_address>
         <size>0x48</size>
         <input_file_ref idref="fl-d5"/>
      </object_component>
      <object_component id="oc-7cb">
         <name>.text:SPIDmaMaskGet</name>
         <load_address>0x2000c034</load_address>
         <run_address>0x2000c034</run_address>
         <size>0x44</size>
         <input_file_ref idref="fl-f9"/>
      </object_component>
      <object_component id="oc-8fe">
         <name>.text:TimerConfigure</name>
         <load_address>0x2000c078</load_address>
         <run_address>0x2000c078</run_address>
         <size>0x44</size>
         <input_file_ref idref="fl-fa"/>
      </object_component>
      <object_component id="oc-930">
         <name>.text:_SlDrvHandleHttpServerEvents</name>
         <load_address>0x2000c0bc</load_address>
         <run_address>0x2000c0bc</run_address>
         <size>0x44</size>
         <input_file_ref idref="fl-f2"/>
      </object_component>
      <object_component id="oc-2bf">
         <name>.text:_SlDrvSyncObjWaitTimeout</name>
         <load_address>0x2000c100</load_address>
         <run_address>0x2000c100</run_address>
         <size>0x44</size>
         <input_file_ref idref="fl-f2"/>
      </object_component>
      <object_component id="oc-133">
         <name>.text:__TI_auto_init_nobinit_nopinit:__TI_auto_init_nobinit_nopinit</name>
         <load_address>0x2000c144</load_address>
         <run_address>0x2000c144</run_address>
         <size>0x44</size>
         <input_file_ref idref="fl-d8"/>
      </object_component>
      <object_component id="oc-831">
         <name>.text:cc_SetupTransfer</name>
         <load_address>0x2000c188</load_address>
         <run_address>0x2000c188</run_address>
         <size>0x44</size>
         <input_file_ref idref="fl-f8"/>
      </object_component>
      <object_component id="oc-28c">
         <name>.text:sl_Htonl</name>
         <load_address>0x2000c1cc</load_address>
         <run_address>0x2000c1cc</run_address>
         <size>0x42</size>
         <input_file_ref idref="fl-f6"/>
      </object_component>
      <object_component id="oc-40b">
         <name>.text:PinModeSet</name>
         <load_address>0x2000c210</load_address>
         <run_address>0x2000c210</run_address>
         <size>0x40</size>
         <input_file_ref idref="fl-eb"/>
      </object_component>
      <object_component id="oc-8b8">
         <name>.text:_SlDrvHandleNetAppEvents</name>
         <load_address>0x2000c250</load_address>
         <run_address>0x2000c250</run_address>
         <size>0x40</size>
         <input_file_ref idref="fl-f2"/>
      </object_component>
      <object_component id="oc-8b2">
         <name>.text:_SlDrvHandleWlanEvents</name>
         <load_address>0x2000c290</load_address>
         <run_address>0x2000c290</run_address>
         <size>0x40</size>
         <input_file_ref idref="fl-f2"/>
      </object_component>
      <object_component id="oc-325">
         <name>.text:_sl_TruncatePayloadByProtocol</name>
         <load_address>0x2000c2d0</load_address>
         <run_address>0x2000c2d0</run_address>
         <size>0x40</size>
         <input_file_ref idref="fl-f6"/>
      </object_component>
      <object_component id="oc-10d">
         <name>.text:sprintf</name>
         <load_address>0x2000c310</load_address>
         <run_address>0x2000c310</run_address>
         <size>0x40</size>
         <input_file_ref idref="fl-c4"/>
      </object_component>
      <object_component id="oc-1d3">
         <name>.text:vsnprintf</name>
         <load_address>0x2000c350</load_address>
         <run_address>0x2000c350</run_address>
         <size>0x40</size>
         <input_file_ref idref="fl-c5"/>
      </object_component>
      <object_component id="oc-2cb">
         <name>.text:NwpRegisterInterruptHandler</name>
         <load_address>0x2000c390</load_address>
         <run_address>0x2000c390</run_address>
         <size>0x3e</size>
         <input_file_ref idref="fl-f8"/>
      </object_component>
      <object_component id="oc-730">
         <name>.text:_fcpy</name>
         <load_address>0x2000c3ce</load_address>
         <run_address>0x2000c3ce</run_address>
         <size>0x3e</size>
         <input_file_ref idref="fl-d0"/>
      </object_component>
      <object_component id="oc-8d9">
         <name>.text:CopyPingResultsToReport</name>
         <load_address>0x2000c40c</load_address>
         <run_address>0x2000c40c</run_address>
         <size>0x3c</size>
         <input_file_ref idref="fl-f3"/>
      </object_component>
      <object_component id="oc-188">
         <name>.text:PRCMPeripheralClkEnable</name>
         <load_address>0x2000c448</load_address>
         <run_address>0x2000c448</run_address>
         <size>0x3c</size>
         <input_file_ref idref="fl-ec"/>
      </object_component>
      <object_component id="oc-86e">
         <name>.text:simplelink_timerA2_start</name>
         <load_address>0x2000c484</load_address>
         <run_address>0x2000c484</run_address>
         <size>0x3c</size>
         <input_file_ref idref="fl-f8"/>
      </object_component>
      <object_component id="oc-286">
         <name>.text:sl_Htons</name>
         <load_address>0x2000c4c0</load_address>
         <run_address>0x2000c4c0</run_address>
         <size>0x3c</size>
         <input_file_ref idref="fl-f6"/>
      </object_component>
      <object_component id="oc-88f">
         <name>.text:uDMAChannelControlSet</name>
         <load_address>0x2000c4fc</load_address>
         <run_address>0x2000c4fc</run_address>
         <size>0x3c</size>
         <input_file_ref idref="fl-fb"/>
      </object_component>
      <object_component id="oc-2d7">
         <name>.text:NwpPowerOff</name>
         <load_address>0x2000c538</load_address>
         <run_address>0x2000c538</run_address>
         <size>0x38</size>
         <input_file_ref idref="fl-f8"/>
      </object_component>
      <object_component id="oc-24a">
         <name>.text:sl_WlanDisconnect</name>
         <load_address>0x2000c570</load_address>
         <run_address>0x2000c570</run_address>
         <size>0x38</size>
         <input_file_ref idref="fl-f7"/>
      </object_component>
      <object_component id="oc-212">
         <name>.text:GPIODirModeSet</name>
         <load_address>0x2000c5a8</load_address>
         <run_address>0x2000c5a8</run_address>
         <size>0x36</size>
         <input_file_ref idref="fl-e9"/>
      </object_component>
      <object_component id="oc-632">
         <name>.text:PRCMPeripheralStatusGet</name>
         <load_address>0x2000c5e0</load_address>
         <run_address>0x2000c5e0</run_address>
         <size>0x34</size>
         <input_file_ref idref="fl-ec"/>
      </object_component>
      <object_component id="oc-64a">
         <name>.text:SPIFIFOLevelSet</name>
         <load_address>0x2000c614</load_address>
         <run_address>0x2000c614</run_address>
         <size>0x34</size>
         <input_file_ref idref="fl-f9"/>
      </object_component>
      <object_component id="oc-20c">
         <name>.text:PinTypeGPIO</name>
         <load_address>0x2000c648</load_address>
         <run_address>0x2000c648</run_address>
         <size>0x30</size>
         <input_file_ref idref="fl-eb"/>
      </object_component>
      <object_component id="oc-3b6">
         <name>.text:UARTDisable</name>
         <load_address>0x2000c678</load_address>
         <run_address>0x2000c678</run_address>
         <size>0x30</size>
         <input_file_ref idref="fl-ed"/>
      </object_component>
      <object_component id="oc-3c4">
         <name>.text:_outs</name>
         <load_address>0x2000c6a8</load_address>
         <run_address>0x2000c6a8</run_address>
         <size>0x30</size>
         <input_file_ref idref="fl-c5"/>
      </object_component>
      <object_component id="oc-713">
         <name>.text</name>
         <load_address>0x2000c6d8</load_address>
         <run_address>0x2000c6d8</run_address>
         <size>0x2e</size>
         <input_file_ref idref="fl-d6"/>
      </object_component>
      <object_component id="oc-422">
         <name>.text:NwpPowerOn</name>
         <load_address>0x2000c708</load_address>
         <run_address>0x2000c708</run_address>
         <size>0x2c</size>
         <input_file_ref idref="fl-f8"/>
      </object_component>
      <object_component id="oc-176">
         <name>.text:PRCMSysResetCauseGet</name>
         <load_address>0x2000c734</load_address>
         <run_address>0x2000c734</run_address>
         <size>0x2c</size>
         <input_file_ref idref="fl-ec"/>
      </object_component>
      <object_component id="oc-385">
         <name>.text:_SlDrvObjGlobalLockWaitForever</name>
         <load_address>0x2000c760</load_address>
         <run_address>0x2000c760</run_address>
         <size>0x2c</size>
         <input_file_ref idref="fl-f2"/>
      </object_component>
      <object_component id="oc-4b7">
         <name>.text:_SlDrvProtectionObjLockWaitForever</name>
         <load_address>0x2000c78c</load_address>
         <run_address>0x2000c78c</run_address>
         <size>0x2c</size>
         <input_file_ref idref="fl-f2"/>
      </object_component>
      <object_component id="oc-90a">
         <name>.text:TimerLoadSet</name>
         <load_address>0x2000c7b8</load_address>
         <run_address>0x2000c7b8</run_address>
         <size>0x2a</size>
         <input_file_ref idref="fl-fa"/>
      </object_component>
      <object_component id="oc-904">
         <name>.text:TimerPrescaleSet</name>
         <load_address>0x2000c7e2</load_address>
         <run_address>0x2000c7e2</run_address>
         <size>0x2a</size>
         <input_file_ref idref="fl-fa"/>
      </object_component>
      <object_component id="oc-194">
         <name>.text:PRCMPeripheralClkDisable</name>
         <load_address>0x2000c80c</load_address>
         <run_address>0x2000c80c</run_address>
         <size>0x28</size>
         <input_file_ref idref="fl-ec"/>
      </object_component>
      <object_component id="oc-38b">
         <name>.text:_SlDrvGlobalObjUnLock</name>
         <load_address>0x2000c834</load_address>
         <run_address>0x2000c834</run_address>
         <size>0x28</size>
         <input_file_ref idref="fl-f2"/>
      </object_component>
      <object_component id="oc-4bd">
         <name>.text:_SlDrvProtectionObjUnLock</name>
         <load_address>0x2000c85c</load_address>
         <run_address>0x2000c85c</run_address>
         <size>0x28</size>
         <input_file_ref idref="fl-f2"/>
      </object_component>
      <object_component id="oc-4c3">
         <name>.text:_SlDrvSyncObjWaitForever</name>
         <load_address>0x2000c884</load_address>
         <run_address>0x2000c884</run_address>
         <size>0x28</size>
         <input_file_ref idref="fl-f2"/>
      </object_component>
      <object_component id="oc-3f4">
         <name>.text:free_list_insert</name>
         <load_address>0x2000c8ac</load_address>
         <run_address>0x2000c8ac</run_address>
         <size>0x28</size>
         <input_file_ref idref="fl-cc"/>
      </object_component>
      <object_component id="oc-1e5">
         <name>.text:memmove</name>
         <load_address>0x2000c8d4</load_address>
         <run_address>0x2000c8d4</run_address>
         <size>0x28</size>
         <input_file_ref idref="fl-cb"/>
      </object_component>
      <object_component id="oc-5a9">
         <name>.text:_SlDrvObjLockWaitForever</name>
         <load_address>0x2000c8fc</load_address>
         <run_address>0x2000c8fc</run_address>
         <size>0x26</size>
         <input_file_ref idref="fl-f2"/>
      </object_component>
      <object_component id="oc-952">
         <name>.text</name>
         <load_address>0x2000c922</load_address>
         <run_address>0x2000c922</run_address>
         <size>0x26</size>
         <input_file_ref idref="fl-4"/>
      </object_component>
      <object_component id="oc-65d">
         <name>.text:DmaSpiSwIntHandler</name>
         <load_address>0x2000c948</load_address>
         <run_address>0x2000c948</run_address>
         <size>0x24</size>
         <input_file_ref idref="fl-f8"/>
      </object_component>
      <object_component id="oc-507">
         <name>.text:IntUnregister</name>
         <load_address>0x2000c96c</load_address>
         <run_address>0x2000c96c</run_address>
         <size>0x24</size>
         <input_file_ref idref="fl-ea"/>
      </object_component>
      <object_component id="oc-3bc">
         <name>.text:UARTEnable</name>
         <load_address>0x2000c990</load_address>
         <run_address>0x2000c990</run_address>
         <size>0x24</size>
         <input_file_ref idref="fl-ed"/>
      </object_component>
      <object_component id="oc-5b">
         <name>.text:_c_int00_noargs:_c_int00_noargs</name>
         <load_address>0x2000c9b4</load_address>
         <run_address>0x2000c9b4</run_address>
         <size>0x24</size>
         <input_file_ref idref="fl-cf"/>
      </object_component>
      <object_component id="oc-542">
         <name>.text:SPIReset</name>
         <load_address>0x2000c9d8</load_address>
         <run_address>0x2000c9d8</run_address>
         <size>0x22</size>
         <input_file_ref idref="fl-f9"/>
      </object_component>
      <object_component id="oc-784">
         <name>.text:SPIWordCountSet</name>
         <load_address>0x2000c9fa</load_address>
         <run_address>0x2000c9fa</run_address>
         <size>0x22</size>
         <input_file_ref idref="fl-f9"/>
      </object_component>
      <object_component id="oc-497">
         <name>.text:GPIOPinWrite</name>
         <load_address>0x2000ca1c</load_address>
         <run_address>0x2000ca1c</run_address>
         <size>0x20</size>
         <input_file_ref idref="fl-e9"/>
      </object_component>
      <object_component id="oc-513">
         <name>.text:IntRegister</name>
         <load_address>0x2000ca3c</load_address>
         <run_address>0x2000ca3c</run_address>
         <size>0x20</size>
         <input_file_ref idref="fl-ea"/>
      </object_component>
      <object_component id="oc-2d1">
         <name>.text:NwpPrePowerOffTimout0</name>
         <load_address>0x2000ca5c</load_address>
         <run_address>0x2000ca5c</run_address>
         <size>0x20</size>
         <input_file_ref idref="fl-f8"/>
      </object_component>
      <object_component id="oc-7e4">
         <name>.text:TimerGetCurrentTimestamp</name>
         <load_address>0x2000ca7c</load_address>
         <run_address>0x2000ca7c</run_address>
         <size>0x20</size>
         <input_file_ref idref="fl-f8"/>
      </object_component>
      <object_component id="oc-5af">
         <name>.text:_SlDrvObjUnLock</name>
         <load_address>0x2000ca9c</load_address>
         <run_address>0x2000ca9c</run_address>
         <size>0x20</size>
         <input_file_ref idref="fl-f2"/>
      </object_component>
      <object_component id="oc-4fa">
         <name>.text:_SlDrvSyncObjSignal</name>
         <load_address>0x2000cabc</load_address>
         <run_address>0x2000cabc</run_address>
         <size>0x20</size>
         <input_file_ref idref="fl-f2"/>
      </object_component>
      <object_component id="oc-485">
         <name>.text:GPIOIntRegister</name>
         <load_address>0x2000cadc</load_address>
         <run_address>0x2000cadc</run_address>
         <size>0x1e</size>
         <input_file_ref idref="fl-e9"/>
      </object_component>
      <object_component id="oc-910">
         <name>.text:TimerEnable</name>
         <load_address>0x2000cafa</load_address>
         <run_address>0x2000cafa</run_address>
         <size>0x1e</size>
         <input_file_ref idref="fl-fa"/>
      </object_component>
      <object_component id="oc-1cd">
         <name>.text:UARTCharPut</name>
         <load_address>0x2000cb18</load_address>
         <run_address>0x2000cb18</run_address>
         <size>0x1e</size>
         <input_file_ref idref="fl-ed"/>
      </object_component>
      <object_component id="oc-638">
         <name>.text:cc_UDMAChannelSelect</name>
         <load_address>0x2000cb36</load_address>
         <run_address>0x2000cb36</run_address>
         <size>0x1e</size>
         <input_file_ref idref="fl-f8"/>
      </object_component>
      <object_component id="oc-874">
         <name>.text:TimerValueGet</name>
         <load_address>0x2000cb54</load_address>
         <run_address>0x2000cb54</run_address>
         <size>0x1c</size>
         <input_file_ref idref="fl-fa"/>
      </object_component>
      <object_component id="oc-1df">
         <name>.text:UARTCharGetNonBlocking</name>
         <load_address>0x2000cb70</load_address>
         <run_address>0x2000cb70</run_address>
         <size>0x1c</size>
         <input_file_ref idref="fl-ed"/>
      </object_component>
      <object_component id="oc-6b3">
         <name>.text:_SlDrvStartMeasureTimeout</name>
         <load_address>0x2000cb8c</load_address>
         <run_address>0x2000cb8c</run_address>
         <size>0x1c</size>
         <input_file_ref idref="fl-f2"/>
      </object_component>
      <object_component id="oc-49">
         <name>.text:decompress:ZI:__TI_zero_init_nomemset:__TI_zero_init_nomemset</name>
         <load_address>0x2000cba8</load_address>
         <run_address>0x2000cba8</run_address>
         <size>0x1c</size>
         <input_file_ref idref="fl-c8"/>
      </object_component>
      <object_component id="oc-3e7">
         <name>.text:free_list_remove</name>
         <load_address>0x2000cbc4</load_address>
         <run_address>0x2000cbc4</run_address>
         <size>0x1c</size>
         <input_file_ref idref="fl-cc"/>
      </object_component>
      <object_component id="oc-583">
         <name>.text:memccpy</name>
         <load_address>0x2000cbe0</load_address>
         <run_address>0x2000cbe0</run_address>
         <size>0x1c</size>
         <input_file_ref idref="fl-e1"/>
      </object_component>
      <object_component id="oc-8a1">
         <name>.text:uDMAChannelEnable</name>
         <load_address>0x2000cbfc</load_address>
         <run_address>0x2000cbfc</run_address>
         <size>0x1c</size>
         <input_file_ref idref="fl-fb"/>
      </object_component>
      <object_component id="oc-491">
         <name>.text:GPIOIntEnable</name>
         <load_address>0x2000cc18</load_address>
         <run_address>0x2000cc18</run_address>
         <size>0x1a</size>
         <input_file_ref idref="fl-e9"/>
      </object_component>
      <object_component id="oc-218">
         <name>.text:PinTypeUART</name>
         <load_address>0x2000cc32</load_address>
         <run_address>0x2000cc32</run_address>
         <size>0x1a</size>
         <input_file_ref idref="fl-eb"/>
      </object_component>
      <object_component id="oc-530">
         <name>.text:SPIDmaDisable</name>
         <load_address>0x2000cc4c</load_address>
         <run_address>0x2000cc4c</run_address>
         <size>0x1a</size>
         <input_file_ref idref="fl-f9"/>
      </object_component>
      <object_component id="oc-644">
         <name>.text:SPIDmaEnable</name>
         <load_address>0x2000cc66</load_address>
         <run_address>0x2000cc66</run_address>
         <size>0x1a</size>
         <input_file_ref idref="fl-f9"/>
      </object_component>
      <object_component id="oc-52a">
         <name>.text:SPIFIFODisable</name>
         <load_address>0x2000cc80</load_address>
         <run_address>0x2000cc80</run_address>
         <size>0x1a</size>
         <input_file_ref idref="fl-f9"/>
      </object_component>
      <object_component id="oc-63e">
         <name>.text:SPIFIFOEnable</name>
         <load_address>0x2000cc9a</load_address>
         <run_address>0x2000cc9a</run_address>
         <size>0x1a</size>
         <input_file_ref idref="fl-f9"/>
      </object_component>
      <object_component id="oc-524">
         <name>.text:SPIIntUnregister</name>
         <load_address>0x2000ccb4</load_address>
         <run_address>0x2000ccb4</run_address>
         <size>0x1a</size>
         <input_file_ref idref="fl-f9"/>
      </object_component>
      <object_component id="oc-4a3">
         <name>.text:GPIOPinRead</name>
         <load_address>0x2000ccce</load_address>
         <run_address>0x2000ccce</run_address>
         <size>0x18</size>
         <input_file_ref idref="fl-e9"/>
      </object_component>
      <object_component id="oc-536">
         <name>.text:SPICSDisable</name>
         <load_address>0x2000cce6</load_address>
         <run_address>0x2000cce6</run_address>
         <size>0x18</size>
         <input_file_ref idref="fl-f9"/>
      </object_component>
      <object_component id="oc-77e">
         <name>.text:SPICSEnable</name>
         <load_address>0x2000ccfe</load_address>
         <run_address>0x2000ccfe</run_address>
         <size>0x18</size>
         <input_file_ref idref="fl-f9"/>
      </object_component>
      <object_component id="oc-53c">
         <name>.text:SPIDisable</name>
         <load_address>0x2000cd16</load_address>
         <run_address>0x2000cd16</run_address>
         <size>0x18</size>
         <input_file_ref idref="fl-f9"/>
      </object_component>
      <object_component id="oc-656">
         <name>.text:SPIEnable</name>
         <load_address>0x2000cd2e</load_address>
         <run_address>0x2000cd2e</run_address>
         <size>0x18</size>
         <input_file_ref idref="fl-f9"/>
      </object_component>
      <object_component id="oc-1d9">
         <name>.text:UARTCharsAvail</name>
         <load_address>0x2000cd46</load_address>
         <run_address>0x2000cd46</run_address>
         <size>0x18</size>
         <input_file_ref idref="fl-ed"/>
      </object_component>
      <object_component id="oc-54d">
         <name>.text:_SlNonOsSemSet</name>
         <load_address>0x2000cd5e</load_address>
         <run_address>0x2000cd5e</run_address>
         <size>0x18</size>
         <input_file_ref idref="fl-f5"/>
      </object_component>
      <object_component id="oc-3ca">
         <name>.text:_outc</name>
         <load_address>0x2000cd76</load_address>
         <run_address>0x2000cd76</run_address>
         <size>0x18</size>
         <input_file_ref idref="fl-c5"/>
      </object_component>
      <object_component id="oc-317">
         <name>.text:_outs</name>
         <load_address>0x2000cd8e</load_address>
         <run_address>0x2000cd8e</run_address>
         <size>0x18</size>
         <input_file_ref idref="fl-c4"/>
      </object_component>
      <object_component id="oc-428">
         <name>.text:_sl_GetStartResponseConvert</name>
         <load_address>0x2000cda8</load_address>
         <run_address>0x2000cda8</run_address>
         <size>0x18</size>
         <input_file_ref idref="fl-f1"/>
      </object_component>
      <object_component id="oc-17c">
         <name>.text:PRCMHIBRegRead</name>
         <load_address>0x2000cdc0</load_address>
         <run_address>0x2000cdc0</run_address>
         <size>0x16</size>
         <input_file_ref idref="fl-ec"/>
      </object_component>
      <object_component id="oc-182">
         <name>.text:PRCMHIBRegWrite</name>
         <load_address>0x2000cdd6</load_address>
         <run_address>0x2000cdd6</run_address>
         <size>0x16</size>
         <input_file_ref idref="fl-ec"/>
      </object_component>
      <object_component id="oc-37e">
         <name>.text:_SlDrvMemZero</name>
         <load_address>0x2000cdec</load_address>
         <run_address>0x2000cdec</run_address>
         <size>0x16</size>
         <input_file_ref idref="fl-f2"/>
      </object_component>
      <object_component id="oc-744">
         <name>.text:strchr</name>
         <load_address>0x2000ce02</load_address>
         <run_address>0x2000ce02</run_address>
         <size>0x16</size>
         <input_file_ref idref="fl-e2"/>
      </object_component>
      <object_component id="oc-166">
         <name>.text:CPUcpsie</name>
         <load_address>0x2000ce18</load_address>
         <run_address>0x2000ce18</run_address>
         <size>0x14</size>
         <input_file_ref idref="fl-ef"/>
      </object_component>
      <object_component id="oc-48b">
         <name>.text:GPIOIntClear</name>
         <load_address>0x2000ce2c</load_address>
         <run_address>0x2000ce2c</run_address>
         <size>0x14</size>
         <input_file_ref idref="fl-e9"/>
      </object_component>
      <object_component id="oc-c5">
         <name>.text:IntVTableBaseSet</name>
         <load_address>0x2000ce40</load_address>
         <run_address>0x2000ce40</run_address>
         <size>0x14</size>
         <input_file_ref idref="fl-ea"/>
      </object_component>
      <object_component id="oc-101">
         <name>.text:strcpy</name>
         <load_address>0x2000ce54</load_address>
         <run_address>0x2000ce54</run_address>
         <size>0x14</size>
         <input_file_ref idref="fl-cd"/>
      </object_component>
      <object_component id="oc-107">
         <name>.text:strlen</name>
         <load_address>0x2000ce68</load_address>
         <run_address>0x2000ce68</run_address>
         <size>0x14</size>
         <input_file_ref idref="fl-ce"/>
      </object_component>
      <object_component id="oc-589">
         <name>.text:wcslen</name>
         <load_address>0x2000ce7c</load_address>
         <run_address>0x2000ce7c</run_address>
         <size>0x12</size>
         <input_file_ref idref="fl-e4"/>
      </object_component>
      <object_component id="oc-8cc">
         <name>.text:_SlDrvDispatchHttpServerEvents</name>
         <load_address>0x2000ce8e</load_address>
         <run_address>0x2000ce8e</run_address>
         <size>0x10</size>
         <input_file_ref idref="fl-f2"/>
      </object_component>
      <object_component id="oc-19b">
         <name>.text:_SlDrvResetCmdExt</name>
         <load_address>0x2000ce9e</load_address>
         <run_address>0x2000ce9e</run_address>
         <size>0xe</size>
         <input_file_ref idref="fl-f2"/>
      </object_component>
      <object_component id="oc-1b">
         <name>.text:decompress:none:__TI_decompress_none</name>
         <load_address>0x2000ceac</load_address>
         <run_address>0x2000ceac</run_address>
         <size>0xe</size>
         <input_file_ref idref="fl-c9"/>
      </object_component>
      <object_component id="oc-29">
         <name>.text</name>
         <load_address>0x2000ceba</load_address>
         <run_address>0x2000ceba</run_address>
         <size>0xe</size>
         <input_file_ref idref="fl-6"/>
      </object_component>
      <object_component id="oc-51d">
         <name>.text:NwpMaskInterrupt</name>
         <load_address>0x2000cec8</load_address>
         <run_address>0x2000cec8</run_address>
         <size>0xc</size>
         <input_file_ref idref="fl-f8"/>
      </object_component>
      <object_component id="oc-664">
         <name>.text:NwpUnMaskInterrupt</name>
         <load_address>0x2000ced4</load_address>
         <run_address>0x2000ced4</run_address>
         <size>0xc</size>
         <input_file_ref idref="fl-f8"/>
      </object_component>
      <object_component id="oc-815">
         <name>.text:copysign</name>
         <load_address>0x2000cee0</load_address>
         <run_address>0x2000cee0</run_address>
         <size>0xc</size>
         <input_file_ref idref="fl-e8"/>
      </object_component>
      <object_component id="oc-cb">
         <name>.text:IntMasterEnable</name>
         <load_address>0x2000ceec</load_address>
         <run_address>0x2000ceec</run_address>
         <size>0xa</size>
         <input_file_ref idref="fl-ea"/>
      </object_component>
      <object_component id="oc-31d">
         <name>.text:_outc</name>
         <load_address>0x2000cef6</load_address>
         <run_address>0x2000cef6</run_address>
         <size>0xa</size>
         <input_file_ref idref="fl-c4"/>
      </object_component>
      <object_component id="oc-58f">
         <name>.text:__aeabi_errno_addr</name>
         <load_address>0x2000cf00</load_address>
         <run_address>0x2000cf00</run_address>
         <size>0x8</size>
         <input_file_ref idref="fl-e3"/>
      </object_component>
      <object_component id="oc-1eb">
         <name>.text:malloc</name>
         <load_address>0x2000cf08</load_address>
         <run_address>0x2000cf08</run_address>
         <size>0x8</size>
         <input_file_ref idref="fl-cc"/>
      </object_component>
      <object_component id="oc-27b">
         <name>.text:UtilsDelay</name>
         <load_address>0x2000cf10</load_address>
         <run_address>0x2000cf10</run_address>
         <size>0x6</size>
         <input_file_ref idref="fl-ee"/>
      </object_component>
      <object_component id="oc-91">
         <name>.text:_system_pre_init</name>
         <load_address>0x2000cf16</load_address>
         <run_address>0x2000cf16</run_address>
         <size>0x4</size>
         <input_file_ref idref="fl-d9"/>
      </object_component>
      <object_component id="oc-127">
         <name>.text:abort:abort</name>
         <load_address>0x2000cf1a</load_address>
         <run_address>0x2000cf1a</run_address>
         <size>0x4</size>
         <input_file_ref idref="fl-db"/>
      </object_component>
      <object_component id="oc-6ed">
         <name>.const:.string:_ctypes_</name>
         <load_address>0x2000cf20</load_address>
         <run_address>0x2000cf20</run_address>
         <size>0x101</size>
         <input_file_ref idref="fl-e0"/>
      </object_component>
      <object_component id="oc-623">
         <name>.const:g_ulPinToPadMap</name>
         <load_address>0x2000d024</load_address>
         <run_address>0x2000d024</run_address>
         <size>0x100</size>
         <input_file_ref idref="fl-eb"/>
      </object_component>
      <object_component id="oc-690">
         <name>.const:g_pulRegs</name>
         <load_address>0x2000d124</load_address>
         <run_address>0x2000d124</run_address>
[...]
      </symbol>
      <symbol id="sm-a25">
         <name>sl_Start</name>
         <value>0x200095dd</value>
         <object_component_ref idref="oc-226"/>
      </symbol>
      <symbol id="sm-a26">
         <name>sl_DevGet</name>
         <value>0x20009dbd</value>
         <object_component_ref idref="oc-238"/>
      </symbol>
      <symbol id="sm-d14">
         <name>RxIrqCnt</name>
         <value>0x2001f224</value>
      </symbol>
      <symbol id="sm-d15">
         <name>g_bDeviceRestartIsRequired</name>
         <value>0x2001f225</value>
      </symbol>
      <symbol id="sm-d16">
         <name>_SlDrvProtectionObjUnLock</name>
         <value>0x2000c85d</value>
         <object_component_ref idref="oc-4bd"/>
      </symbol>
      <symbol id="sm-d17">
         <name>_SlDrvBasicCmd</name>
         <value>0x2000bfa5</value>
         <object_component_ref idref="oc-450"/>
      </symbol>
      <symbol id="sm-d18">
         <name>_SlDrvObjUnLock</name>
         <value>0x2000ca9d</value>
         <object_component_ref idref="oc-5af"/>
      </symbol>
      <symbol id="sm-d19">
         <name>_SlDrvObjLockWaitForever</name>
         <value>0x2000c8fd</value>
         <object_component_ref idref="oc-5a9"/>
      </symbol>
      <symbol id="sm-d1a">
         <name>_SlDrvMsgReadSpawnCtx</name>
         <value>0x200097b1</value>
         <object_component_ref idref="oc-60b"/>
      </symbol>
      <symbol id="sm-d1b">
         <name>_SlDrvDispatchHttpServerEvents</name>
         <value>0x2000ce8f</value>
         <object_component_ref idref="oc-8cc"/>
      </symbol>
      <symbol id="sm-d1c">
         <name>_SlDrvHandleNetAppEvents</name>
         <value>0x2000c251</value>
         <object_component_ref idref="oc-8b8"/>
      </symbol>
      <symbol id="sm-d1d">
         <name>_SlDriverHandleError</name>
         <value>0x2000a2c1</value>
         <object_component_ref idref="oc-4ed"/>
      </symbol>
      <symbol id="sm-d1e">
         <name>_SlDrvDriverCBDeinit</name>
         <value>0x20008dbd</value>
         <object_component_ref idref="oc-2e3"/>
      </symbol>
      <symbol id="sm-d1f">
         <name>_SlDrvStartMeasureTimeout</name>
         <value>0x2000cb8d</value>
         <object_component_ref idref="oc-6b3"/>
      </symbol>
      <symbol id="sm-d20">
         <name>_SlDrvResetCmdExt</name>
         <value>0x2000ce9f</value>
         <object_component_ref idref="oc-19b"/>
      </symbol>
      <symbol id="sm-d21">
         <name>_SlDrvIsTimeoutExpired</name>
         <value>0x2000acc9</value>
         <object_component_ref idref="oc-6b9"/>
      </symbol>
      <symbol id="sm-d22">
         <name>_SlDrvProtectAsyncRespSetting</name>
         <value>0x2000bde5</value>
         <object_component_ref idref="oc-2b9"/>
      </symbol>
      <symbol id="sm-d23">
         <name>_SlDrvReleasePoolObj</name>
         <value>0x2000764d</value>
         <object_component_ref idref="oc-2c5"/>
      </symbol>
      <symbol id="sm-d24">
         <name>_SlDrvHandleWlanEvents</name>
         <value>0x2000c291</value>
         <object_component_ref idref="oc-8b2"/>
      </symbol>
      <symbol id="sm-d25">
         <name>OpcodeTranslateTable</name>
         <value>0x2000d2a0</value>
         <object_component_ref idref="oc-7ac"/>
      </symbol>
      <symbol id="sm-d26">
         <name>pPingCallBackFunc</name>
         <value>0x2001f284</value>
         <object_component_ref idref="oc-1aa"/>
      </symbol>
      <symbol id="sm-d27">
         <name>_SlDrvDriverCBInit</name>
         <value>0x20007ba1</value>
         <object_component_ref idref="oc-416"/>
      </symbol>
      <symbol id="sm-d28">
         <name>g_pCB</name>
         <value>0x2001f280</value>
         <object_component_ref idref="oc-1aa"/>
      </symbol>
      <symbol id="sm-d29">
         <name>_SlDrvProtectionObjLockWaitForever</name>
         <value>0x2000c78d</value>
         <object_component_ref idref="oc-4b7"/>
      </symbol>
      <symbol id="sm-d2a">
         <name>_SlDrvCmdOp</name>
         <value>0x20009f4d</value>
         <object_component_ref idref="oc-1a1"/>
      </symbol>
      <symbol id="sm-d2b">
         <name>_SlDrvSyncObjWaitTimeout</name>
         <value>0x2000c101</value>
         <object_component_ref idref="oc-2bf"/>
      </symbol>
      <symbol id="sm-d2c">
         <name>_SlDrvGlobalObjUnLock</name>
         <value>0x2000c835</value>
         <object_component_ref idref="oc-38b"/>
      </symbol>
      <symbol id="sm-d2d">
         <name>_SlDrvMemZero</name>
         <value>0x2000cded</value>
         <object_component_ref idref="oc-37e"/>
      </symbol>
      <symbol id="sm-d2e">
         <name>_SlDrvWaitForPoolObj</name>
         <value>0x20007ef1</value>
         <object_component_ref idref="oc-4b1"/>
      </symbol>
      <symbol id="sm-d2f">
         <name>_SlDrvSyncObjSignal</name>
         <value>0x2000cabd</value>
         <object_component_ref idref="oc-4fa"/>
      </symbol>
      <symbol id="sm-d30">
         <name>_SlDrvDataReadOp</name>
         <value>0x20007469</value>
         <object_component_ref idref="oc-33f"/>
      </symbol>
      <symbol id="sm-d31">
         <name>_SlDrvDataWriteOp</name>
         <value>0x200084f5</value>
         <object_component_ref idref="oc-32b"/>
      </symbol>
      <symbol id="sm-d32">
         <name>_SlDrvRxIrqHandler</name>
         <value>0x2000bbad</value>
         <object_component_ref idref="oc-42e"/>
      </symbol>
      <symbol id="sm-d33">
         <name>_SlDrvHandleHttpServerEvents</name>
         <value>0x2000c0bd</value>
         <object_component_ref idref="oc-930"/>
      </symbol>
      <symbol id="sm-d34">
         <name>_SlDrvSyncObjWaitForever</name>
         <value>0x2000c885</value>
         <object_component_ref idref="oc-4c3"/>
      </symbol>
      <symbol id="sm-d35">
         <name>g_SlDeviceStatus</name>
         <value>0x2001f27c</value>
         <object_component_ref idref="oc-1aa"/>
      </symbol>
      <symbol id="sm-d36">
         <name>_SlDrvCmdSend</name>
         <value>0x2000b549</value>
         <object_component_ref idref="oc-937"/>
      </symbol>
      <symbol id="sm-d37">
         <name>_SlActionLookupTable</name>
         <value>0x2000d2dc</value>
         <object_component_ref idref="oc-85f"/>
      </symbol>
      <symbol id="sm-ddf">
         <name>sl_NetAppMDNSUnRegisterService</name>
         <value>0x2000b751</value>
         <object_component_ref idref="oc-25c"/>
      </symbol>
      <symbol id="sm-de0">
         <name>_SlNetAppSendTokenValueCmdCtrl</name>
         <value>0x2000d4aa</value>
         <object_component_ref idref="oc-93d"/>
      </symbol>
      <symbol id="sm-de1">
         <name>sl_NetAppDnsGetHostByName</name>
         <value>0x200088d1</value>
         <object_component_ref idref="oc-280"/>
      </symbol>
      <symbol id="sm-de2">
         <name>_sl_HandleAsync_DnsGetHostByName</name>
         <value>0x2000aa01</value>
         <object_component_ref idref="oc-8c0"/>
      </symbol>
      <symbol id="sm-de3">
         <name>_sl_HandleAsync_PingResponse</name>
         <value>0x2000aa91</value>
         <object_component_ref idref="oc-84b"/>
      </symbol>
      <symbol id="sm-de4">
         <name>_SlDrvNetAppEventHandler</name>
         <value>0x2000900d</value>
         <object_component_ref idref="oc-845"/>
      </symbol>
      <symbol id="sm-de5">
         <name>_sl_HandleAsync_DnsGetHostByService</name>
         <value>0x20009cf1</value>
         <object_component_ref idref="oc-8c6"/>
      </symbol>
      <symbol id="sm-de6">
         <name>_sl_NetAppSendTokenValue</name>
         <value>0x2000b5b5</value>
         <object_component_ref idref="oc-8d2"/>
      </symbol>
      <symbol id="sm-de7">
         <name>sl_NetAppMDNSRegisterUnregisterService</name>
         <value>0x20009a61</value>
         <object_component_ref idref="oc-465"/>
      </symbol>
      <symbol id="sm-e09">
         <name>sl_NetCfgSet</name>
         <value>0x2000a675</value>
         <object_component_ref idref="oc-250"/>
      </symbol>
      <symbol id="sm-e51">
         <name>_SlNonOsSemSet</name>
         <value>0x2000cd5f</value>
         <object_component_ref idref="oc-54d"/>
      </symbol>
      <symbol id="sm-e52">
         <name>_SlNonOsSpawn</name>
         <value>0x2000b689</value>
         <object_component_ref idref="oc-604"/>
      </symbol>
      <symbol id="sm-e53">
         <name>_SlNonOsSemGet</name>
         <value>0x2000a0c1</value>
         <object_component_ref idref="oc-4e7"/>
      </symbol>
      <symbol id="sm-e54">
         <name>_SlNonOsMainLoopTask</name>
         <value>0x2000b3f5</value>
         <object_component_ref idref="oc-22c"/>
      </symbol>
      <symbol id="sm-e55">
         <name>g__SlNonOsCB</name>
         <value>0x2001f22c</value>
         <object_component_ref idref="oc-435"/>
      </symbol>
      <symbol id="sm-f56">
         <name>sl_Recv</name>
         <value>0x2000a405</value>
         <object_component_ref idref="oc-11f"/>
      </symbol>
      <symbol id="sm-f57">
         <name>sl_Send</name>
         <value>0x20008c89</value>
         <object_component_ref idref="oc-113"/>
      </symbol>
      <symbol id="sm-f58">
         <name>_sl_HandleAsync_Connect</name>
         <value>0x2000b109</value>
         <object_component_ref idref="oc-8e8"/>
      </symbol>
      <symbol id="sm-f59">
         <name>sl_Htonl</name>
         <value>0x2000c1cd</value>
         <object_component_ref idref="oc-28c"/>
      </symbol>
      <symbol id="sm-f5a">
         <name>sl_Htons</name>
         <value>0x2000c4c1</value>
         <object_component_ref idref="oc-286"/>
      </symbol>
      <symbol id="sm-f5b">
         <name>sl_Connect</name>
         <value>0x20008081</value>
         <object_component_ref idref="oc-29e"/>
      </symbol>
      <symbol id="sm-f5c">
         <name>sl_Socket</name>
         <value>0x2000ade1</value>
         <object_component_ref idref="oc-292"/>
      </symbol>
      <symbol id="sm-f5d">
         <name>_sl_HandleAsync_Select</name>
         <value>0x2000bc55</value>
         <object_component_ref idref="oc-8ee"/>
      </symbol>
      <symbol id="sm-f5e">
         <name>sl_Close</name>
         <value>0x2000b87d</value>
         <object_component_ref idref="oc-119"/>
      </symbol>
      <symbol id="sm-f5f">
         <name>_sl_HandleAsync_Accept</name>
         <value>0x2000b6ed</value>
         <object_component_ref idref="oc-8e2"/>
      </symbol>
      <symbol id="sm-f60">
         <name>sl_SetSockOpt</name>
         <value>0x2000a70d</value>
         <object_component_ref idref="oc-298"/>
      </symbol>
      <symbol id="sm-101a">
         <name>sl_WlanDisconnect</name>
         <value>0x2000c571</value>
         <object_component_ref idref="oc-24a"/>
      </symbol>
      <symbol id="sm-101b">
         <name>sl_WlanPolicySet</name>
         <value>0x2000ab21</value>
         <object_component_ref idref="oc-23e"/>
      </symbol>
      <symbol id="sm-101c">
         <name>sl_WlanProfileDel</name>
         <value>0x2000b8dd</value>
         <object_component_ref idref="oc-244"/>
      </symbol>
      <symbol id="sm-101d">
         <name>sl_WlanRxFilterSet</name>
         <value>0x2000b001</value>
         <object_component_ref idref="oc-265"/>
      </symbol>
      <symbol id="sm-101e">
         <name>sl_WlanConnect</name>
         <value>0x20006abd</value>
         <object_component_ref idref="oc-26f"/>
      </symbol>
      <symbol id="sm-101f">
         <name>sl_WlanSet</name>
         <value>0x2000a7a5</value>
         <object_component_ref idref="oc-256"/>
      </symbol>
      <symbol id="sm-1020">
         <name>sl_WlanSetMode</name>
         <value>0x2000b93d</value>
         <object_component_ref idref="oc-232"/>
      </symbol>
      <symbol id="sm-1140">
         <name>g_ucDinDout</name>
         <value>0x2001f168</value>
      </symbol>
      <symbol id="sm-1141">
         <name>g_cDummy</name>
         <value>0x2001f226</value>
      </symbol>
      <symbol id="sm-1142">
         <name>NwpMaskInterrupt</name>
         <value>0x2000cec9</value>
         <object_component_ref idref="oc-51d"/>
      </symbol>
      <symbol id="sm-1143">
         <name>NwpPrePowerOffTimout0</name>
         <value>0x2000ca5d</value>
         <object_component_ref idref="oc-2d1"/>
      </symbol>
      <symbol id="sm-1144">
         <name>NwpRegisterInterruptHandler</name>
         <value>0x2000c391</value>
         <object_component_ref idref="oc-2cb"/>
      </symbol>
      <symbol id="sm-1145">
         <name>g_pHostIntHdl</name>
         <value>0x2001f2a8</value>
         <object_component_ref idref="oc-548"/>
      </symbol>
      <symbol id="sm-1146">
         <name>simplelink_timerA2_start</name>
         <value>0x2000c485</value>
         <object_component_ref idref="oc-86e"/>
      </symbol>
      <symbol id="sm-1147">
         <name>NwpUnMaskInterrupt</name>
         <value>0x2000ced5</value>
         <object_component_ref idref="oc-664"/>
      </symbol>
      <symbol id="sm-1148">
         <name>NwpPowerOff</name>
         <value>0x2000c539</value>
         <object_component_ref idref="oc-2d7"/>
      </symbol>
      <symbol id="sm-1149">
         <name>TimerGetCurrentTimestamp</name>
         <value>0x2000ca7d</value>
         <object_component_ref idref="oc-7e4"/>
      </symbol>
      <symbol id="sm-114a">
         <name>spi_Read</name>
         <value>0x200093fd</value>
         <object_component_ref idref="oc-79f"/>
      </symbol>
      <symbol id="sm-114b">
         <name>DmaSpiSwIntHandler</name>
         <value>0x2000c949</value>
         <object_component_ref idref="oc-65d"/>
      </symbol>
      <symbol id="sm-114c">
         <name>NwpPowerOn</name>
         <value>0x2000c709</value>
         <object_component_ref idref="oc-422"/>
      </symbol>
      <symbol id="sm-114d">
         <name>spi_Close</name>
         <value>0x2000b305</value>
         <object_component_ref idref="oc-2dd"/>
      </symbol>
      <symbol id="sm-114e">
         <name>spi_Write</name>
         <value>0x2000a83d</value>
         <object_component_ref idref="oc-5ee"/>
      </symbol>
      <symbol id="sm-114f">
         <name>spi_Open</name>
         <value>0x20008645</value>
         <object_component_ref idref="oc-41c"/>
      </symbol>
      <symbol id="sm-1150">
         <name>g_ucDMAEnabled</name>
         <value>0x2001f2ac</value>
         <object_component_ref idref="oc-548"/>
      </symbol>
      <symbol id="sm-1151">
         <name>g_SpiFd</name>
         <value>0x2001f2a4</value>
         <object_component_ref idref="oc-548"/>
      </symbol>
      <symbol id="sm-120c">
         <name>SPIFIFODisable</name>
         <value>0x2000cc81</value>
         <object_component_ref idref="oc-52a"/>
      </symbol>
      <symbol id="sm-120d">
         <name>SPICSEnable</name>
         <value>0x2000ccff</value>
         <object_component_ref idref="oc-77e"/>
      </symbol>
      <symbol id="sm-120e">
         <name>SPIDisable</name>
         <value>0x2000cd17</value>
         <object_component_ref idref="oc-53c"/>
      </symbol>
      <symbol id="sm-120f">
         <name>SPIFIFOEnable</name>
         <value>0x2000cc9b</value>
         <object_component_ref idref="oc-63e"/>
      </symbol>
      <symbol id="sm-1210">
         <name>SPIWordCountSet</name>
         <value>0x2000c9fb</value>
         <object_component_ref idref="oc-784"/>
      </symbol>
      <symbol id="sm-1211">
         <name>SPIEnable</name>
         <value>0x2000cd2f</value>
         <object_component_ref idref="oc-656"/>
      </symbol>
      <symbol id="sm-1212">
         <name>SPIDmaEnable</name>
         <value>0x2000cc67</value>
         <object_component_ref idref="oc-644"/>
      </symbol>
      <symbol id="sm-1213">
         <name>SPIConfigSetExpClk</name>
         <value>0x2000a365</value>
         <object_component_ref idref="oc-62c"/>
      </symbol>
      <symbol id="sm-1214">
         <name>SPIIntUnregister</name>
         <value>0x2000ccb5</value>
         <object_component_ref idref="oc-524"/>
      </symbol>
      <symbol id="sm-1215">
         <name>SPIFIFOLevelSet</name>
         <value>0x2000c615</value>
         <object_component_ref idref="oc-64a"/>
      </symbol>
      <symbol id="sm-1216">
         <name>SPIDmaDisable</name>
         <value>0x2000cc4d</value>
         <object_component_ref idref="oc-530"/>
      </symbol>
      <symbol id="sm-1217">
         <name>SPIReset</name>
         <value>0x2000c9d9</value>
         <object_component_ref idref="oc-542"/>
      </symbol>
      <symbol id="sm-1218">
         <name>SPIIntEnable</name>
         <value>0x2000bd4d</value>
         <object_component_ref idref="oc-650"/>
      </symbol>
      <symbol id="sm-1219">
         <name>SPIIntClear</name>
         <value>0x2000bf5d</value>
         <object_component_ref idref="oc-7d3"/>
      </symbol>
      <symbol id="sm-121a">
         <name>SPICSDisable</name>
         <value>0x2000cce7</value>
         <object_component_ref idref="oc-536"/>
      </symbol>
      <symbol id="sm-124d">
         <name>TimerLoadSet</name>
         <value>0x2000c7b9</value>
         <object_component_ref idref="oc-90a"/>
      </symbol>
      <symbol id="sm-124e">
         <name>TimerEnable</name>
         <value>0x2000cafb</value>
         <object_component_ref idref="oc-910"/>
      </symbol>
      <symbol id="sm-124f">
         <name>TimerValueGet</name>
         <value>0x2000cb55</value>
         <object_component_ref idref="oc-874"/>
      </symbol>
      <symbol id="sm-1250">
         <name>TimerPrescaleSet</name>
         <value>0x2000c7e3</value>
         <object_component_ref idref="oc-904"/>
      </symbol>
      <symbol id="sm-1251">
         <name>TimerConfigure</name>
         <value>0x2000c079</value>
         <object_component_ref idref="oc-8fe"/>
      </symbol>
      <symbol id="sm-12a8">
         <name>uDMAChannelControlSet</name>
         <value>0x2000c4fd</value>
         <object_component_ref idref="oc-88f"/>
      </symbol>
      <symbol id="sm-12a9">
         <name>uDMAChannelAttributeEnable</name>
         <value>0x2000b819</value>
         <object_component_ref idref="oc-895"/>
      </symbol>
      <symbol id="sm-12aa">
         <name>uDMAChannelTransferSet</name>
         <value>0x200094ed</value>
         <object_component_ref idref="oc-89b"/>
      </symbol>
      <symbol id="sm-12ab">
         <name>uDMAChannelAssign</name>
         <value>0x2000bec9</value>
         <object_component_ref idref="oc-7bb"/>
      </symbol>
      <symbol id="sm-12ac">
         <name>uDMAChannelAttributeDisable</name>
         <value>0x2000b7b5</value>
         <object_component_ref idref="oc-7c1"/>
      </symbol>
      <symbol id="sm-12ad">
         <name>uDMAChannelEnable</name>
         <value>0x2000cbfd</value>
         <object_component_ref idref="oc-8a1"/>
      </symbol>
      <symbol id="sm-12ae">
         <name>__TI_static_base__</name>
         <value>0x2000d4f0</value>
      </symbol>
      <symbol id="sm-12b1">
         <name>__mpu_init</name>
         <value>0x0</value>
      </symbol>
      <symbol id="sm-12b2">
         <name>_system_post_cinit</name>
         <value>0x0</value>
      </symbol>
   </symbol_table>
   <title>Link successful</title>
</link_info>
