<?xml version="1.0" encoding="ISO-8859-1" ?>
<link_info>
   <banner>TI ARM Linker PC v20.2.7.LTS</banner>
   <copyright>Copyright (c) 1996-2018 Texas Instruments Incorporated</copyright>
   <link_time>0x682c2aa4</link_time>
   <link_errors>0x0</link_errors>
   <output_file>aws-rest-api-ssl-demo.out</output_file>
   <entry_point>
      <name>_c_int00_noargs</name>
      <address>0x2000ca55</address>
   </entry_point>
   <input_file_list>
      <input_file id="fl-2">
         <path>.\</path>
         <kind>object</kind>
         <file>gpio_if.obj</file>
         <name>gpio_if.obj</name>
      </input_file>
      <input_file id="fl-3">
         <path>.\</path>
         <kind>object</kind>
         <file>main.obj</file>
         <name>main.obj</name>
      </input_file>
      <input_file id="fl-4">
         <path>.\</path>
         <kind>object</kind>
         <file>network_common.obj</file>
         <name>network_common.obj</name>
      </input_file>
      <input_file id="fl-5">
         <path>.\</path>
         <kind>object</kind>
         <file>pinmux.obj</file>
         <name>pinmux.obj</name>
      </input_file>
      <input_file id="fl-6">
         <path>.\</path>
         <kind>object</kind>
         <file>startup_ccs.obj</file>
         <name>startup_ccs.obj</name>
      </input_file>
      <input_file id="fl-7">
         <path>.\</path>
         <kind>object</kind>
         <file>uart_if.obj</file>
         <name>uart_if.obj</name>
      </input_file>
      <input_file id="fl-8">
         <path>.\utils\</path>
         <kind>object</kind>
         <file>network_utils.obj</file>
         <name>network_utils.obj</name>
      </input_file>
      <input_file id="fl-e">
         <kind>object</kind>
         <file>&lt;internal&gt;</file>
         <name>&lt;internal&gt;</name>
      </input_file>
      <input_file id="fl-c4">
         <path>C:\Users\standard\ti\ccs1250\ccs\tools\compiler\ti-cgt-arm_20.2.7.LTS\lib\</path>
         <kind>archive</kind>
         <file>rtsv7M4_T_le_eabi.lib</file>
         <name>sprintf.c.obj</name>
      </input_file>
      <input_file id="fl-c5">
         <path>C:\Users\standard\ti\ccs1250\ccs\tools\compiler\ti-cgt-arm_20.2.7.LTS\lib\</path>
         <kind>archive</kind>
         <file>rtsv7M4_T_le_eabi.lib</file>
         <name>vsnprintf.c.obj</name>
      </input_file>
      <input_file id="fl-c6">
         <path>C:\Users\standard\ti\ccs1250\ccs\tools\compiler\ti-cgt-arm_20.2.7.LTS\lib\</path>
         <kind>archive</kind>
         <file>rtsv7M4_T_le_eabi.lib</file>
         <name>memcpy_t2.asm.obj</name>
      </input_file>
      <input_file id="fl-c7">
         <path>C:\Users\standard\ti\ccs1250\ccs\tools\compiler\ti-cgt-arm_20.2.7.LTS\lib\</path>
         <kind>archive</kind>
         <file>rtsv7M4_T_le_eabi.lib</file>
         <name>memset_t2.asm.obj</name>
      </input_file>
      <input_file id="fl-c8">
         <path>C:\Users\standard\ti\ccs1250\ccs\tools\compiler\ti-cgt-arm_20.2.7.LTS\lib\</path>
         <kind>archive</kind>
         <file>rtsv7M4_T_le_eabi.lib</file>
         <name>copy_zero_init.c.obj</name>
      </input_file>
      <input_file id="fl-c9">
         <path>C:\Users\standard\ti\ccs1250\ccs\tools\compiler\ti-cgt-arm_20.2.7.LTS\lib\</path>
         <kind>archive</kind>
         <file>rtsv7M4_T_le_eabi.lib</file>
         <name>copy_decompress_none.c.obj</name>
      </input_file>
      <input_file id="fl-ca">
         <path>C:\Users\standard\ti\ccs1250\ccs\tools\compiler\ti-cgt-arm_20.2.7.LTS\lib\</path>
         <kind>archive</kind>
         <file>rtsv7M4_T_le_eabi.lib</file>
         <name>copy_decompress_lzss.c.obj</name>
      </input_file>
      <input_file id="fl-cb">
         <path>C:\Users\standard\ti\ccs1250\ccs\tools\compiler\ti-cgt-arm_20.2.7.LTS\lib\</path>
         <kind>archive</kind>
         <file>rtsv7M4_T_le_eabi.lib</file>
         <name>memmov.c.obj</name>
      </input_file>
      <input_file id="fl-cc">
         <path>C:\Users\standard\ti\ccs1250\ccs\tools\compiler\ti-cgt-arm_20.2.7.LTS\lib\</path>
         <kind>archive</kind>
         <file>rtsv7M4_T_le_eabi.lib</file>
         <name>memory.c.obj</name>
      </input_file>
      <input_file id="fl-cd">
         <path>C:\Users\standard\ti\ccs1250\ccs\tools\compiler\ti-cgt-arm_20.2.7.LTS\lib\</path>
         <kind>archive</kind>
         <file>rtsv7M4_T_le_eabi.lib</file>
         <name>strcat.c.obj</name>
      </input_file>
      <input_file id="fl-ce">
         <path>C:\Users\standard\ti\ccs1250\ccs\tools\compiler\ti-cgt-arm_20.2.7.LTS\lib\</path>
         <kind>archive</kind>
         <file>rtsv7M4_T_le_eabi.lib</file>
         <name>strcpy.c.obj</name>
      </input_file>
      <input_file id="fl-cf">
         <path>C:\Users\standard\ti\ccs1250\ccs\tools\compiler\ti-cgt-arm_20.2.7.LTS\lib\</path>
         <kind>archive</kind>
         <file>rtsv7M4_T_le_eabi.lib</file>
         <name>strlen.c.obj</name>
      </input_file>
      <input_file id="fl-d0">
         <path>C:\Users\standard\ti\ccs1250\ccs\tools\compiler\ti-cgt-arm_20.2.7.LTS\lib\</path>
         <kind>archive</kind>
         <file>rtsv7M4_T_le_eabi.lib</file>
         <name>boot_cortex_m.c.obj</name>
      </input_file>
      <input_file id="fl-d1">
         <path>C:\Users\standard\ti\ccs1250\ccs\tools\compiler\ti-cgt-arm_20.2.7.LTS\lib\</path>
         <kind>archive</kind>
         <file>rtsv7M4_T_le_eabi.lib</file>
         <name>_printfi.c.obj</name>
      </input_file>
      <input_file id="fl-d2">
         <path>C:\Users\standard\ti\ccs1250\ccs\tools\compiler\ti-cgt-arm_20.2.7.LTS\lib\</path>
         <kind>archive</kind>
         <file>rtsv7M4_T_le_eabi.lib</file>
         <name>fd_add_t2.asm.obj</name>
      </input_file>
      <input_file id="fl-d3">
         <path>C:\Users\standard\ti\ccs1250\ccs\tools\compiler\ti-cgt-arm_20.2.7.LTS\lib\</path>
         <kind>archive</kind>
         <file>rtsv7M4_T_le_eabi.lib</file>
         <name>fd_cmp_t2.asm.obj</name>
      </input_file>
      <input_file id="fl-d4">
         <path>C:\Users\standard\ti\ccs1250\ccs\tools\compiler\ti-cgt-arm_20.2.7.LTS\lib\</path>
         <kind>archive</kind>
         <file>rtsv7M4_T_le_eabi.lib</file>
         <name>fd_div_t2.asm.obj</name>
      </input_file>
      <input_file id="fl-d5">
         <path>C:\Users\standard\ti\ccs1250\ccs\tools\compiler\ti-cgt-arm_20.2.7.LTS\lib\</path>
         <kind>archive</kind>
         <file>rtsv7M4_T_le_eabi.lib</file>
         <name>fd_mul_t2.asm.obj</name>
      </input_file>
      <input_file id="fl-d6">
         <path>C:\Users\standard\ti\ccs1250\ccs\tools\compiler\ti-cgt-arm_20.2.7.LTS\lib\</path>
         <kind>archive</kind>
         <file>rtsv7M4_T_le_eabi.lib</file>
         <name>fd_toi_t2.asm.obj</name>
      </input_file>
      <input_file id="fl-d7">
         <path>C:\Users\standard\ti\ccs1250\ccs\tools\compiler\ti-cgt-arm_20.2.7.LTS\lib\</path>
         <kind>archive</kind>
         <file>rtsv7M4_T_le_eabi.lib</file>
         <name>i_tofd_t2.asm.obj</name>
      </input_file>
      <input_file id="fl-d8">
         <path>C:\Users\standard\ti\ccs1250\ccs\tools\compiler\ti-cgt-arm_20.2.7.LTS\lib\</path>
         <kind>archive</kind>
         <file>rtsv7M4_T_le_eabi.lib</file>
         <name>ull_div_t2.asm.obj</name>
      </input_file>
      <input_file id="fl-d9">
         <path>C:\Users\standard\ti\ccs1250\ccs\tools\compiler\ti-cgt-arm_20.2.7.LTS\lib\</path>
         <kind>archive</kind>
         <file>rtsv7M4_T_le_eabi.lib</file>
         <name>autoinit.c.obj</name>
      </input_file>
      <input_file id="fl-da">
         <path>C:\Users\standard\ti\ccs1250\ccs\tools\compiler\ti-cgt-arm_20.2.7.LTS\lib\</path>
         <kind>archive</kind>
         <file>rtsv7M4_T_le_eabi.lib</file>
         <name>pre_init.c.obj</name>
      </input_file>
      <input_file id="fl-db">
         <path>C:\Users\standard\ti\ccs1250\ccs\tools\compiler\ti-cgt-arm_20.2.7.LTS\lib\</path>
         <kind>archive</kind>
         <file>rtsv7M4_T_le_eabi.lib</file>
         <name>cpy_tbl.c.obj</name>
      </input_file>
      <input_file id="fl-dc">
         <path>C:\Users\standard\ti\ccs1250\ccs\tools\compiler\ti-cgt-arm_20.2.7.LTS\lib\</path>
         <kind>archive</kind>
         <file>rtsv7M4_T_le_eabi.lib</file>
         <name>exit.c.obj</name>
      </input_file>
      <input_file id="fl-dd">
         <path>C:\Users\standard\ti\ccs1250\ccs\tools\compiler\ti-cgt-arm_20.2.7.LTS\lib\</path>
         <kind>archive</kind>
         <file>rtsv7M4_T_le_eabi.lib</file>
         <name>_lock.c.obj</name>
      </input_file>
      <input_file id="fl-de">
         <path>C:\Users\standard\ti\ccs1250\ccs\tools\compiler\ti-cgt-arm_20.2.7.LTS\lib\</path>
         <kind>archive</kind>
         <file>rtsv7M4_T_le_eabi.lib</file>
         <name>_ltoa.c.obj</name>
      </input_file>
      <input_file id="fl-df">
         <path>C:\Users\standard\ti\ccs1250\ccs\tools\compiler\ti-cgt-arm_20.2.7.LTS\lib\</path>
         <kind>archive</kind>
         <file>rtsv7M4_T_le_eabi.lib</file>
         <name>args_main.c.obj</name>
      </input_file>
      <input_file id="fl-e0">
         <path>C:\Users\standard\ti\ccs1250\ccs\tools\compiler\ti-cgt-arm_20.2.7.LTS\lib\</path>
         <kind>archive</kind>
         <file>rtsv7M4_T_le_eabi.lib</file>
         <name>atoi.c.obj</name>
      </input_file>
      <input_file id="fl-e1">
         <path>C:\Users\standard\ti\ccs1250\ccs\tools\compiler\ti-cgt-arm_20.2.7.LTS\lib\</path>
         <kind>archive</kind>
         <file>rtsv7M4_T_le_eabi.lib</file>
         <name>ctype.c.obj</name>
      </input_file>
      <input_file id="fl-e2">
         <path>C:\Users\standard\ti\ccs1250\ccs\tools\compiler\ti-cgt-arm_20.2.7.LTS\lib\</path>
         <kind>archive</kind>
         <file>rtsv7M4_T_le_eabi.lib</file>
         <name>memccpy.c.obj</name>
      </input_file>
      <input_file id="fl-e3">
         <path>C:\Users\standard\ti\ccs1250\ccs\tools\compiler\ti-cgt-arm_20.2.7.LTS\lib\</path>
         <kind>archive</kind>
         <file>rtsv7M4_T_le_eabi.lib</file>
         <name>strchr.c.obj</name>
      </input_file>
      <input_file id="fl-e4">
         <path>C:\Users\standard\ti\ccs1250\ccs\tools\compiler\ti-cgt-arm_20.2.7.LTS\lib\</path>
         <kind>archive</kind>
         <file>rtsv7M4_T_le_eabi.lib</file>
         <name>errno.c.obj</name>
      </input_file>
      <input_file id="fl-e5">
         <path>C:\Users\standard\ti\ccs1250\ccs\tools\compiler\ti-cgt-arm_20.2.7.LTS\lib\</path>
         <kind>archive</kind>
         <file>rtsv7M4_T_le_eabi.lib</file>
         <name>wcslen.c.obj</name>
      </input_file>
      <input_file id="fl-e6">
         <path>C:\Users\standard\ti\ccs1250\ccs\tools\compiler\ti-cgt-arm_20.2.7.LTS\lib\</path>
         <kind>archive</kind>
         <file>rtsv7M4_T_le_eabi.lib</file>
         <name>s_frexp.c.obj</name>
      </input_file>
      <input_file id="fl-e7">
         <path>C:\Users\standard\ti\ccs1250\ccs\tools\compiler\ti-cgt-arm_20.2.7.LTS\lib\</path>
         <kind>archive</kind>
         <file>rtsv7M4_T_le_eabi.lib</file>
         <name>s_scalbn.c.obj</name>
      </input_file>
      <input_file id="fl-e8">
         <path>C:\Users\standard\ti\ccs1250\ccs\tools\compiler\ti-cgt-arm_20.2.7.LTS\lib\</path>
         <kind>archive</kind>
         <file>rtsv7M4_T_le_eabi.lib</file>
         <name>div0.asm.obj</name>
      </input_file>
      <input_file id="fl-e9">
         <path>C:\Users\standard\ti\ccs1250\ccs\tools\compiler\ti-cgt-arm_20.2.7.LTS\lib\</path>
         <kind>archive</kind>
         <file>rtsv7M4_T_le_eabi.lib</file>
         <name>s_copysign.c.obj</name>
      </input_file>
      <input_file id="fl-ea">
         <path>C:\Users\standard\ti\ccs1250\cc3200-sdk\driverlib\ccs\Release\</path>
         <kind>archive</kind>
         <file>driverlib.a</file>
         <name>gpio.obj</name>
      </input_file>
      <input_file id="fl-eb">
         <path>C:\Users\standard\ti\ccs1250\cc3200-sdk\driverlib\ccs\Release\</path>
         <kind>archive</kind>
         <file>driverlib.a</file>
         <name>interrupt.obj</name>
      </input_file>
      <input_file id="fl-ec">
         <path>C:\Users\standard\ti\ccs1250\cc3200-sdk\driverlib\ccs\Release\</path>
         <kind>archive</kind>
         <file>driverlib.a</file>
         <name>pin.obj</name>
      </input_file>
      <input_file id="fl-ed">
         <path>C:\Users\standard\ti\ccs1250\cc3200-sdk\driverlib\ccs\Release\</path>
         <kind>archive</kind>
         <file>driverlib.a</file>
         <name>prcm.obj</name>
      </input_file>
      <input_file id="fl-ee">
         <path>C:\Users\standard\ti\ccs1250\cc3200-sdk\driverlib\ccs\Release\</path>
         <kind>archive</kind>
         <file>driverlib.a</file>
         <name>uart.obj</name>
      </input_file>
      <input_file id="fl-ef">
         <path>C:\Users\standard\ti\ccs1250\cc3200-sdk\driverlib\ccs\Release\</path>
         <kind>archive</kind>
         <file>driverlib.a</file>
         <name>utils.obj</name>
      </input_file>
      <input_file id="fl-f0">
         <path>C:\Users\standard\ti\ccs1250\cc3200-sdk\driverlib\ccs\Release\</path>
         <kind>archive</kind>
         <file>driverlib.a</file>
         <name>cpu.obj</name>
      </input_file>
      <input_file id="fl-f1">
         <path>C:\Users\standard\ti\ccs1250\cc3200-sdk\driverlib\ccs\Release\</path>
         <kind>archive</kind>
         <file>driverlib.a</file>
         <name>flash.obj</name>
      </input_file>
      <input_file id="fl-f2">
         <path>C:\Users\standard\ti\ccs1250\cc3200-sdk\simplelink\ccs\NON_OS\</path>
         <kind>archive</kind>
         <file>simplelink.a</file>
         <name>device.obj</name>
      </input_file>
      <input_file id="fl-f3">
         <path>C:\Users\standard\ti\ccs1250\cc3200-sdk\simplelink\ccs\NON_OS\</path>
         <kind>archive</kind>
         <file>simplelink.a</file>
         <name>driver.obj</name>
      </input_file>
      <input_file id="fl-f4">
         <path>C:\Users\standard\ti\ccs1250\cc3200-sdk\simplelink\ccs\NON_OS\</path>
         <kind>archive</kind>
         <file>simplelink.a</file>
         <name>netapp.obj</name>
      </input_file>
      <input_file id="fl-f5">
         <path>C:\Users\standard\ti\ccs1250\cc3200-sdk\simplelink\ccs\NON_OS\</path>
         <kind>archive</kind>
         <file>simplelink.a</file>
         <name>netcfg.obj</name>
      </input_file>
      <input_file id="fl-f6">
         <path>C:\Users\standard\ti\ccs1250\cc3200-sdk\simplelink\ccs\NON_OS\</path>
         <kind>archive</kind>
         <file>simplelink.a</file>
         <name>nonos.obj</name>
      </input_file>
      <input_file id="fl-f7">
         <path>C:\Users\standard\ti\ccs1250\cc3200-sdk\simplelink\ccs\NON_OS\</path>
         <kind>archive</kind>
         <file>simplelink.a</file>
         <name>socket.obj</name>
      </input_file>
      <input_file id="fl-f8">
         <path>C:\Users\standard\ti\ccs1250\cc3200-sdk\simplelink\ccs\NON_OS\</path>
         <kind>archive</kind>
         <file>simplelink.a</file>
         <name>wlan.obj</name>
      </input_file>
      <input_file id="fl-f9">
         <path>C:\Users\standard\ti\ccs1250\cc3200-sdk\simplelink\ccs\NON_OS\</path>
         <kind>archive</kind>
         <file>simplelink.a</file>
         <name>cc_pal.obj</name>
      </input_file>
      <input_file id="fl-fa">
         <path>C:\Users\standard\ti\ccs1250\cc3200-sdk\driverlib\ccs\Release\</path>
         <kind>archive</kind>
         <file>driverlib.a</file>
         <name>spi.obj</name>
      </input_file>
      <input_file id="fl-fb">
         <path>C:\Users\standard\ti\ccs1250\cc3200-sdk\driverlib\ccs\Release\</path>
         <kind>archive</kind>
         <file>driverlib.a</file>
         <name>timer.obj</name>
      </input_file>
      <input_file id="fl-fc">
         <path>C:\Users\standard\ti\ccs1250\cc3200-sdk\driverlib\ccs\Release\</path>
         <kind>archive</kind>
         <file>driverlib.a</file>
         <name>udma.obj</name>
      </input_file>
   </input_file_list>
   <object_component_list>
      <object_component id="oc-12">
         <name>.intvecs</name>
         <load_address>0x20004000</load_address>
         <run_address>0x20004000</run_address>
         <size>0x400</size>
         <input_file_ref idref="fl-6"/>
      </object_component>
      <object_component id="oc-fb">
         <name>.text</name>
         <load_address>0x20004400</load_address>
         <run_address>0x20004400</run_address>
         <size>0xecc</size>
         <input_file_ref idref="fl-8"/>
      </object_component>
      <object_component id="oc-321">
         <name>.text:__TI_printfi</name>
         <load_address>0x200052cc</load_address>
         <run_address>0x200052cc</run_address>
         <size>0xa4e</size>
         <input_file_ref idref="fl-d1"/>
      </object_component>
      <object_component id="oc-6dd">
         <name>.text:IntDefaultHandler</name>
         <load_address>0x20005d1a</load_address>
         <run_address>0x20005d1a</run_address>
         <size>0x2</size>
         <input_file_ref idref="fl-eb"/>
      </object_component>
      <object_component id="oc-60b">
         <name>.text:_SlDrvMsgRead</name>
         <load_address>0x20005d1c</load_address>
         <run_address>0x20005d1c</run_address>
         <size>0x590</size>
         <input_file_ref idref="fl-f3"/>
      </object_component>
      <object_component id="oc-97">
         <name>.text</name>
         <load_address>0x200062ac</load_address>
         <run_address>0x200062ac</run_address>
         <size>0x478</size>
         <input_file_ref idref="fl-3"/>
      </object_component>
      <object_component id="oc-287">
         <name>.text</name>
         <load_address>0x20006724</load_address>
         <run_address>0x20006724</run_address>
         <size>0x398</size>
         <input_file_ref idref="fl-2"/>
      </object_component>
      <object_component id="oc-281">
         <name>.text:sl_WlanConnect</name>
         <load_address>0x20006abc</load_address>
         <run_address>0x20006abc</run_address>
         <size>0x280</size>
         <input_file_ref idref="fl-f8"/>
      </object_component>
      <object_component id="oc-e3">
         <name>.text</name>
         <load_address>0x20006d3c</load_address>
         <run_address>0x20006d3c</run_address>
         <size>0x27c</size>
         <input_file_ref idref="fl-7"/>
      </object_component>
      <object_component id="oc-590">
         <name>.text:_pconv_a</name>
         <load_address>0x20006fb8</load_address>
         <run_address>0x20006fb8</run_address>
         <size>0x268</size>
         <input_file_ref idref="fl-d1"/>
      </object_component>
      <object_component id="oc-7a6">
         <name>.text:_SlDrvRxHdrRead</name>
         <load_address>0x20007220</load_address>
         <run_address>0x20007220</run_address>
         <size>0x248</size>
         <input_file_ref idref="fl-f3"/>
      </object_component>
      <object_component id="oc-34f">
         <name>.text:_SlDrvDataReadOp</name>
         <load_address>0x20007468</load_address>
         <run_address>0x20007468</run_address>
         <size>0x1e4</size>
         <input_file_ref idref="fl-f3"/>
      </object_component>
      <object_component id="oc-2d7">
         <name>.text:_SlDrvReleasePoolObj</name>
         <load_address>0x2000764c</load_address>
         <run_address>0x2000764c</run_address>
         <size>0x1d0</size>
         <input_file_ref idref="fl-f3"/>
      </object_component>
      <object_component id="oc-57e">
         <name>.text:_pconv_g</name>
         <load_address>0x2000781c</load_address>
         <run_address>0x2000781c</run_address>
         <size>0x1cc</size>
         <input_file_ref idref="fl-d1"/>
      </object_component>
      <object_component id="oc-72b">
         <name>.text</name>
         <load_address>0x200079e8</load_address>
         <run_address>0x200079e8</run_address>
         <size>0x1b6</size>
         <input_file_ref idref="fl-d2"/>
      </object_component>
      <object_component id="oc-5d4">
         <name>.text:_nop</name>
         <load_address>0x20007b9e</load_address>
         <run_address>0x20007b9e</run_address>
         <size>0x2</size>
         <input_file_ref idref="fl-dd"/>
      </object_component>
      <object_component id="oc-42b">
         <name>.text:_SlDrvDriverCBInit</name>
         <load_address>0x20007ba0</load_address>
         <run_address>0x20007ba0</run_address>
         <size>0x1b4</size>
         <input_file_ref idref="fl-f3"/>
      </object_component>
      <object_component id="oc-3a1">
         <name>.text:_SlDrvMsgWrite</name>
         <load_address>0x20007d54</load_address>
         <run_address>0x20007d54</run_address>
         <size>0x19c</size>
         <input_file_ref idref="fl-f3"/>
      </object_component>
      <object_component id="oc-4c6">
         <name>.text:_SlDrvWaitForPoolObj</name>
         <load_address>0x20007ef0</load_address>
         <run_address>0x20007ef0</run_address>
         <size>0x190</size>
         <input_file_ref idref="fl-f3"/>
      </object_component>
      <object_component id="oc-2b0">
         <name>.text:sl_Connect</name>
         <load_address>0x20008080</load_address>
         <run_address>0x20008080</run_address>
         <size>0x18c</size>
         <input_file_ref idref="fl-f7"/>
      </object_component>
      <object_component id="oc-d7">
         <name>.text:PRCMCC3200MCUInit</name>
         <load_address>0x2000820c</load_address>
         <run_address>0x2000820c</run_address>
         <size>0x178</size>
         <input_file_ref idref="fl-ed"/>
      </object_component>
      <object_component id="oc-7b8">
         <name>.text:_SlFindAndSetActiveObj</name>
         <load_address>0x20008384</load_address>
         <run_address>0x20008384</run_address>
         <size>0x170</size>
         <input_file_ref idref="fl-f3"/>
      </object_component>
      <object_component id="oc-33b">
         <name>.text:_SlDrvDataWriteOp</name>
         <load_address>0x200084f4</load_address>
         <run_address>0x200084f4</run_address>
         <size>0x150</size>
         <input_file_ref idref="fl-f3"/>
      </object_component>
      <object_component id="oc-431">
         <name>.text:spi_Open</name>
         <load_address>0x20008644</load_address>
         <run_address>0x20008644</run_address>
         <size>0x148</size>
         <input_file_ref idref="fl-f9"/>
      </object_component>
      <object_component id="oc-3a7">
         <name>.text:_SlDrvMsgReadCmdCtx</name>
         <load_address>0x2000878c</load_address>
         <run_address>0x2000878c</run_address>
         <size>0x144</size>
         <input_file_ref idref="fl-f3"/>
      </object_component>
      <object_component id="oc-292">
         <name>.text:sl_NetAppDnsGetHostByName</name>
         <load_address>0x200088d0</load_address>
         <run_address>0x200088d0</run_address>
         <size>0x144</size>
         <input_file_ref idref="fl-f4"/>
      </object_component>
      <object_component id="oc-58a">
         <name>.text:_pconv_e</name>
         <load_address>0x20008a14</load_address>
         <run_address>0x20008a14</run_address>
         <size>0x13c</size>
         <input_file_ref idref="fl-d1"/>
      </object_component>
      <object_component id="oc-711">
         <name>.text</name>
         <load_address>0x20008b50</load_address>
         <run_address>0x20008b50</run_address>
         <size>0x136</size>
         <input_file_ref idref="fl-d4"/>
      </object_component>
      <object_component id="oc-80f">
         <name>.text</name>
         <load_address>0x20008c86</load_address>
         <run_address>0x20008c86</run_address>
         <size>0x2</size>
         <input_file_ref idref="fl-e8"/>
      </object_component>
      <object_component id="oc-119">
         <name>.text:sl_Send</name>
         <load_address>0x20008c88</load_address>
         <run_address>0x20008c88</run_address>
         <size>0x134</size>
         <input_file_ref idref="fl-f7"/>
      </object_component>
      <object_component id="oc-2f5">
         <name>.text:_SlDrvDriverCBDeinit</name>
         <load_address>0x20008dbc</load_address>
         <run_address>0x20008dbc</run_address>
         <size>0x130</size>
         <input_file_ref idref="fl-f3"/>
      </object_component>
      <object_component id="oc-73d">
         <name>.text:fcvt</name>
         <load_address>0x20008eec</load_address>
         <run_address>0x20008eec</run_address>
         <size>0x120</size>
         <input_file_ref idref="fl-d1"/>
      </object_component>
      <object_component id="oc-858">
         <name>.text:_SlDrvNetAppEventHandler</name>
         <load_address>0x2000900c</load_address>
         <run_address>0x2000900c</run_address>
         <size>0x104</size>
         <input_file_ref idref="fl-f4"/>
      </object_component>
      <object_component id="oc-3f0">
         <name>.text:aligned_alloc</name>
         <load_address>0x20009110</load_address>
         <run_address>0x20009110</run_address>
         <size>0x100</size>
         <input_file_ref idref="fl-cc"/>
      </object_component>
      <object_component id="oc-70c">
         <name>.text</name>
         <load_address>0x20009210</load_address>
         <run_address>0x20009210</run_address>
         <size>0xfc</size>
         <input_file_ref idref="fl-d5"/>
      </object_component>
      <object_component id="oc-e9">
         <name>.text</name>
         <load_address>0x2000930c</load_address>
         <run_address>0x2000930c</run_address>
         <size>0xf8</size>
         <input_file_ref idref="fl-5"/>
      </object_component>
      <object_component id="oc-101">
         <name>.text:sl_Stop</name>
         <load_address>0x20009404</load_address>
         <run_address>0x20009404</run_address>
         <size>0xf0</size>
         <input_file_ref idref="fl-f2"/>
      </object_component>
      <object_component id="oc-7b2">
         <name>.text:spi_Read</name>
         <load_address>0x200094f4</load_address>
         <run_address>0x200094f4</run_address>
         <size>0xf0</size>
         <input_file_ref idref="fl-f9"/>
      </object_component>
      <object_component id="oc-8ae">
         <name>.text:uDMAChannelTransferSet</name>
         <load_address>0x200095e4</load_address>
         <run_address>0x200095e4</run_address>
         <size>0xf0</size>
         <input_file_ref idref="fl-fc"/>
      </object_component>
      <object_component id="oc-238">
         <name>.text:sl_Start</name>
         <load_address>0x200096d4</load_address>
         <run_address>0x200096d4</run_address>
         <size>0xec</size>
         <input_file_ref idref="fl-f2"/>
      </object_component>
      <object_component id="oc-611">
         <name>.text:_SlAsyncEventGenericHandler</name>
         <load_address>0x200097c0</load_address>
         <run_address>0x200097c0</run_address>
         <size>0xe8</size>
         <input_file_ref idref="fl-f3"/>
      </object_component>
      <object_component id="oc-61e">
         <name>.text:_SlDrvMsgReadSpawnCtx</name>
         <load_address>0x200098a8</load_address>
         <run_address>0x200098a8</run_address>
         <size>0xe8</size>
         <input_file_ref idref="fl-f3"/>
      </object_component>
      <object_component id="oc-1ff">
         <name>.text:free</name>
         <load_address>0x20009990</load_address>
         <run_address>0x20009990</run_address>
         <size>0xe4</size>
         <input_file_ref idref="fl-cc"/>
      </object_component>
      <object_component id="oc-1f9">
         <name>.text:realloc</name>
         <load_address>0x20009a74</load_address>
         <run_address>0x20009a74</run_address>
         <size>0xe4</size>
         <input_file_ref idref="fl-cc"/>
      </object_component>
      <object_component id="oc-47a">
         <name>.text:sl_NetAppMDNSRegisterUnregisterService</name>
         <load_address>0x20009b58</load_address>
         <run_address>0x20009b58</run_address>
         <size>0xe4</size>
         <input_file_ref idref="fl-f4"/>
      </object_component>
      <object_component id="oc-7ac">
         <name>.text:_SlDrvClassifyRxMsg</name>
         <load_address>0x20009c3c</load_address>
         <run_address>0x20009c3c</run_address>
         <size>0xdc</size>
         <input_file_ref idref="fl-f3"/>
      </object_component>
      <object_component id="oc-751">
         <name>.text:scalbn</name>
         <load_address>0x20009d18</load_address>
         <run_address>0x20009d18</run_address>
         <size>0xd0</size>
         <input_file_ref idref="fl-e7"/>
      </object_component>
      <object_component id="oc-8d9">
         <name>.text:_sl_HandleAsync_DnsGetHostByService</name>
         <load_address>0x20009de8</load_address>
         <run_address>0x20009de8</run_address>
         <size>0xcc</size>
         <input_file_ref idref="fl-f4"/>
      </object_component>
      <object_component id="oc-24a">
         <name>.text:sl_DevGet</name>
         <load_address>0x20009eb4</load_address>
         <run_address>0x20009eb4</run_address>
         <size>0xcc</size>
         <input_file_ref idref="fl-f2"/>
      </object_component>
      <object_component id="oc-509">
         <name>.text:_SlRemoveFromList</name>
         <load_address>0x20009f80</load_address>
         <run_address>0x20009f80</run_address>
         <size>0xc4</size>
         <input_file_ref idref="fl-f3"/>
      </object_component>
      <object_component id="oc-1a9">
         <name>.text:_SlDrvCmdOp</name>
         <load_address>0x2000a044</load_address>
         <run_address>0x2000a044</run_address>
         <size>0xc0</size>
         <input_file_ref idref="fl-f3"/>
      </object_component>
      <object_component id="oc-573">
         <name>.text:_ltostr</name>
         <load_address>0x2000a104</load_address>
         <run_address>0x2000a104</run_address>
         <size>0xb1</size>
         <input_file_ref idref="fl-d1"/>
      </object_component>
      <object_component id="oc-4fc">
         <name>.text:_SlNonOsSemGet</name>
         <load_address>0x2000a1b8</load_address>
         <run_address>0x2000a1b8</run_address>
         <size>0xb0</size>
         <input_file_ref idref="fl-f6"/>
      </object_component>
      <object_component id="oc-516">
         <name>.text:IntDisable</name>
         <load_address>0x2000a268</load_address>
         <run_address>0x2000a268</run_address>
         <size>0xa8</size>
         <input_file_ref idref="fl-eb"/>
      </object_component>
      <object_component id="oc-d1">
         <name>.text:IntEnable</name>
         <load_address>0x2000a310</load_address>
         <run_address>0x2000a310</run_address>
         <size>0xa8</size>
         <input_file_ref idref="fl-eb"/>
      </object_component>
      <object_component id="oc-502">
         <name>.text:_SlDriverHandleError</name>
         <load_address>0x2000a3b8</load_address>
         <run_address>0x2000a3b8</run_address>
         <size>0xa4</size>
         <input_file_ref idref="fl-f3"/>
      </object_component>
      <object_component id="oc-63f">
         <name>.text:SPIConfigSetExpClk</name>
         <load_address>0x2000a45c</load_address>
         <run_address>0x2000a45c</run_address>
         <size>0xa0</size>
         <input_file_ref idref="fl-fa"/>
      </object_component>
      <object_component id="oc-125">
         <name>.text:sl_Recv</name>
         <load_address>0x2000a4fc</load_address>
         <run_address>0x2000a4fc</run_address>
         <size>0xa0</size>
         <input_file_ref idref="fl-f7"/>
      </object_component>
      <object_component id="oc-3d">
         <name>.text</name>
         <load_address>0x2000a59c</load_address>
         <run_address>0x2000a59c</run_address>
         <size>0x9c</size>
         <input_file_ref idref="fl-c6"/>
      </object_component>
      <object_component id="oc-8bf">
         <name>.text:_SlDrvDeviceEventHandler</name>
         <load_address>0x2000a638</load_address>
         <run_address>0x2000a638</run_address>
         <size>0x9a</size>
         <input_file_ref idref="fl-f2"/>
      </object_component>
      <object_component id="oc-dd">
         <name>.text:sl_DevSet</name>
         <load_address>0x2000a6d4</load_address>
         <run_address>0x2000a6d4</run_address>
         <size>0x98</size>
         <input_file_ref idref="fl-f2"/>
      </object_component>
      <object_component id="oc-262">
         <name>.text:sl_NetCfgSet</name>
         <load_address>0x2000a76c</load_address>
         <run_address>0x2000a76c</run_address>
         <size>0x98</size>
         <input_file_ref idref="fl-f5"/>
      </object_component>
      <object_component id="oc-2aa">
         <name>.text:sl_SetSockOpt</name>
         <load_address>0x2000a804</load_address>
         <run_address>0x2000a804</run_address>
         <size>0x98</size>
         <input_file_ref idref="fl-f7"/>
      </object_component>
      <object_component id="oc-268">
         <name>.text:sl_WlanSet</name>
         <load_address>0x2000a89c</load_address>
         <run_address>0x2000a89c</run_address>
         <size>0x98</size>
         <input_file_ref idref="fl-f8"/>
      </object_component>
      <object_component id="oc-601">
         <name>.text:spi_Write</name>
         <load_address>0x2000a934</load_address>
         <run_address>0x2000a934</run_address>
         <size>0x98</size>
         <input_file_ref idref="fl-f9"/>
      </object_component>
      <object_component id="oc-705">
         <name>.text</name>
         <load_address>0x2000a9cc</load_address>
         <run_address>0x2000a9cc</run_address>
         <size>0x96</size>
         <input_file_ref idref="fl-d8"/>
      </object_component>
      <object_component id="oc-1c9">
         <name>.text:PRCMPeripheralClockGet</name>
         <load_address>0x2000aa64</load_address>
         <run_address>0x2000aa64</run_address>
         <size>0x94</size>
         <input_file_ref idref="fl-ed"/>
      </object_component>
      <object_component id="oc-8d3">
         <name>.text:_sl_HandleAsync_DnsGetHostByName</name>
         <load_address>0x2000aaf8</load_address>
         <run_address>0x2000aaf8</run_address>
         <size>0x90</size>
         <input_file_ref idref="fl-f4"/>
      </object_component>
      <object_component id="oc-85e">
         <name>.text:_sl_HandleAsync_PingResponse</name>
         <load_address>0x2000ab88</load_address>
         <run_address>0x2000ab88</run_address>
         <size>0x90</size>
         <input_file_ref idref="fl-f4"/>
      </object_component>
      <object_component id="oc-250">
         <name>.text:sl_WlanPolicySet</name>
         <load_address>0x2000ac18</load_address>
         <run_address>0x2000ac18</run_address>
         <size>0x90</size>
         <input_file_ref idref="fl-f8"/>
      </object_component>
      <object_component id="oc-865">
         <name>.text:SetupDMAReceive</name>
         <load_address>0x2000aca8</load_address>
         <run_address>0x2000aca8</run_address>
         <size>0x8c</size>
         <input_file_ref idref="fl-f9"/>
      </object_component>
      <object_component id="oc-78b">
         <name>.text:SetupDMASend</name>
         <load_address>0x2000ad34</load_address>
         <run_address>0x2000ad34</run_address>
         <size>0x8c</size>
         <input_file_ref idref="fl-f9"/>
      </object_component>
      <object_component id="oc-6cc">
         <name>.text:_SlDrvIsTimeoutExpired</name>
         <load_address>0x2000adc0</load_address>
         <run_address>0x2000adc0</run_address>
         <size>0x8c</size>
         <input_file_ref idref="fl-f3"/>
      </object_component>
      <object_component id="oc-932">
         <name>.text:_sl_HandleAsync_InitComplete</name>
         <load_address>0x2000ae4c</load_address>
         <run_address>0x2000ae4c</run_address>
         <size>0x8c</size>
         <input_file_ref idref="fl-f2"/>
      </object_component>
      <object_component id="oc-2a4">
         <name>.text:sl_Socket</name>
         <load_address>0x2000aed8</load_address>
         <run_address>0x2000aed8</run_address>
         <size>0x8c</size>
         <input_file_ref idref="fl-f7"/>
      </object_component>
      <object_component id="oc-415">
         <name>.text:PinConfigSet</name>
         <load_address>0x2000af64</load_address>
         <run_address>0x2000af64</run_address>
         <size>0x88</size>
         <input_file_ref idref="fl-ec"/>
      </object_component>
      <object_component id="oc-579">
         <name>.text:__aeabi_cdcmple</name>
         <load_address>0x2000afec</load_address>
         <run_address>0x2000afec</run_address>
         <size>0x86</size>
         <input_file_ref idref="fl-d3"/>
      </object_component>
      <object_component id="oc-716">
         <name>.text:__aeabi_cdrcmple</name>
         <load_address>0x2000b072</load_address>
         <run_address>0x2000b072</run_address>
         <size>0x86</size>
         <input_file_ref idref="fl-d3"/>
      </object_component>
      <object_component id="oc-277">
         <name>.text:sl_WlanRxFilterSet</name>
         <load_address>0x2000b0f8</load_address>
         <run_address>0x2000b0f8</run_address>
         <size>0x84</size>
         <input_file_ref idref="fl-f8"/>
      </object_component>
      <object_component id="oc-48e">
         <name>.text:GPIOIntTypeSet</name>
         <load_address>0x2000b17c</load_address>
         <run_address>0x2000b17c</run_address>
         <size>0x82</size>
         <input_file_ref idref="fl-ea"/>
      </object_component>
      <object_component id="oc-8fb">
         <name>.text:_sl_HandleAsync_Connect</name>
         <load_address>0x2000b200</load_address>
         <run_address>0x2000b200</run_address>
         <size>0x80</size>
         <input_file_ref idref="fl-f7"/>
      </object_component>
      <object_component id="oc-86b">
         <name>.text:spi_Read_CPU</name>
         <load_address>0x2000b280</load_address>
         <run_address>0x2000b280</run_address>
         <size>0x80</size>
         <input_file_ref idref="fl-f9"/>
      </object_component>
      <object_component id="oc-79d">
         <name>.text:spi_Write_CPU</name>
         <load_address>0x2000b300</load_address>
         <run_address>0x2000b300</run_address>
         <size>0x80</size>
         <input_file_ref idref="fl-f9"/>
      </object_component>
      <object_component id="oc-8b">
         <name>.text</name>
         <load_address>0x2000b380</load_address>
         <run_address>0x2000b380</run_address>
         <size>0x7a</size>
         <input_file_ref idref="fl-c7"/>
      </object_component>
      <object_component id="oc-2ef">
         <name>.text:spi_Close</name>
         <load_address>0x2000b3fc</load_address>
         <run_address>0x2000b3fc</run_address>
         <size>0x78</size>
         <input_file_ref idref="fl-f9"/>
      </object_component>
      <object_component id="oc-1cf">
         <name>.text:UARTConfigSetExpClk</name>
         <load_address>0x2000b474</load_address>
         <run_address>0x2000b474</run_address>
         <size>0x76</size>
         <input_file_ref idref="fl-ee"/>
      </object_component>
      <object_component id="oc-23e">
         <name>.text:_SlNonOsMainLoopTask</name>
         <load_address>0x2000b4ec</load_address>
         <run_address>0x2000b4ec</run_address>
         <size>0x74</size>
         <input_file_ref idref="fl-f6"/>
      </object_component>
      <object_component id="oc-3fd">
         <name>.text:split</name>
         <load_address>0x2000b560</load_address>
         <run_address>0x2000b560</run_address>
         <size>0x70</size>
         <input_file_ref idref="fl-cc"/>
      </object_component>
      <object_component id="oc-736">
         <name>.text:_mcpy</name>
         <load_address>0x2000b5d0</load_address>
         <run_address>0x2000b5d0</run_address>
         <size>0x6e</size>
         <input_file_ref idref="fl-d1"/>
      </object_component>
      <object_component id="oc-94a">
         <name>.text:_SlDrvCmdSend</name>
         <load_address>0x2000b640</load_address>
         <run_address>0x2000b640</run_address>
         <size>0x6c</size>
         <input_file_ref idref="fl-f3"/>
      </object_component>
      <object_component id="oc-8e5">
         <name>.text:_sl_NetAppSendTokenValue</name>
         <load_address>0x2000b6ac</load_address>
         <run_address>0x2000b6ac</run_address>
         <size>0x6c</size>
         <input_file_ref idref="fl-f4"/>
      </object_component>
      <object_component id="oc-15">
         <name>.text:decompress:lzss:__TI_decompress_lzss</name>
         <load_address>0x2000b718</load_address>
         <run_address>0x2000b718</run_address>
         <size>0x68</size>
         <input_file_ref idref="fl-ca"/>
      </object_component>
      <object_component id="oc-617">
         <name>.text:_SlNonOsSpawn</name>
         <load_address>0x2000b780</load_address>
         <run_address>0x2000b780</run_address>
         <size>0x64</size>
         <input_file_ref idref="fl-f6"/>
      </object_component>
      <object_component id="oc-8f5">
         <name>.text:_sl_HandleAsync_Accept</name>
         <load_address>0x2000b7e4</load_address>
         <run_address>0x2000b7e4</run_address>
         <size>0x64</size>
         <input_file_ref idref="fl-f7"/>
      </object_component>
      <object_component id="oc-26e">
         <name>.text:sl_NetAppMDNSUnRegisterService</name>
         <load_address>0x2000b848</load_address>
         <run_address>0x2000b848</run_address>
         <size>0x64</size>
         <input_file_ref idref="fl-f4"/>
      </object_component>
      <object_component id="oc-7d4">
         <name>.text:uDMAChannelAttributeDisable</name>
         <load_address>0x2000b8ac</load_address>
         <run_address>0x2000b8ac</run_address>
         <size>0x64</size>
         <input_file_ref idref="fl-fc"/>
      </object_component>
      <object_component id="oc-8a8">
         <name>.text:uDMAChannelAttributeEnable</name>
         <load_address>0x2000b910</load_address>
         <run_address>0x2000b910</run_address>
         <size>0x64</size>
         <input_file_ref idref="fl-fc"/>
      </object_component>
      <object_component id="oc-11f">
         <name>.text:sl_Close</name>
         <load_address>0x2000b974</load_address>
         <run_address>0x2000b974</run_address>
         <size>0x60</size>
         <input_file_ref idref="fl-f7"/>
      </object_component>
      <object_component id="oc-256">
         <name>.text:sl_WlanProfileDel</name>
         <load_address>0x2000b9d4</load_address>
         <run_address>0x2000b9d4</run_address>
         <size>0x60</size>
         <input_file_ref idref="fl-f8"/>
      </object_component>
      <object_component id="oc-244">
         <name>.text:sl_WlanSetMode</name>
         <load_address>0x2000ba34</load_address>
         <run_address>0x2000ba34</run_address>
         <size>0x60</size>
         <input_file_ref idref="fl-f8"/>
      </object_component>
      <object_component id="oc-74b">
         <name>.text:frexp</name>
         <load_address>0x2000ba94</load_address>
         <run_address>0x2000ba94</run_address>
         <size>0x5c</size>
         <input_file_ref idref="fl-e6"/>
      </object_component>
      <object_component id="oc-522">
         <name>.text:IntPendClear</name>
         <load_address>0x2000baf0</load_address>
         <run_address>0x2000baf0</run_address>
         <size>0x58</size>
         <input_file_ref idref="fl-eb"/>
      </object_component>
      <object_component id="oc-196">
         <name>.text:PRCMPeripheralReset</name>
         <load_address>0x2000bb48</load_address>
         <run_address>0x2000bb48</run_address>
         <size>0x58</size>
         <input_file_ref idref="fl-ed"/>
      </object_component>
      <object_component id="oc-584">
         <name>.text:_pconv_f</name>
         <load_address>0x2000bba0</load_address>
         <run_address>0x2000bba0</run_address>
         <size>0x56</size>
         <input_file_ref idref="fl-d1"/>
      </object_component>
      <object_component id="oc-494">
         <name>.text:IntPrioritySet</name>
         <load_address>0x2000bbf8</load_address>
         <run_address>0x2000bbf8</run_address>
         <size>0x54</size>
         <input_file_ref idref="fl-eb"/>
      </object_component>
      <object_component id="oc-443">
         <name>.text:_SlDrvRxIrqHandler</name>
         <load_address>0x2000bc4c</load_address>
         <run_address>0x2000bc4c</run_address>
         <size>0x54</size>
         <input_file_ref idref="fl-f3"/>
      </object_component>
      <object_component id="oc-720">
         <name>.text:__TI_ltoa</name>
         <load_address>0x2000bca0</load_address>
         <run_address>0x2000bca0</run_address>
         <size>0x54</size>
         <input_file_ref idref="fl-de"/>
      </object_component>
      <object_component id="oc-901">
         <name>.text:_sl_HandleAsync_Select</name>
         <load_address>0x2000bcf4</load_address>
         <run_address>0x2000bcf4</run_address>
         <size>0x54</size>
         <input_file_ref idref="fl-f7"/>
      </object_component>
      <object_component id="oc-730">
         <name>.text:_ecpy</name>
         <load_address>0x2000bd48</load_address>
         <run_address>0x2000bd48</run_address>
         <size>0x52</size>
         <input_file_ref idref="fl-d1"/>
      </object_component>
      <object_component id="oc-907">
         <name>.text:_sl_HandleAsync_Stop</name>
         <load_address>0x2000bd9c</load_address>
         <run_address>0x2000bd9c</run_address>
         <size>0x50</size>
         <input_file_ref idref="fl-f2"/>
      </object_component>
      <object_component id="oc-663">
         <name>.text:SPIIntEnable</name>
         <load_address>0x2000bdec</load_address>
         <run_address>0x2000bdec</run_address>
         <size>0x4c</size>
         <input_file_ref idref="fl-fa"/>
      </object_component>
      <object_component id="oc-6f1">
         <name>.text:SPIIntNumberGet</name>
         <load_address>0x2000be38</load_address>
         <run_address>0x2000be38</run_address>
         <size>0x4c</size>
         <input_file_ref idref="fl-fa"/>
      </object_component>
      <object_component id="oc-2cb">
         <name>.text:_SlDrvProtectAsyncRespSetting</name>
         <load_address>0x2000be84</load_address>
         <run_address>0x2000be84</run_address>
         <size>0x4c</size>
         <input_file_ref idref="fl-f3"/>
      </object_component>
      <object_component id="oc-4f1">
         <name>.text:_sl_BuildAddress</name>
         <load_address>0x2000bed0</load_address>
         <run_address>0x2000bed0</run_address>
         <size>0x4c</size>
         <input_file_ref idref="fl-f7"/>
      </object_component>
      <object_component id="oc-56d">
         <name>.text:atoi</name>
         <load_address>0x2000bf1c</load_address>
         <run_address>0x2000bf1c</run_address>
         <size>0x4c</size>
         <input_file_ref idref="fl-e0"/>
      </object_component>
      <object_component id="oc-7ce">
         <name>.text:uDMAChannelAssign</name>
         <load_address>0x2000bf68</load_address>
         <run_address>0x2000bf68</run_address>
         <size>0x4c</size>
         <input_file_ref idref="fl-fc"/>
      </object_component>
      <object_component id="oc-6a7">
         <name>.text:GPIOGetIntNumber</name>
         <load_address>0x2000bfb4</load_address>
         <run_address>0x2000bfb4</run_address>
         <size>0x48</size>
         <input_file_ref idref="fl-ea"/>
      </object_component>
      <object_component id="oc-7e6">
         <name>.text:SPIIntClear</name>
         <load_address>0x2000bffc</load_address>
         <run_address>0x2000bffc</run_address>
         <size>0x48</size>
         <input_file_ref idref="fl-fa"/>
      </object_component>
      <object_component id="oc-465">
         <name>.text:_SlDrvBasicCmd</name>
         <load_address>0x2000c044</load_address>
         <run_address>0x2000c044</run_address>
         <size>0x48</size>
         <input_file_ref idref="fl-f3"/>
      </object_component>
      <object_component id="oc-71b">
         <name>.text</name>
         <load_address>0x2000c08c</load_address>
         <run_address>0x2000c08c</run_address>
         <size>0x48</size>
         <input_file_ref idref="fl-d6"/>
      </object_component>
      <object_component id="oc-7de">
         <name>.text:SPIDmaMaskGet</name>
         <load_address>0x2000c0d4</load_address>
         <run_address>0x2000c0d4</run_address>
         <size>0x44</size>
         <input_file_ref idref="fl-fa"/>
      </object_component>
      <object_component id="oc-911">
         <name>.text:TimerConfigure</name>
         <load_address>0x2000c118</load_address>
         <run_address>0x2000c118</run_address>
         <size>0x44</size>
         <input_file_ref idref="fl-fb"/>
      </object_component>
      <object_component id="oc-943">
         <name>.text:_SlDrvHandleHttpServerEvents</name>
         <load_address>0x2000c15c</load_address>
         <run_address>0x2000c15c</run_address>
         <size>0x44</size>
         <input_file_ref idref="fl-f3"/>
      </object_component>
      <object_component id="oc-2d1">
         <name>.text:_SlDrvSyncObjWaitTimeout</name>
         <load_address>0x2000c1a0</load_address>
         <run_address>0x2000c1a0</run_address>
         <size>0x44</size>
         <input_file_ref idref="fl-f3"/>
      </object_component>
      <object_component id="oc-13b">
         <name>.text:__TI_auto_init_nobinit_nopinit:__TI_auto_init_nobinit_nopinit</name>
         <load_address>0x2000c1e4</load_address>
         <run_address>0x2000c1e4</run_address>
         <size>0x44</size>
         <input_file_ref idref="fl-d9"/>
      </object_component>
      <object_component id="oc-844">
         <name>.text:cc_SetupTransfer</name>
         <load_address>0x2000c228</load_address>
         <run_address>0x2000c228</run_address>
         <size>0x44</size>
         <input_file_ref idref="fl-f9"/>
      </object_component>
      <object_component id="oc-29e">
         <name>.text:sl_Htonl</name>
         <load_address>0x2000c26c</load_address>
         <run_address>0x2000c26c</run_address>
         <size>0x42</size>
         <input_file_ref idref="fl-f7"/>
      </object_component>
      <object_component id="oc-41b">
         <name>.text:PinModeSet</name>
         <load_address>0x2000c2b0</load_address>
         <run_address>0x2000c2b0</run_address>
         <size>0x40</size>
         <input_file_ref idref="fl-ec"/>
      </object_component>
      <object_component id="oc-8cb">
         <name>.text:_SlDrvHandleNetAppEvents</name>
         <load_address>0x2000c2f0</load_address>
         <run_address>0x2000c2f0</run_address>
         <size>0x40</size>
         <input_file_ref idref="fl-f3"/>
      </object_component>
      <object_component id="oc-8c5">
         <name>.text:_SlDrvHandleWlanEvents</name>
         <load_address>0x2000c330</load_address>
         <run_address>0x2000c330</run_address>
         <size>0x40</size>
         <input_file_ref idref="fl-f3"/>
      </object_component>
      <object_component id="oc-335">
         <name>.text:_sl_TruncatePayloadByProtocol</name>
         <load_address>0x2000c370</load_address>
         <run_address>0x2000c370</run_address>
         <size>0x40</size>
         <input_file_ref idref="fl-f7"/>
      </object_component>
      <object_component id="oc-113">
         <name>.text:sprintf</name>
         <load_address>0x2000c3b0</load_address>
         <run_address>0x2000c3b0</run_address>
         <size>0x40</size>
         <input_file_ref idref="fl-c4"/>
      </object_component>
      <object_component id="oc-1db">
         <name>.text:vsnprintf</name>
         <load_address>0x2000c3f0</load_address>
         <run_address>0x2000c3f0</run_address>
         <size>0x40</size>
         <input_file_ref idref="fl-c5"/>
      </object_component>
      <object_component id="oc-2dd">
         <name>.text:NwpRegisterInterruptHandler</name>
         <load_address>0x2000c430</load_address>
         <run_address>0x2000c430</run_address>
         <size>0x3e</size>
         <input_file_ref idref="fl-f9"/>
      </object_component>
      <object_component id="oc-743">
         <name>.text:_fcpy</name>
         <load_address>0x2000c46e</load_address>
         <run_address>0x2000c46e</run_address>
         <size>0x3e</size>
         <input_file_ref idref="fl-d1"/>
      </object_component>
      <object_component id="oc-8ec">
         <name>.text:CopyPingResultsToReport</name>
         <load_address>0x2000c4ac</load_address>
         <run_address>0x2000c4ac</run_address>
         <size>0x3c</size>
         <input_file_ref idref="fl-f4"/>
      </object_component>
      <object_component id="oc-190">
         <name>.text:PRCMPeripheralClkEnable</name>
         <load_address>0x2000c4e8</load_address>
         <run_address>0x2000c4e8</run_address>
         <size>0x3c</size>
         <input_file_ref idref="fl-ed"/>
      </object_component>
      <object_component id="oc-881">
         <name>.text:simplelink_timerA2_start</name>
         <load_address>0x2000c524</load_address>
         <run_address>0x2000c524</run_address>
         <size>0x3c</size>
         <input_file_ref idref="fl-f9"/>
      </object_component>
      <object_component id="oc-298">
         <name>.text:sl_Htons</name>
         <load_address>0x2000c560</load_address>
         <run_address>0x2000c560</run_address>
         <size>0x3c</size>
         <input_file_ref idref="fl-f7"/>
      </object_component>
      <object_component id="oc-8a2">
         <name>.text:uDMAChannelControlSet</name>
         <load_address>0x2000c59c</load_address>
         <run_address>0x2000c59c</run_address>
         <size>0x3c</size>
         <input_file_ref idref="fl-fc"/>
      </object_component>
      <object_component id="oc-2e9">
         <name>.text:NwpPowerOff</name>
         <load_address>0x2000c5d8</load_address>
         <run_address>0x2000c5d8</run_address>
         <size>0x38</size>
         <input_file_ref idref="fl-f9"/>
      </object_component>
      <object_component id="oc-25c">
         <name>.text:sl_WlanDisconnect</name>
         <load_address>0x2000c610</load_address>
         <run_address>0x2000c610</run_address>
         <size>0x38</size>
         <input_file_ref idref="fl-f8"/>
      </object_component>
      <object_component id="oc-21a">
         <name>.text:GPIODirModeSet</name>
         <load_address>0x2000c648</load_address>
         <run_address>0x2000c648</run_address>
         <size>0x36</size>
         <input_file_ref idref="fl-ea"/>
      </object_component>
      <object_component id="oc-645">
         <name>.text:PRCMPeripheralStatusGet</name>
         <load_address>0x2000c680</load_address>
         <run_address>0x2000c680</run_address>
         <size>0x34</size>
         <input_file_ref idref="fl-ed"/>
      </object_component>
      <object_component id="oc-65d">
         <name>.text:SPIFIFOLevelSet</name>
         <load_address>0x2000c6b4</load_address>
         <run_address>0x2000c6b4</run_address>
         <size>0x34</size>
         <input_file_ref idref="fl-fa"/>
      </object_component>
      <object_component id="oc-214">
         <name>.text:PinTypeGPIO</name>
         <load_address>0x2000c6e8</load_address>
         <run_address>0x2000c6e8</run_address>
         <size>0x30</size>
         <input_file_ref idref="fl-ec"/>
      </object_component>
      <object_component id="oc-3c6">
         <name>.text:UARTDisable</name>
         <load_address>0x2000c718</load_address>
         <run_address>0x2000c718</run_address>
         <size>0x30</size>
         <input_file_ref idref="fl-ee"/>
      </object_component>
      <object_component id="oc-3d4">
         <name>.text:_outs</name>
         <load_address>0x2000c748</load_address>
         <run_address>0x2000c748</run_address>
         <size>0x30</size>
         <input_file_ref idref="fl-c5"/>
      </object_component>
      <object_component id="oc-726">
         <name>.text</name>
         <load_address>0x2000c778</load_address>
         <run_address>0x2000c778</run_address>
         <size>0x2e</size>
         <input_file_ref idref="fl-d7"/>
      </object_component>
      <object_component id="oc-437">
         <name>.text:NwpPowerOn</name>
         <load_address>0x2000c7a8</load_address>
         <run_address>0x2000c7a8</run_address>
         <size>0x2c</size>
         <input_file_ref idref="fl-f9"/>
      </object_component>
      <object_component id="oc-17e">
         <name>.text:PRCMSysResetCauseGet</name>
         <load_address>0x2000c7d4</load_address>
         <run_address>0x2000c7d4</run_address>
         <size>0x2c</size>
         <input_file_ref idref="fl-ed"/>
      </object_component>
      <object_component id="oc-395">
         <name>.text:_SlDrvObjGlobalLockWaitForever</name>
         <load_address>0x2000c800</load_address>
         <run_address>0x2000c800</run_address>
         <size>0x2c</size>
         <input_file_ref idref="fl-f3"/>
      </object_component>
      <object_component id="oc-4cc">
         <name>.text:_SlDrvProtectionObjLockWaitForever</name>
         <load_address>0x2000c82c</load_address>
         <run_address>0x2000c82c</run_address>
         <size>0x2c</size>
         <input_file_ref idref="fl-f3"/>
      </object_component>
      <object_component id="oc-91d">
         <name>.text:TimerLoadSet</name>
         <load_address>0x2000c858</load_address>
         <run_address>0x2000c858</run_address>
         <size>0x2a</size>
         <input_file_ref idref="fl-fb"/>
      </object_component>
      <object_component id="oc-917">
         <name>.text:TimerPrescaleSet</name>
         <load_address>0x2000c882</load_address>
         <run_address>0x2000c882</run_address>
         <size>0x2a</size>
         <input_file_ref idref="fl-fb"/>
      </object_component>
      <object_component id="oc-19c">
         <name>.text:PRCMPeripheralClkDisable</name>
         <load_address>0x2000c8ac</load_address>
         <run_address>0x2000c8ac</run_address>
         <size>0x28</size>
         <input_file_ref idref="fl-ed"/>
      </object_component>
      <object_component id="oc-39b">
         <name>.text:_SlDrvGlobalObjUnLock</name>
         <load_address>0x2000c8d4</load_address>
         <run_address>0x2000c8d4</run_address>
         <size>0x28</size>
         <input_file_ref idref="fl-f3"/>
      </object_component>
      <object_component id="oc-4d2">
         <name>.text:_SlDrvProtectionObjUnLock</name>
         <load_address>0x2000c8fc</load_address>
         <run_address>0x2000c8fc</run_address>
         <size>0x28</size>
         <input_file_ref idref="fl-f3"/>
      </object_component>
      <object_component id="oc-4d8">
         <name>.text:_SlDrvSyncObjWaitForever</name>
         <load_address>0x2000c924</load_address>
         <run_address>0x2000c924</run_address>
         <size>0x28</size>
         <input_file_ref idref="fl-f3"/>
      </object_component>
      <object_component id="oc-404">
         <name>.text:free_list_insert</name>
         <load_address>0x2000c94c</load_address>
         <run_address>0x2000c94c</run_address>
         <size>0x28</size>
         <input_file_ref idref="fl-cc"/>
      </object_component>
      <object_component id="oc-1ed">
         <name>.text:memmove</name>
         <load_address>0x2000c974</load_address>
         <run_address>0x2000c974</run_address>
         <size>0x28</size>
         <input_file_ref idref="fl-cb"/>
      </object_component>
      <object_component id="oc-5bc">
         <name>.text:_SlDrvObjLockWaitForever</name>
         <load_address>0x2000c99c</load_address>
         <run_address>0x2000c99c</run_address>
         <size>0x26</size>
         <input_file_ref idref="fl-f3"/>
      </object_component>
      <object_component id="oc-965">
         <name>.text</name>
         <load_address>0x2000c9c2</load_address>
         <run_address>0x2000c9c2</run_address>
         <size>0x26</size>
         <input_file_ref idref="fl-4"/>
      </object_component>
      <object_component id="oc-670">
         <name>.text:DmaSpiSwIntHandler</name>
         <load_address>0x2000c9e8</load_address>
         <run_address>0x2000c9e8</run_address>
         <size>0x24</size>
         <input_file_ref idref="fl-f9"/>
      </object_component>
      <object_component id="oc-51c">
         <name>.text:IntUnregister</name>
         <load_address>0x2000ca0c</load_address>
         <run_address>0x2000ca0c</run_address>
         <size>0x24</size>
         <input_file_ref idref="fl-eb"/>
      </object_component>
      <object_component id="oc-3cc">
         <name>.text:UARTEnable</name>
         <load_address>0x2000ca30</load_address>
         <run_address>0x2000ca30</run_address>
         <size>0x24</size>
         <input_file_ref idref="fl-ee"/>
      </object_component>
      <object_component id="oc-5b">
         <name>.text:_c_int00_noargs:_c_int00_noargs</name>
         <load_address>0x2000ca54</load_address>
         <run_address>0x2000ca54</run_address>
         <size>0x24</size>
         <input_file_ref idref="fl-d0"/>
      </object_component>
      <object_component id="oc-557">
         <name>.text:SPIReset</name>
         <load_address>0x2000ca78</load_address>
         <run_address>0x2000ca78</run_address>
         <size>0x22</size>
         <input_file_ref idref="fl-fa"/>
      </object_component>
      <object_component id="oc-797">
         <name>.text:SPIWordCountSet</name>
         <load_address>0x2000ca9a</load_address>
         <run_address>0x2000ca9a</run_address>
         <size>0x22</size>
         <input_file_ref idref="fl-fa"/>
      </object_component>
      <object_component id="oc-4ac">
         <name>.text:GPIOPinWrite</name>
         <load_address>0x2000cabc</load_address>
         <run_address>0x2000cabc</run_address>
         <size>0x20</size>
         <input_file_ref idref="fl-ea"/>
      </object_component>
      <object_component id="oc-528">
         <name>.text:IntRegister</name>
         <load_address>0x2000cadc</load_address>
         <run_address>0x2000cadc</run_address>
         <size>0x20</size>
         <input_file_ref idref="fl-eb"/>
      </object_component>
      <object_component id="oc-2e3">
         <name>.text:NwpPrePowerOffTimout0</name>
         <load_address>0x2000cafc</load_address>
         <run_address>0x2000cafc</run_address>
         <size>0x20</size>
         <input_file_ref idref="fl-f9"/>
      </object_component>
      <object_component id="oc-7f7">
         <name>.text:TimerGetCurrentTimestamp</name>
         <load_address>0x2000cb1c</load_address>
         <run_address>0x2000cb1c</run_address>
         <size>0x20</size>
         <input_file_ref idref="fl-f9"/>
      </object_component>
      <object_component id="oc-5c2">
         <name>.text:_SlDrvObjUnLock</name>
         <load_address>0x2000cb3c</load_address>
         <run_address>0x2000cb3c</run_address>
         <size>0x20</size>
         <input_file_ref idref="fl-f3"/>
      </object_component>
      <object_component id="oc-50f">
         <name>.text:_SlDrvSyncObjSignal</name>
         <load_address>0x2000cb5c</load_address>
         <run_address>0x2000cb5c</run_address>
         <size>0x20</size>
         <input_file_ref idref="fl-f3"/>
      </object_component>
      <object_component id="oc-49a">
         <name>.text:GPIOIntRegister</name>
         <load_address>0x2000cb7c</load_address>
         <run_address>0x2000cb7c</run_address>
         <size>0x1e</size>
         <input_file_ref idref="fl-ea"/>
      </object_component>
      <object_component id="oc-923">
         <name>.text:TimerEnable</name>
         <load_address>0x2000cb9a</load_address>
         <run_address>0x2000cb9a</run_address>
         <size>0x1e</size>
         <input_file_ref idref="fl-fb"/>
      </object_component>
      <object_component id="oc-1d5">
         <name>.text:UARTCharPut</name>
         <load_address>0x2000cbb8</load_address>
         <run_address>0x2000cbb8</run_address>
         <size>0x1e</size>
         <input_file_ref idref="fl-ee"/>
      </object_component>
      <object_component id="oc-64b">
         <name>.text:cc_UDMAChannelSelect</name>
         <load_address>0x2000cbd6</load_address>
         <run_address>0x2000cbd6</run_address>
         <size>0x1e</size>
         <input_file_ref idref="fl-f9"/>
      </object_component>
      <object_component id="oc-f5">
         <name>.text:strcat</name>
         <load_address>0x2000cbf4</load_address>
         <run_address>0x2000cbf4</run_address>
         <size>0x1e</size>
         <input_file_ref idref="fl-cd"/>
      </object_component>
      <object_component id="oc-887">
         <name>.text:TimerValueGet</name>
         <load_address>0x2000cc12</load_address>
         <run_address>0x2000cc12</run_address>
         <size>0x1c</size>
         <input_file_ref idref="fl-fb"/>
      </object_component>
      <object_component id="oc-1e7">
         <name>.text:UARTCharGetNonBlocking</name>
         <load_address>0x2000cc2e</load_address>
         <run_address>0x2000cc2e</run_address>
         <size>0x1c</size>
         <input_file_ref idref="fl-ee"/>
      </object_component>
      <object_component id="oc-6c6">
         <name>.text:_SlDrvStartMeasureTimeout</name>
         <load_address>0x2000cc4a</load_address>
         <run_address>0x2000cc4a</run_address>
         <size>0x1c</size>
         <input_file_ref idref="fl-f3"/>
      </object_component>
      <object_component id="oc-3f7">
         <name>.text:free_list_remove</name>
         <load_address>0x2000cc68</load_address>
         <run_address>0x2000cc68</run_address>
         <size>0x1c</size>
         <input_file_ref idref="fl-cc"/>
      </object_component>
      <object_component id="oc-596">
         <name>.text:memccpy</name>
         <load_address>0x2000cc84</load_address>
         <run_address>0x2000cc84</run_address>
         <size>0x1c</size>
         <input_file_ref idref="fl-e2"/>
      </object_component>
      <object_component id="oc-8b4">
         <name>.text:uDMAChannelEnable</name>
         <load_address>0x2000cca0</load_address>
         <run_address>0x2000cca0</run_address>
         <size>0x1c</size>
         <input_file_ref idref="fl-fc"/>
      </object_component>
      <object_component id="oc-4a6">
         <name>.text:GPIOIntEnable</name>
         <load_address>0x2000ccbc</load_address>
         <run_address>0x2000ccbc</run_address>
         <size>0x1a</size>
         <input_file_ref idref="fl-ea"/>
      </object_component>
      <object_component id="oc-220">
         <name>.text:PinTypeSPI</name>
         <load_address>0x2000ccd6</load_address>
         <run_address>0x2000ccd6</run_address>
         <size>0x1a</size>
         <input_file_ref idref="fl-ec"/>
      </object_component>
      <object_component id="oc-226">
         <name>.text:PinTypeUART</name>
         <load_address>0x2000ccf0</load_address>
         <run_address>0x2000ccf0</run_address>
         <size>0x1a</size>
         <input_file_ref idref="fl-ec"/>
      </object_component>
      <object_component id="oc-545">
         <name>.text:SPIDmaDisable</name>
         <load_address>0x2000cd0a</load_address>
         <run_address>0x2000cd0a</run_address>
         <size>0x1a</size>
         <input_file_ref idref="fl-fa"/>
      </object_component>
      <object_component id="oc-657">
         <name>.text:SPIDmaEnable</name>
         <load_address>0x2000cd24</load_address>
         <run_address>0x2000cd24</run_address>
         <size>0x1a</size>
         <input_file_ref idref="fl-fa"/>
      </object_component>
      <object_component id="oc-53f">
         <name>.text:SPIFIFODisable</name>
         <load_address>0x2000cd3e</load_address>
         <run_address>0x2000cd3e</run_address>
         <size>0x1a</size>
         <input_file_ref idref="fl-fa"/>
      </object_component>
      <object_component id="oc-651">
         <name>.text:SPIFIFOEnable</name>
         <load_address>0x2000cd58</load_address>
         <run_address>0x2000cd58</run_address>
         <size>0x1a</size>
         <input_file_ref idref="fl-fa"/>
      </object_component>
      <object_component id="oc-539">
         <name>.text:SPIIntUnregister</name>
         <load_address>0x2000cd72</load_address>
         <run_address>0x2000cd72</run_address>
         <size>0x1a</size>
         <input_file_ref idref="fl-fa"/>
      </object_component>
      <object_component id="oc-4b8">
         <name>.text:GPIOPinRead</name>
         <load_address>0x2000cd8c</load_address>
         <run_address>0x2000cd8c</run_address>
         <size>0x18</size>
         <input_file_ref idref="fl-ea"/>
      </object_component>
      <object_component id="oc-54b">
         <name>.text:SPICSDisable</name>
         <load_address>0x2000cda4</load_address>
         <run_address>0x2000cda4</run_address>
         <size>0x18</size>
         <input_file_ref idref="fl-fa"/>
      </object_component>
      <object_component id="oc-791">
         <name>.text:SPICSEnable</name>
         <load_address>0x2000cdbc</load_address>
         <run_address>0x2000cdbc</run_address>
         <size>0x18</size>
         <input_file_ref idref="fl-fa"/>
      </object_component>
      <object_component id="oc-551">
         <name>.text:SPIDisable</name>
         <load_address>0x2000cdd4</load_address>
         <run_address>0x2000cdd4</run_address>
         <size>0x18</size>
         <input_file_ref idref="fl-fa"/>
      </object_component>
      <object_component id="oc-669">
         <name>.text:SPIEnable</name>
         <load_address>0x2000cdec</load_address>
         <run_address>0x2000cdec</run_address>
         <size>0x18</size>
         <input_file_ref idref="fl-fa"/>
      </object_component>
      <object_component id="oc-1e1">
         <name>.text:UARTCharsAvail</name>
         <load_address>0x2000ce04</load_address>
         <run_address>0x2000ce04</run_address>
         <size>0x18</size>
         <input_file_ref idref="fl-ee"/>
      </object_component>
      <object_component id="oc-562">
         <name>.text:_SlNonOsSemSet</name>
         <load_address>0x2000ce1c</load_address>
         <run_address>0x2000ce1c</run_address>
         <size>0x18</size>
         <input_file_ref idref="fl-f6"/>
      </object_component>
      <object_component id="oc-3da">
         <name>.text:_outc</name>
         <load_address>0x2000ce34</load_address>
         <run_address>0x2000ce34</run_address>
         <size>0x18</size>
         <input_file_ref idref="fl-c5"/>
      </object_component>
      <object_component id="oc-327">
         <name>.text:_outs</name>
         <load_address>0x2000ce4c</load_address>
         <run_address>0x2000ce4c</run_address>
         <size>0x18</size>
         <input_file_ref idref="fl-c4"/>
      </object_component>
      <object_component id="oc-43d">
         <name>.text:_sl_GetStartResponseConvert</name>
         <load_address>0x2000ce64</load_address>
         <run_address>0x2000ce64</run_address>
         <size>0x18</size>
         <input_file_ref idref="fl-f2"/>
      </object_component>
      <object_component id="oc-184">
         <name>.text:PRCMHIBRegRead</name>
         <load_address>0x2000ce7c</load_address>
         <run_address>0x2000ce7c</run_address>
         <size>0x16</size>
         <input_file_ref idref="fl-ed"/>
      </object_component>
      <object_component id="oc-18a">
         <name>.text:PRCMHIBRegWrite</name>
         <load_address>0x2000ce92</load_address>
         <run_address>0x2000ce92</run_address>
         <size>0x16</size>
         <input_file_ref idref="fl-ed"/>
      </object_component>
      <object_component id="oc-38e">
         <name>.text:_SlDrvMemZero</name>
         <load_address>0x2000cea8</load_address>
         <run_address>0x2000cea8</run_address>
         <size>0x16</size>
         <input_file_ref idref="fl-f3"/>
      </object_component>
      <object_component id="oc-757">
         <name>.text:strchr</name>
         <load_address>0x2000cebe</load_address>
         <run_address>0x2000cebe</run_address>
         <size>0x16</size>
         <input_file_ref idref="fl-e3"/>
      </object_component>
      <object_component id="oc-16e">
         <name>.text:CPUcpsie</name>
         <load_address>0x2000ced4</load_address>
         <run_address>0x2000ced4</run_address>
         <size>0x14</size>
         <input_file_ref idref="fl-f0"/>
      </object_component>
      <object_component id="oc-4a0">
         <name>.text:GPIOIntClear</name>
         <load_address>0x2000cee8</load_address>
         <run_address>0x2000cee8</run_address>
         <size>0x14</size>
         <input_file_ref idref="fl-ea"/>
      </object_component>
      <object_component id="oc-c5">
         <name>.text:IntVTableBaseSet</name>
         <load_address>0x2000cefc</load_address>
         <run_address>0x2000cefc</run_address>
         <size>0x14</size>
         <input_file_ref idref="fl-eb"/>
      </object_component>
      <object_component id="oc-ef">
         <name>.text:strcpy</name>
         <load_address>0x2000cf10</load_address>
         <run_address>0x2000cf10</run_address>
         <size>0x14</size>
         <input_file_ref idref="fl-ce"/>
      </object_component>
      <object_component id="oc-10d">
         <name>.text:strlen</name>
         <load_address>0x2000cf24</load_address>
         <run_address>0x2000cf24</run_address>
         <size>0x14</size>
         <input_file_ref idref="fl-cf"/>
      </object_component>
      <object_component id="oc-59c">
         <name>.text:wcslen</name>
         <load_address>0x2000cf38</load_address>
         <run_address>0x2000cf38</run_address>
         <size>0x12</size>
         <input_file_ref idref="fl-e5"/>
      </object_component>
      <object_component id="oc-8df">
         <name>.text:_SlDrvDispatchHttpServerEvents</name>
         <load_address>0x2000cf4a</load_address>
         <run_address>0x2000cf4a</run_address>
         <size>0x10</size>
         <input_file_ref idref="fl-f3"/>
      </object_component>
      <object_component id="oc-1a3">
         <name>.text:_SlDrvResetCmdExt</name>
         <load_address>0x2000cf5a</load_address>
         <run_address>0x2000cf5a</run_address>
         <size>0xe</size>
         <input_file_ref idref="fl-f3"/>
      </object_component>
      <object_component id="oc-1b">
         <name>.text:decompress:none:__TI_decompress_none</name>
         <load_address>0x2000cf68</load_address>
         <run_address>0x2000cf68</run_address>
         <size>0xe</size>
         <input_file_ref idref="fl-c9"/>
      </object_component>
      <object_component id="oc-29">
         <name>.text</name>
         <load_address>0x2000cf76</load_address>
         <run_address>0x2000cf76</run_address>
         <size>0xe</size>
         <input_file_ref idref="fl-6"/>
      </object_component>
      <object_component id="oc-532">
         <name>.text:NwpMaskInterrupt</name>
         <load_address>0x2000cf84</load_address>
         <run_address>0x2000cf84</run_address>
         <size>0xc</size>
         <input_file_ref idref="fl-f9"/>
      </object_component>
      <object_component id="oc-677">
         <name>.text:NwpUnMaskInterrupt</name>
         <load_address>0x2000cf90</load_address>
         <run_address>0x2000cf90</run_address>
         <size>0xc</size>
         <input_file_ref idref="fl-f9"/>
      </object_component>
      <object_component id="oc-828">
         <name>.text:copysign</name>
         <load_address>0x2000cf9c</load_address>
         <run_address>0x2000cf9c</run_address>
         <size>0xc</size>
         <input_file_ref idref="fl-e9"/>
      </object_component>
      <object_component id="oc-4f">
         <name>.text:decompress:ZI:__TI_zero_init</name>
         <load_address>0x2000cfa8</load_address>
         <run_address>0x2000cfa8</run_address>
         <size>0xc</size>
         <input_file_ref idref="fl-c8"/>
      </object_component>
      <object_component id="oc-cb">
         <name>.text:IntMasterEnable</name>
         <load_address>0x2000cfb4</load_address>
         <run_address>0x2000cfb4</run_address>
         <size>0xa</size>
         <input_file_ref idref="fl-eb"/>
      </object_component>
      <object_component id="oc-32d">
         <name>.text:_outc</name>
         <load_address>0x2000cfbe</load_address>
         <run_address>0x2000cfbe</run_address>
         <size>0xa</size>
         <input_file_ref idref="fl-c4"/>
      </object_component>
      <object_component id="oc-5a2">
         <name>.text:__aeabi_errno_addr</name>
         <load_address>0x2000cfc8</load_address>
         <run_address>0x2000cfc8</run_address>
         <size>0x8</size>
         <input_file_ref idref="fl-e4"/>
      </object_component>
      <object_component id="oc-1f3">
         <name>.text:malloc</name>
         <load_address>0x2000cfd0</load_address>
         <run_address>0x2000cfd0</run_address>
         <size>0x8</size>
         <input_file_ref idref="fl-cc"/>
      </object_component>
      <object_component id="oc-28d">
         <name>.text:UtilsDelay</name>
         <load_address>0x2000cfd8</load_address>
         <run_address>0x2000cfd8</run_address>
         <size>0x6</size>
         <input_file_ref idref="fl-ef"/>
      </object_component>
      <object_component id="oc-91">
         <name>.text:_system_pre_init</name>
         <load_address>0x2000cfde</load_address>
         <run_address>0x2000cfde</run_address>
         <size>0x4</size>
         <input_file_ref idref="fl-da"/>
      </object_component>
      <object_component id="oc-12f">
         <name>.text:abort:abort</name>
         <load_address>0x2000cfe2</load_address>
         <run_address>0x2000cfe2</run_address>
         <size>0x4</size>
         <input_file_ref idref="fl-dc"/>
[...]
      </symbol>
      <symbol id="sm-a43">
         <name>sl_Start</name>
         <value>0x200096d5</value>
         <object_component_ref idref="oc-238"/>
      </symbol>
      <symbol id="sm-a44">
         <name>sl_DevGet</name>
         <value>0x20009eb5</value>
         <object_component_ref idref="oc-24a"/>
      </symbol>
      <symbol id="sm-d32">
         <name>RxIrqCnt</name>
         <value>0x2001f424</value>
      </symbol>
      <symbol id="sm-d33">
         <name>g_bDeviceRestartIsRequired</name>
         <value>0x2001f425</value>
      </symbol>
      <symbol id="sm-d34">
         <name>_SlDrvProtectionObjUnLock</name>
         <value>0x2000c8fd</value>
         <object_component_ref idref="oc-4d2"/>
      </symbol>
      <symbol id="sm-d35">
         <name>_SlDrvBasicCmd</name>
         <value>0x2000c045</value>
         <object_component_ref idref="oc-465"/>
      </symbol>
      <symbol id="sm-d36">
         <name>_SlDrvObjUnLock</name>
         <value>0x2000cb3d</value>
         <object_component_ref idref="oc-5c2"/>
      </symbol>
      <symbol id="sm-d37">
         <name>_SlDrvObjLockWaitForever</name>
         <value>0x2000c99d</value>
         <object_component_ref idref="oc-5bc"/>
      </symbol>
      <symbol id="sm-d38">
         <name>_SlDrvMsgReadSpawnCtx</name>
         <value>0x200098a9</value>
         <object_component_ref idref="oc-61e"/>
      </symbol>
      <symbol id="sm-d39">
         <name>_SlDrvDispatchHttpServerEvents</name>
         <value>0x2000cf4b</value>
         <object_component_ref idref="oc-8df"/>
      </symbol>
      <symbol id="sm-d3a">
         <name>_SlDrvHandleNetAppEvents</name>
         <value>0x2000c2f1</value>
         <object_component_ref idref="oc-8cb"/>
      </symbol>
      <symbol id="sm-d3b">
         <name>_SlDriverHandleError</name>
         <value>0x2000a3b9</value>
         <object_component_ref idref="oc-502"/>
      </symbol>
      <symbol id="sm-d3c">
         <name>_SlDrvDriverCBDeinit</name>
         <value>0x20008dbd</value>
         <object_component_ref idref="oc-2f5"/>
      </symbol>
      <symbol id="sm-d3d">
         <name>_SlDrvStartMeasureTimeout</name>
         <value>0x2000cc4b</value>
         <object_component_ref idref="oc-6c6"/>
      </symbol>
      <symbol id="sm-d3e">
         <name>_SlDrvResetCmdExt</name>
         <value>0x2000cf5b</value>
         <object_component_ref idref="oc-1a3"/>
      </symbol>
      <symbol id="sm-d3f">
         <name>_SlDrvIsTimeoutExpired</name>
         <value>0x2000adc1</value>
         <object_component_ref idref="oc-6cc"/>
      </symbol>
      <symbol id="sm-d40">
         <name>_SlDrvProtectAsyncRespSetting</name>
         <value>0x2000be85</value>
         <object_component_ref idref="oc-2cb"/>
      </symbol>
      <symbol id="sm-d41">
         <name>_SlDrvReleasePoolObj</name>
         <value>0x2000764d</value>
         <object_component_ref idref="oc-2d7"/>
      </symbol>
      <symbol id="sm-d42">
         <name>_SlDrvHandleWlanEvents</name>
         <value>0x2000c331</value>
         <object_component_ref idref="oc-8c5"/>
      </symbol>
      <symbol id="sm-d43">
         <name>OpcodeTranslateTable</name>
         <value>0x2000d368</value>
         <object_component_ref idref="oc-7bf"/>
      </symbol>
      <symbol id="sm-d44">
         <name>pPingCallBackFunc</name>
         <value>0x2001f484</value>
         <object_component_ref idref="oc-1b2"/>
      </symbol>
      <symbol id="sm-d45">
         <name>_SlDrvDriverCBInit</name>
         <value>0x20007ba1</value>
         <object_component_ref idref="oc-42b"/>
      </symbol>
      <symbol id="sm-d46">
         <name>g_pCB</name>
         <value>0x2001f480</value>
         <object_component_ref idref="oc-1b2"/>
      </symbol>
      <symbol id="sm-d47">
         <name>_SlDrvProtectionObjLockWaitForever</name>
         <value>0x2000c82d</value>
         <object_component_ref idref="oc-4cc"/>
      </symbol>
      <symbol id="sm-d48">
         <name>_SlDrvCmdOp</name>
         <value>0x2000a045</value>
         <object_component_ref idref="oc-1a9"/>
      </symbol>
      <symbol id="sm-d49">
         <name>_SlDrvSyncObjWaitTimeout</name>
         <value>0x2000c1a1</value>
         <object_component_ref idref="oc-2d1"/>
      </symbol>
      <symbol id="sm-d4a">
         <name>_SlDrvGlobalObjUnLock</name>
         <value>0x2000c8d5</value>
         <object_component_ref idref="oc-39b"/>
      </symbol>
      <symbol id="sm-d4b">
         <name>_SlDrvMemZero</name>
         <value>0x2000cea9</value>
         <object_component_ref idref="oc-38e"/>
      </symbol>
      <symbol id="sm-d4c">
         <name>_SlDrvWaitForPoolObj</name>
         <value>0x20007ef1</value>
         <object_component_ref idref="oc-4c6"/>
      </symbol>
      <symbol id="sm-d4d">
         <name>_SlDrvSyncObjSignal</name>
         <value>0x2000cb5d</value>
         <object_component_ref idref="oc-50f"/>
      </symbol>
      <symbol id="sm-d4e">
         <name>_SlDrvDataReadOp</name>
         <value>0x20007469</value>
         <object_component_ref idref="oc-34f"/>
      </symbol>
      <symbol id="sm-d4f">
         <name>_SlDrvDataWriteOp</name>
         <value>0x200084f5</value>
         <object_component_ref idref="oc-33b"/>
      </symbol>
      <symbol id="sm-d50">
         <name>_SlDrvRxIrqHandler</name>
         <value>0x2000bc4d</value>
         <object_component_ref idref="oc-443"/>
      </symbol>
      <symbol id="sm-d51">
         <name>_SlDrvHandleHttpServerEvents</name>
         <value>0x2000c15d</value>
         <object_component_ref idref="oc-943"/>
      </symbol>
      <symbol id="sm-d52">
         <name>_SlDrvSyncObjWaitForever</name>
         <value>0x2000c925</value>
         <object_component_ref idref="oc-4d8"/>
      </symbol>
      <symbol id="sm-d53">
         <name>g_SlDeviceStatus</name>
         <value>0x2001f47c</value>
         <object_component_ref idref="oc-1b2"/>
      </symbol>
      <symbol id="sm-d54">
         <name>_SlDrvCmdSend</name>
         <value>0x2000b641</value>
         <object_component_ref idref="oc-94a"/>
      </symbol>
      <symbol id="sm-d55">
         <name>_SlActionLookupTable</name>
         <value>0x2000d3a4</value>
         <object_component_ref idref="oc-872"/>
      </symbol>
      <symbol id="sm-dfd">
         <name>sl_NetAppMDNSUnRegisterService</name>
         <value>0x2000b849</value>
         <object_component_ref idref="oc-26e"/>
      </symbol>
      <symbol id="sm-dfe">
         <name>_SlNetAppSendTokenValueCmdCtrl</name>
         <value>0x2000d572</value>
         <object_component_ref idref="oc-950"/>
      </symbol>
      <symbol id="sm-dff">
         <name>sl_NetAppDnsGetHostByName</name>
         <value>0x200088d1</value>
         <object_component_ref idref="oc-292"/>
      </symbol>
      <symbol id="sm-e00">
         <name>_sl_HandleAsync_DnsGetHostByName</name>
         <value>0x2000aaf9</value>
         <object_component_ref idref="oc-8d3"/>
      </symbol>
      <symbol id="sm-e01">
         <name>_sl_HandleAsync_PingResponse</name>
         <value>0x2000ab89</value>
         <object_component_ref idref="oc-85e"/>
      </symbol>
      <symbol id="sm-e02">
         <name>_SlDrvNetAppEventHandler</name>
         <value>0x2000900d</value>
         <object_component_ref idref="oc-858"/>
      </symbol>
      <symbol id="sm-e03">
         <name>_sl_HandleAsync_DnsGetHostByService</name>
         <value>0x20009de9</value>
         <object_component_ref idref="oc-8d9"/>
      </symbol>
      <symbol id="sm-e04">
         <name>_sl_NetAppSendTokenValue</name>
         <value>0x2000b6ad</value>
         <object_component_ref idref="oc-8e5"/>
      </symbol>
      <symbol id="sm-e05">
         <name>sl_NetAppMDNSRegisterUnregisterService</name>
         <value>0x20009b59</value>
         <object_component_ref idref="oc-47a"/>
      </symbol>
      <symbol id="sm-e27">
         <name>sl_NetCfgSet</name>
         <value>0x2000a76d</value>
         <object_component_ref idref="oc-262"/>
      </symbol>
      <symbol id="sm-e6f">
         <name>_SlNonOsSemSet</name>
         <value>0x2000ce1d</value>
         <object_component_ref idref="oc-562"/>
      </symbol>
      <symbol id="sm-e70">
         <name>_SlNonOsSpawn</name>
         <value>0x2000b781</value>
         <object_component_ref idref="oc-617"/>
      </symbol>
      <symbol id="sm-e71">
         <name>_SlNonOsSemGet</name>
         <value>0x2000a1b9</value>
         <object_component_ref idref="oc-4fc"/>
      </symbol>
      <symbol id="sm-e72">
         <name>_SlNonOsMainLoopTask</name>
         <value>0x2000b4ed</value>
         <object_component_ref idref="oc-23e"/>
      </symbol>
      <symbol id="sm-e73">
         <name>g__SlNonOsCB</name>
         <value>0x2001f42c</value>
         <object_component_ref idref="oc-44a"/>
      </symbol>
      <symbol id="sm-f74">
         <name>sl_Recv</name>
         <value>0x2000a4fd</value>
         <object_component_ref idref="oc-125"/>
      </symbol>
      <symbol id="sm-f75">
         <name>sl_Send</name>
         <value>0x20008c89</value>
         <object_component_ref idref="oc-119"/>
      </symbol>
      <symbol id="sm-f76">
         <name>_sl_HandleAsync_Connect</name>
         <value>0x2000b201</value>
         <object_component_ref idref="oc-8fb"/>
      </symbol>
      <symbol id="sm-f77">
         <name>sl_Htonl</name>
         <value>0x2000c26d</value>
         <object_component_ref idref="oc-29e"/>
      </symbol>
      <symbol id="sm-f78">
         <name>sl_Htons</name>
         <value>0x2000c561</value>
         <object_component_ref idref="oc-298"/>
      </symbol>
      <symbol id="sm-f79">
         <name>sl_Connect</name>
         <value>0x20008081</value>
         <object_component_ref idref="oc-2b0"/>
      </symbol>
      <symbol id="sm-f7a">
         <name>sl_Socket</name>
         <value>0x2000aed9</value>
         <object_component_ref idref="oc-2a4"/>
      </symbol>
      <symbol id="sm-f7b">
         <name>_sl_HandleAsync_Select</name>
         <value>0x2000bcf5</value>
         <object_component_ref idref="oc-901"/>
      </symbol>
      <symbol id="sm-f7c">
         <name>sl_Close</name>
         <value>0x2000b975</value>
         <object_component_ref idref="oc-11f"/>
      </symbol>
      <symbol id="sm-f7d">
         <name>_sl_HandleAsync_Accept</name>
         <value>0x2000b7e5</value>
         <object_component_ref idref="oc-8f5"/>
      </symbol>
      <symbol id="sm-f7e">
         <name>sl_SetSockOpt</name>
         <value>0x2000a805</value>
         <object_component_ref idref="oc-2aa"/>
      </symbol>
      <symbol id="sm-1038">
         <name>sl_WlanDisconnect</name>
         <value>0x2000c611</value>
         <object_component_ref idref="oc-25c"/>
      </symbol>
      <symbol id="sm-1039">
         <name>sl_WlanPolicySet</name>
         <value>0x2000ac19</value>
         <object_component_ref idref="oc-250"/>
      </symbol>
      <symbol id="sm-103a">
         <name>sl_WlanProfileDel</name>
         <value>0x2000b9d5</value>
         <object_component_ref idref="oc-256"/>
      </symbol>
      <symbol id="sm-103b">
         <name>sl_WlanRxFilterSet</name>
         <value>0x2000b0f9</value>
         <object_component_ref idref="oc-277"/>
      </symbol>
      <symbol id="sm-103c">
         <name>sl_WlanConnect</name>
         <value>0x20006abd</value>
         <object_component_ref idref="oc-281"/>
      </symbol>
      <symbol id="sm-103d">
         <name>sl_WlanSet</name>
         <value>0x2000a89d</value>
         <object_component_ref idref="oc-268"/>
      </symbol>
      <symbol id="sm-103e">
         <name>sl_WlanSetMode</name>
         <value>0x2000ba35</value>
         <object_component_ref idref="oc-244"/>
      </symbol>
      <symbol id="sm-115e">
         <name>g_ucDinDout</name>
         <value>0x2001f368</value>
      </symbol>
      <symbol id="sm-115f">
         <name>g_cDummy</name>
         <value>0x2001f426</value>
      </symbol>
      <symbol id="sm-1160">
         <name>NwpMaskInterrupt</name>
         <value>0x2000cf85</value>
         <object_component_ref idref="oc-532"/>
      </symbol>
      <symbol id="sm-1161">
         <name>NwpPrePowerOffTimout0</name>
         <value>0x2000cafd</value>
         <object_component_ref idref="oc-2e3"/>
      </symbol>
      <symbol id="sm-1162">
         <name>NwpRegisterInterruptHandler</name>
         <value>0x2000c431</value>
         <object_component_ref idref="oc-2dd"/>
      </symbol>
      <symbol id="sm-1163">
         <name>g_pHostIntHdl</name>
         <value>0x2001f4a8</value>
         <object_component_ref idref="oc-55d"/>
      </symbol>
      <symbol id="sm-1164">
         <name>simplelink_timerA2_start</name>
         <value>0x2000c525</value>
         <object_component_ref idref="oc-881"/>
      </symbol>
      <symbol id="sm-1165">
         <name>NwpUnMaskInterrupt</name>
         <value>0x2000cf91</value>
         <object_component_ref idref="oc-677"/>
      </symbol>
      <symbol id="sm-1166">
         <name>NwpPowerOff</name>
         <value>0x2000c5d9</value>
         <object_component_ref idref="oc-2e9"/>
      </symbol>
      <symbol id="sm-1167">
         <name>TimerGetCurrentTimestamp</name>
         <value>0x2000cb1d</value>
         <object_component_ref idref="oc-7f7"/>
      </symbol>
      <symbol id="sm-1168">
         <name>spi_Read</name>
         <value>0x200094f5</value>
         <object_component_ref idref="oc-7b2"/>
      </symbol>
      <symbol id="sm-1169">
         <name>DmaSpiSwIntHandler</name>
         <value>0x2000c9e9</value>
         <object_component_ref idref="oc-670"/>
      </symbol>
      <symbol id="sm-116a">
         <name>NwpPowerOn</name>
         <value>0x2000c7a9</value>
         <object_component_ref idref="oc-437"/>
      </symbol>
      <symbol id="sm-116b">
         <name>spi_Close</name>
         <value>0x2000b3fd</value>
         <object_component_ref idref="oc-2ef"/>
      </symbol>
      <symbol id="sm-116c">
         <name>spi_Write</name>
         <value>0x2000a935</value>
         <object_component_ref idref="oc-601"/>
      </symbol>
      <symbol id="sm-116d">
         <name>spi_Open</name>
         <value>0x20008645</value>
         <object_component_ref idref="oc-431"/>
      </symbol>
      <symbol id="sm-116e">
         <name>g_ucDMAEnabled</name>
         <value>0x2001f4ac</value>
         <object_component_ref idref="oc-55d"/>
      </symbol>
      <symbol id="sm-116f">
         <name>g_SpiFd</name>
         <value>0x2001f4a4</value>
         <object_component_ref idref="oc-55d"/>
      </symbol>
      <symbol id="sm-122a">
         <name>SPIFIFODisable</name>
         <value>0x2000cd3f</value>
         <object_component_ref idref="oc-53f"/>
      </symbol>
      <symbol id="sm-122b">
         <name>SPICSEnable</name>
         <value>0x2000cdbd</value>
         <object_component_ref idref="oc-791"/>
      </symbol>
      <symbol id="sm-122c">
         <name>SPIDisable</name>
         <value>0x2000cdd5</value>
         <object_component_ref idref="oc-551"/>
      </symbol>
      <symbol id="sm-122d">
         <name>SPIFIFOEnable</name>
         <value>0x2000cd59</value>
         <object_component_ref idref="oc-651"/>
      </symbol>
      <symbol id="sm-122e">
         <name>SPIWordCountSet</name>
         <value>0x2000ca9b</value>
         <object_component_ref idref="oc-797"/>
      </symbol>
      <symbol id="sm-122f">
         <name>SPIEnable</name>
         <value>0x2000cded</value>
         <object_component_ref idref="oc-669"/>
      </symbol>
      <symbol id="sm-1230">
         <name>SPIDmaEnable</name>
         <value>0x2000cd25</value>
         <object_component_ref idref="oc-657"/>
      </symbol>
      <symbol id="sm-1231">
         <name>SPIConfigSetExpClk</name>
         <value>0x2000a45d</value>
         <object_component_ref idref="oc-63f"/>
      </symbol>
      <symbol id="sm-1232">
         <name>SPIIntUnregister</name>
         <value>0x2000cd73</value>
         <object_component_ref idref="oc-539"/>
      </symbol>
      <symbol id="sm-1233">
         <name>SPIFIFOLevelSet</name>
         <value>0x2000c6b5</value>
         <object_component_ref idref="oc-65d"/>
      </symbol>
      <symbol id="sm-1234">
         <name>SPIDmaDisable</name>
         <value>0x2000cd0b</value>
         <object_component_ref idref="oc-545"/>
      </symbol>
      <symbol id="sm-1235">
         <name>SPIReset</name>
         <value>0x2000ca79</value>
         <object_component_ref idref="oc-557"/>
      </symbol>
      <symbol id="sm-1236">
         <name>SPIIntEnable</name>
         <value>0x2000bded</value>
         <object_component_ref idref="oc-663"/>
      </symbol>
      <symbol id="sm-1237">
         <name>SPIIntClear</name>
         <value>0x2000bffd</value>
         <object_component_ref idref="oc-7e6"/>
      </symbol>
      <symbol id="sm-1238">
         <name>SPICSDisable</name>
         <value>0x2000cda5</value>
         <object_component_ref idref="oc-54b"/>
      </symbol>
      <symbol id="sm-126b">
         <name>TimerLoadSet</name>
         <value>0x2000c859</value>
         <object_component_ref idref="oc-91d"/>
      </symbol>
      <symbol id="sm-126c">
         <name>TimerEnable</name>
         <value>0x2000cb9b</value>
         <object_component_ref idref="oc-923"/>
      </symbol>
      <symbol id="sm-126d">
         <name>TimerValueGet</name>
         <value>0x2000cc13</value>
         <object_component_ref idref="oc-887"/>
      </symbol>
      <symbol id="sm-126e">
         <name>TimerPrescaleSet</name>
         <value>0x2000c883</value>
         <object_component_ref idref="oc-917"/>
      </symbol>
      <symbol id="sm-126f">
         <name>TimerConfigure</name>
         <value>0x2000c119</value>
         <object_component_ref idref="oc-911"/>
      </symbol>
      <symbol id="sm-12c6">
         <name>uDMAChannelControlSet</name>
         <value>0x2000c59d</value>
         <object_component_ref idref="oc-8a2"/>
      </symbol>
      <symbol id="sm-12c7">
         <name>uDMAChannelAttributeEnable</name>
         <value>0x2000b911</value>
         <object_component_ref idref="oc-8a8"/>
      </symbol>
      <symbol id="sm-12c8">
         <name>uDMAChannelTransferSet</name>
         <value>0x200095e5</value>
         <object_component_ref idref="oc-8ae"/>
      </symbol>
      <symbol id="sm-12c9">
         <name>uDMAChannelAssign</name>
         <value>0x2000bf69</value>
         <object_component_ref idref="oc-7ce"/>
      </symbol>
      <symbol id="sm-12ca">
         <name>uDMAChannelAttributeDisable</name>
         <value>0x2000b8ad</value>
         <object_component_ref idref="oc-7d4"/>
      </symbol>
      <symbol id="sm-12cb">
         <name>uDMAChannelEnable</name>
         <value>0x2000cca1</value>
         <object_component_ref idref="oc-8b4"/>
      </symbol>
      <symbol id="sm-12cc">
         <name>__TI_static_base__</name>
         <value>0x2000d5b8</value>
      </symbol>
      <symbol id="sm-12cf">
         <name>__mpu_init</name>
         <value>0x0</value>
      </symbol>
      <symbol id="sm-12d0">
         <name>_system_post_cinit</name>
         <value>0x0</value>
      </symbol>
   </symbol_table>
   <title>Link successful</title>
</link_info>
