******************************************************************************
                  TI ARM Linker PC v20.2.7                     
******************************************************************************
>> Linked Tue May 20 00:37:45 2025

OUTPUT FILE NAME:   <aws-rest-api-ssl-demo.out>
ENTRY POINT SYMBOL: "_c_int00_noargs"  address: 2000eed1


MEMORY CONFIGURATION

         name            origin    length      used     unused   attr    fill
----------------------  --------  ---------  --------  --------  ----  --------
  SRAM_CODE             20004000   00013000  0000c084  00006f7c  RW X
  SRAM_DATA             20017000   00019000  00009f1e  0000f0e2  RW X


SEGMENT ALLOCATION MAP

run origin  load origin   length   init length attrs members
----------  ----------- ---------- ----------- ----- -------
20004000    20004000    0000c088   0000c088    r-x
  20004000    20004000    00000400   00000400    r-- .intvecs
  20004400    20004400    0000b138   0000b138    r-x .text
  2000f538    2000f538    00000ae4   00000ae4    r-- .const
  20010020    20010020    00000068   00000068    r-- .cinit
20017000    20017000    00008f20   00000000    rw-
  20017000    20017000    00008000   00000000    rw- .sysmem
  2001f000    2001f000    00000e3a   00000000    rw- .bss
  2001fe3c    2001fe3c    000000e4   00000000    rw- .data
2002f000    2002f000    00001000   00000000    rw-
  2002f000    2002f000    00001000   00000000    rw- .stack


SECTION ALLOCATION MAP

 output                                  attributes/
section   page    origin      length       input sections
--------  ----  ----------  ----------   ----------------
.intvecs   0    20004000    00000400     
                  20004000    00000400     startup_ccs.obj (.intvecs)

.init_array 
*          0    20004000    00000000     UNINITIALIZED

.text      0    20004400    0000b138     
                  20004400    0000116c     main.obj (.text)
                  2000556c    00000ecc     network_utils.obj (.text)
                  20006438    00000a80     Adafruit_GFX.obj (.text)
                  20006eb8    00000a4e     rtsv7M4_T_le_eabi.lib : _printfi.c.obj (.text:__TI_printfi)
                  20007906    00000002     driverlib.a : interrupt.obj (.text:IntDefaultHandler)
                  20007908    00000590     simplelink.a : driver.obj (.text:_SlDrvMsgRead)
                  20007e98    0000049e     Adafruit_OLED.obj (.text)
                  20008336    00000002     rtsv7M4_T_le_eabi.lib : _lock.c.obj (.text:_nop)
                  20008338    00000398     gpio_if.obj (.text)
                  200086d0    00000334     gpio.obj (.text)
                  20008a04    00000280     simplelink.a : wlan.obj (.text:sl_WlanConnect)
                  20008c84    0000027c     uart_if.obj (.text)
                  20008f00    00000270     systick_if.obj (.text)
                  20009170    00000268     rtsv7M4_T_le_eabi.lib : _printfi.c.obj (.text:_pconv_a)
                  200093d8    00000248     simplelink.a : driver.obj (.text:_SlDrvRxHdrRead)
                  20009620    000001e4                  : driver.obj (.text:_SlDrvDataReadOp)
                  20009804    000001d0                  : driver.obj (.text:_SlDrvReleasePoolObj)
                  200099d4    000001cc     rtsv7M4_T_le_eabi.lib : _printfi.c.obj (.text:_pconv_g)
                  20009ba0    000001b6                           : fd_add_t2.asm.obj (.text)
                  20009d56    00000002                           : div0.asm.obj (.text)
                  20009d58    000001b4     simplelink.a : driver.obj (.text:_SlDrvDriverCBInit)
                  20009f0c    0000019c                  : driver.obj (.text:_SlDrvMsgWrite)
                  2000a0a8    00000198     timer_if.obj (.text)
                  2000a240    00000190     simplelink.a : driver.obj (.text:_SlDrvWaitForPoolObj)
                  2000a3d0    0000018c                  : socket.obj (.text:sl_Connect)
                  2000a55c    00000178     driverlib.a : prcm.obj (.text:PRCMCC3200MCUInit)
                  2000a6d4    00000170     simplelink.a : driver.obj (.text:_SlFindAndSetActiveObj)
                  2000a844    00000150                  : driver.obj (.text:_SlDrvDataWriteOp)
                  2000a994    00000148                  : cc_pal.obj (.text:spi_Open)
                  2000aadc    00000144                  : driver.obj (.text:_SlDrvMsgReadCmdCtx)
                  2000ac20    00000144                  : netapp.obj (.text:sl_NetAppDnsGetHostByName)
                  2000ad64    0000013c     rtsv7M4_T_le_eabi.lib : _printfi.c.obj (.text:_pconv_e)
                  2000aea0    00000136                           : fd_div_t2.asm.obj (.text)
                  2000afd6    00000002     --HOLE-- [fill = 0]
                  2000afd8    00000134     simplelink.a : socket.obj (.text:sl_Send)
                  2000b10c    00000130                  : driver.obj (.text:_SlDrvDriverCBDeinit)
                  2000b23c    00000130     rtsv7M4_T_le_eabi.lib : strtol.c.obj (.text:strtol)
                  2000b36c    00000120                           : _printfi.c.obj (.text:fcvt)
                  2000b48c    00000104     simplelink.a : netapp.obj (.text:_SlDrvNetAppEventHandler)
                  2000b590    00000100     rtsv7M4_T_le_eabi.lib : memory.c.obj (.text:aligned_alloc)
                  2000b690    000000fc                           : fd_mul_t2.asm.obj (.text)
                  2000b78c    000000f8     pinmux.obj (.text)
                  2000b884    000000f0     simplelink.a : device.obj (.text:sl_Stop)
                  2000b974    000000f0                  : cc_pal.obj (.text:spi_Read)
                  2000ba64    000000f0     driverlib.a : udma.obj (.text:uDMAChannelTransferSet)
                  2000bb54    000000ec     simplelink.a : device.obj (.text:sl_Start)
                  2000bc40    000000e8                  : driver.obj (.text:_SlAsyncEventGenericHandler)
                  2000bd28    000000e8                  : driver.obj (.text:_SlDrvMsgReadSpawnCtx)
                  2000be10    000000e4     rtsv7M4_T_le_eabi.lib : memory.c.obj (.text:free)
                  2000bef4    000000e4                           : memory.c.obj (.text:realloc)
                  2000bfd8    000000e4     simplelink.a : netapp.obj (.text:sl_NetAppMDNSRegisterUnregisterService)
                  2000c0bc    000000dc                  : driver.obj (.text:_SlDrvClassifyRxMsg)
                  2000c198    000000d0     rtsv7M4_T_le_eabi.lib : s_scalbn.c.obj (.text:scalbn)
                  2000c268    000000cc     simplelink.a : netapp.obj (.text:_sl_HandleAsync_DnsGetHostByService)
                  2000c334    000000cc                  : device.obj (.text:sl_DevGet)
                  2000c400    000000c4                  : driver.obj (.text:_SlRemoveFromList)
                  2000c4c4    000000c0                  : driver.obj (.text:_SlDrvCmdOp)
                  2000c584    000000b1     rtsv7M4_T_le_eabi.lib : _printfi.c.obj (.text:_ltostr)
                  2000c635    00000003     --HOLE-- [fill = 0]
                  2000c638    000000b0     simplelink.a : nonos.obj (.text:_SlNonOsSemGet)
                  2000c6e8    000000a8     driverlib.a : interrupt.obj (.text:IntDisable)
                  2000c790    000000a8                 : interrupt.obj (.text:IntEnable)
                  2000c838    000000a4     simplelink.a : driver.obj (.text:_SlDriverHandleError)
                  2000c8dc    000000a0     driverlib.a : spi.obj (.text:SPIConfigSetExpClk)
                  2000c97c    000000a0     simplelink.a : socket.obj (.text:sl_Recv)
                  2000ca1c    0000009c     rtsv7M4_T_le_eabi.lib : memcpy_t2.asm.obj (.text)
                  2000cab8    0000009a     simplelink.a : device.obj (.text:_SlDrvDeviceEventHandler)
                  2000cb52    00000002     --HOLE-- [fill = 0]
                  2000cb54    00000098                  : device.obj (.text:sl_DevSet)
                  2000cbec    00000098                  : netcfg.obj (.text:sl_NetCfgSet)
                  2000cc84    00000098                  : socket.obj (.text:sl_SetSockOpt)
                  2000cd1c    00000098                  : wlan.obj (.text:sl_WlanSet)
                  2000cdb4    00000098                  : cc_pal.obj (.text:spi_Write)
                  2000ce4c    00000096     rtsv7M4_T_le_eabi.lib : ull_div_t2.asm.obj (.text)
                  2000cee2    00000002     --HOLE-- [fill = 0]
                  2000cee4    00000094     driverlib.a : prcm.obj (.text:PRCMPeripheralClockGet)
                  2000cf78    00000090     simplelink.a : netapp.obj (.text:_sl_HandleAsync_DnsGetHostByName)
                  2000d008    00000090                  : netapp.obj (.text:_sl_HandleAsync_PingResponse)
                  2000d098    00000090                  : wlan.obj (.text:sl_WlanPolicySet)
                  2000d128    0000008c                  : cc_pal.obj (.text:SetupDMAReceive)
                  2000d1b4    0000008c                  : cc_pal.obj (.text:SetupDMASend)
                  2000d240    0000008c                  : driver.obj (.text:_SlDrvIsTimeoutExpired)
                  2000d2cc    0000008c                  : device.obj (.text:_sl_HandleAsync_InitComplete)
                  2000d358    0000008c                  : socket.obj (.text:sl_Socket)
                  2000d3e4    00000088     driverlib.a : pin.obj (.text:PinConfigSet)
                  2000d46c    00000086     rtsv7M4_T_le_eabi.lib : fd_cmp_t2.asm.obj (.text:__aeabi_cdcmple)
                  2000d4f2    00000086                           : fd_cmp_t2.asm.obj (.text:__aeabi_cdrcmple)
                  2000d578    00000084     simplelink.a : wlan.obj (.text:sl_WlanRxFilterSet)
                  2000d5fc    00000080                  : socket.obj (.text:_sl_HandleAsync_Connect)
                  2000d67c    00000080                  : cc_pal.obj (.text:spi_Read_CPU)
                  2000d6fc    00000080                  : cc_pal.obj (.text:spi_Write_CPU)
                  2000d77c    0000007a     rtsv7M4_T_le_eabi.lib : memset_t2.asm.obj (.text)
                  2000d7f6    00000002     --HOLE-- [fill = 0]
                  2000d7f8    00000078     simplelink.a : cc_pal.obj (.text:spi_Close)
                  2000d870    00000076     driverlib.a : uart.obj (.text:UARTConfigSetExpClk)
                  2000d8e6    00000002     --HOLE-- [fill = 0]
                  2000d8e8    00000074     simplelink.a : nonos.obj (.text:_SlNonOsMainLoopTask)
                  2000d95c    00000070     driverlib.a : timer.obj (.text:TimerIntRegister)
                  2000d9cc    00000070     rtsv7M4_T_le_eabi.lib : memory.c.obj (.text:split)
                  2000da3c    0000006e                           : _printfi.c.obj (.text:_mcpy)
                  2000daaa    00000002     --HOLE-- [fill = 0]
                  2000daac    0000006c     simplelink.a : driver.obj (.text:_SlDrvCmdSend)
                  2000db18    0000006c                  : netapp.obj (.text:_sl_NetAppSendTokenValue)
                  2000db84    00000068     driverlib.a : timer.obj (.text:TimerIntUnregister)
                  2000dbec    00000068     rtsv7M4_T_le_eabi.lib : copy_decompress_lzss.c.obj (.text:decompress:lzss:__TI_decompress_lzss)
                  2000dc54    00000064     simplelink.a : nonos.obj (.text:_SlNonOsSpawn)
                  2000dcb8    00000064                  : socket.obj (.text:_sl_HandleAsync_Accept)
                  2000dd1c    00000064                  : netapp.obj (.text:sl_NetAppMDNSUnRegisterService)
                  2000dd80    00000064     driverlib.a : udma.obj (.text:uDMAChannelAttributeDisable)
                  2000dde4    00000064                 : udma.obj (.text:uDMAChannelAttributeEnable)
                  2000de48    00000060     simplelink.a : socket.obj (.text:sl_Close)
                  2000dea8    00000060                  : wlan.obj (.text:sl_WlanProfileDel)
                  2000df08    00000060                  : wlan.obj (.text:sl_WlanSetMode)
                  2000df68    0000005c     rtsv7M4_T_le_eabi.lib : s_frexp.c.obj (.text:frexp)
                  2000dfc4    00000058     driverlib.a : interrupt.obj (.text:IntPendClear)
                  2000e01c    00000058                 : prcm.obj (.text:PRCMPeripheralReset)
                  2000e074    00000056     rtsv7M4_T_le_eabi.lib : _printfi.c.obj (.text:_pconv_f)
                  2000e0ca    00000002     --HOLE-- [fill = 0]
                  2000e0cc    00000054     driverlib.a : interrupt.obj (.text:IntPrioritySet)
                  2000e120    00000054     simplelink.a : driver.obj (.text:_SlDrvRxIrqHandler)
                  2000e174    00000054     rtsv7M4_T_le_eabi.lib : _ltoa.c.obj (.text:__TI_ltoa)
                  2000e1c8    00000054     simplelink.a : socket.obj (.text:_sl_HandleAsync_Select)
                  2000e21c    00000052     rtsv7M4_T_le_eabi.lib : _printfi.c.obj (.text:_ecpy)
                  2000e26e    00000002     --HOLE-- [fill = 0]
                  2000e270    00000050     simplelink.a : device.obj (.text:_sl_HandleAsync_Stop)
                  2000e2c0    0000004c     driverlib.a : spi.obj (.text:SPIIntEnable)
                  2000e30c    0000004c                 : spi.obj (.text:SPIIntNumberGet)
                  2000e358    0000004c     simplelink.a : driver.obj (.text:_SlDrvProtectAsyncRespSetting)
                  2000e3a4    0000004c                  : socket.obj (.text:_sl_BuildAddress)
                  2000e3f0    0000004c     rtsv7M4_T_le_eabi.lib : atoi.c.obj (.text:atoi)
                  2000e43c    0000004c     driverlib.a : udma.obj (.text:uDMAChannelAssign)
                  2000e488    00000048                 : spi.obj (.text:SPIIntClear)
                  2000e4d0    00000048     simplelink.a : driver.obj (.text:_SlDrvBasicCmd)
                  2000e518    00000048     rtsv7M4_T_le_eabi.lib : fd_toi_t2.asm.obj (.text)
                  2000e560    00000044     driverlib.a : spi.obj (.text:SPIDmaMaskGet)
                  2000e5a4    00000044                 : timer.obj (.text:TimerConfigure)
                  2000e5e8    00000044     simplelink.a : driver.obj (.text:_SlDrvHandleHttpServerEvents)
                  2000e62c    00000044                  : driver.obj (.text:_SlDrvSyncObjWaitTimeout)
                  2000e670    00000044     rtsv7M4_T_le_eabi.lib : autoinit.c.obj (.text:__TI_auto_init_nobinit_nopinit:__TI_auto_init_nobinit_nopinit)
                  2000e6b4    00000044     simplelink.a : cc_pal.obj (.text:cc_SetupTransfer)
                  2000e6f8    00000042                  : socket.obj (.text:sl_Htonl)
                  2000e73a    00000002     --HOLE-- [fill = 0]
                  2000e73c    00000040     driverlib.a : pin.obj (.text:PinModeSet)
                  2000e77c    00000040     simplelink.a : driver.obj (.text:_SlDrvHandleNetAppEvents)
                  2000e7bc    00000040                  : driver.obj (.text:_SlDrvHandleWlanEvents)
                  2000e7fc    00000040                  : socket.obj (.text:_sl_TruncatePayloadByProtocol)
                  2000e83c    00000040     rtsv7M4_T_le_eabi.lib : sprintf.c.obj (.text:sprintf)
                  2000e87c    00000040                           : vsnprintf.c.obj (.text:vsnprintf)
                  2000e8bc    0000003e     simplelink.a : cc_pal.obj (.text:NwpRegisterInterruptHandler)
                  2000e8fa    0000003e     rtsv7M4_T_le_eabi.lib : _printfi.c.obj (.text:_fcpy)
                  2000e938    0000003c     simplelink.a : netapp.obj (.text:CopyPingResultsToReport)
                  2000e974    0000003c     driverlib.a : prcm.obj (.text:PRCMPeripheralClkEnable)
                  2000e9b0    0000003c     simplelink.a : cc_pal.obj (.text:simplelink_timerA2_start)
                  2000e9ec    0000003c                  : socket.obj (.text:sl_Htons)
                  2000ea28    0000003c     driverlib.a : udma.obj (.text:uDMAChannelControlSet)
                  2000ea64    00000038     simplelink.a : cc_pal.obj (.text:NwpPowerOff)
                  2000ea9c    00000038                  : wlan.obj (.text:sl_WlanDisconnect)
                  2000ead4    00000034     driverlib.a : prcm.obj (.text:PRCMPeripheralStatusGet)
                  2000eb08    00000034                 : spi.obj (.text:SPIFIFOLevelSet)
                  2000eb3c    00000030                 : pin.obj (.text:PinTypeGPIO)
                  2000eb6c    00000030                 : uart.obj (.text:UARTDisable)
                  2000eb9c    00000030     rtsv7M4_T_le_eabi.lib : vsnprintf.c.obj (.text:_outs)
                  2000ebcc    0000002e                           : i_tofd_t2.asm.obj (.text)
                  2000ebfa    00000002     --HOLE-- [fill = 0]
                  2000ebfc    0000002c     simplelink.a : cc_pal.obj (.text:NwpPowerOn)
                  2000ec28    0000002c     driverlib.a : prcm.obj (.text:PRCMSysResetCauseGet)
                  2000ec54    0000002c     simplelink.a : driver.obj (.text:_SlDrvObjGlobalLockWaitForever)
                  2000ec80    0000002c                  : driver.obj (.text:_SlDrvProtectionObjLockWaitForever)
                  2000ecac    0000002a     driverlib.a : timer.obj (.text:TimerLoadSet)
                  2000ecd6    0000002a                 : timer.obj (.text:TimerPrescaleSet)
                  2000ed00    00000028                 : interrupt.obj (.text:IntPriorityGroupingSet)
                  2000ed28    00000028                 : prcm.obj (.text:PRCMPeripheralClkDisable)
                  2000ed50    00000028     simplelink.a : driver.obj (.text:_SlDrvGlobalObjUnLock)
                  2000ed78    00000028                  : driver.obj (.text:_SlDrvProtectionObjUnLock)
                  2000eda0    00000028                  : driver.obj (.text:_SlDrvSyncObjWaitForever)
                  2000edc8    00000028     rtsv7M4_T_le_eabi.lib : memory.c.obj (.text:free_list_insert)
                  2000edf0    00000028                           : memmov.c.obj (.text:memmove)
                  2000ee18    00000026     simplelink.a : driver.obj (.text:_SlDrvObjLockWaitForever)
                  2000ee3e    00000026     network_common.obj (.text)
                  2000ee64    00000024     simplelink.a : cc_pal.obj (.text:DmaSpiSwIntHandler)
                  2000ee88    00000024     driverlib.a : interrupt.obj (.text:IntUnregister)
                  2000eeac    00000024                 : uart.obj (.text:UARTEnable)
                  2000eed0    00000024     rtsv7M4_T_le_eabi.lib : boot_cortex_m.c.obj (.text:_c_int00_noargs:_c_int00_noargs)
                  2000eef4    00000022     driverlib.a : spi.obj (.text:SPIReset)
                  2000ef16    00000022                 : spi.obj (.text:SPIWordCountSet)
                  2000ef38    00000020                 : interrupt.obj (.text:IntRegister)
                  2000ef58    00000020     simplelink.a : cc_pal.obj (.text:NwpPrePowerOffTimout0)
                  2000ef78    00000020     driverlib.a : spi.obj (.text:SPIDataGet)
                  2000ef98    00000020     simplelink.a : cc_pal.obj (.text:TimerGetCurrentTimestamp)
                  2000efb8    00000020                  : driver.obj (.text:_SlDrvObjUnLock)
                  2000efd8    00000020                  : driver.obj (.text:_SlDrvSyncObjSignal)
                  2000eff8    0000001e     driverlib.a : spi.obj (.text:SPIDataPut)
                  2000f016    0000001e                 : timer.obj (.text:TimerDisable)
                  2000f034    0000001e                 : timer.obj (.text:TimerEnable)
                  2000f052    0000001e                 : timer.obj (.text:TimerIntStatus)
                  2000f070    0000001e                 : uart.obj (.text:UARTCharPut)
                  2000f08e    0000001e     simplelink.a : cc_pal.obj (.text:cc_UDMAChannelSelect)
                  2000f0ac    0000001e     rtsv7M4_T_le_eabi.lib : strcat.c.obj (.text:strcat)
                  2000f0ca    0000001c     driverlib.a : timer.obj (.text:TimerValueGet)
                  2000f0e6    0000001c                 : uart.obj (.text:UARTCharGetNonBlocking)
                  2000f102    0000001c     simplelink.a : driver.obj (.text:_SlDrvStartMeasureTimeout)
                  2000f11e    00000002     --HOLE-- [fill = 0]
                  2000f120    0000001c     rtsv7M4_T_le_eabi.lib : memory.c.obj (.text:free_list_remove)
                  2000f13c    0000001c                           : memccpy.c.obj (.text:memccpy)
                  2000f158    0000001c     driverlib.a : udma.obj (.text:uDMAChannelEnable)
                  2000f174    0000001a                 : pin.obj (.text:PinTypeSPI)
                  2000f18e    0000001a                 : pin.obj (.text:PinTypeUART)
                  2000f1a8    0000001a                 : spi.obj (.text:SPIDmaDisable)
                  2000f1c2    0000001a                 : spi.obj (.text:SPIDmaEnable)
                  2000f1dc    0000001a                 : spi.obj (.text:SPIFIFODisable)
                  2000f1f6    0000001a                 : spi.obj (.text:SPIFIFOEnable)
                  2000f210    0000001a                 : spi.obj (.text:SPIIntUnregister)
                  2000f22a    00000018                 : spi.obj (.text:SPICSDisable)
                  2000f242    00000018                 : spi.obj (.text:SPICSEnable)
                  2000f25a    00000018                 : spi.obj (.text:SPIDisable)
                  2000f272    00000018                 : spi.obj (.text:SPIEnable)
                  2000f28a    00000002     --HOLE-- [fill = 0]
                  2000f28c    00000018                 : systick.obj (.text:SysTickPeriodSet)
                  2000f2a4    00000018                 : timer.obj (.text:TimerIntDisable)
                  2000f2bc    00000018                 : timer.obj (.text:TimerIntEnable)
                  2000f2d4    00000018                 : uart.obj (.text:UARTCharsAvail)
                  2000f2ec    00000018                 : uart.obj (.text:UARTSpaceAvail)
                  2000f304    00000018     simplelink.a : nonos.obj (.text:_SlNonOsSemSet)
                  2000f31c    00000018     rtsv7M4_T_le_eabi.lib : vsnprintf.c.obj (.text:_outc)
                  2000f334    00000018                           : sprintf.c.obj (.text:_outs)
                  2000f34c    00000018     simplelink.a : device.obj (.text:_sl_GetStartResponseConvert)
                  2000f364    00000016     driverlib.a : prcm.obj (.text:PRCMHIBRegRead)
                  2000f37a    00000016                 : prcm.obj (.text:PRCMHIBRegWrite)
                  2000f390    00000016                 : uart.obj (.text:UARTCharGet)
                  2000f3a6    00000016     simplelink.a : driver.obj (.text:_SlDrvMemZero)
                  2000f3bc    00000016     rtsv7M4_T_le_eabi.lib : strchr.c.obj (.text:strchr)
                  2000f3d2    00000014     driverlib.a : cpu.obj (.text:CPUcpsid)
                  2000f3e6    00000014                 : cpu.obj (.text:CPUcpsie)
                  2000f3fa    00000002     --HOLE-- [fill = 0]
                  2000f3fc    00000014                 : interrupt.obj (.text:IntVTableBaseSet)
                  2000f410    00000014     rtsv7M4_T_le_eabi.lib : strcpy.c.obj (.text:strcpy)
                  2000f424    00000014                           : strlen.c.obj (.text:strlen)
                  2000f438    00000012     driverlib.a : timer.obj (.text:TimerIntClear)
                  2000f44a    00000012     rtsv7M4_T_le_eabi.lib : wcslen.c.obj (.text:wcslen)
                  2000f45c    00000010     driverlib.a : systick.obj (.text:SysTickEnable)
                  2000f46c    00000010                 : systick.obj (.text:SysTickIntEnable)
                  2000f47c    00000010     simplelink.a : driver.obj (.text:_SlDrvDispatchHttpServerEvents)
                  2000f48c    0000000e                  : driver.obj (.text:_SlDrvResetCmdExt)
                  2000f49a    0000000e     rtsv7M4_T_le_eabi.lib : copy_decompress_none.c.obj (.text:decompress:none:__TI_decompress_none)
                  2000f4a8    0000000e     startup_ccs.obj (.text)
                  2000f4b6    00000002     --HOLE-- [fill = 0]
                  2000f4b8    0000000c     simplelink.a : cc_pal.obj (.text:NwpMaskInterrupt)
                  2000f4c4    0000000c                  : cc_pal.obj (.text:NwpUnMaskInterrupt)
                  2000f4d0    0000000c     driverlib.a : systick.obj (.text:SysTickValueGet)
                  2000f4dc    0000000c     rtsv7M4_T_le_eabi.lib : s_copysign.c.obj (.text:copysign)
                  2000f4e8    0000000c                           : copy_zero_init.c.obj (.text:decompress:ZI:__TI_zero_init)
                  2000f4f4    0000000a     driverlib.a : interrupt.obj (.text:IntMasterDisable)
                  2000f4fe    0000000a                 : interrupt.obj (.text:IntMasterEnable)
                  2000f508    0000000a     rtsv7M4_T_le_eabi.lib : sprintf.c.obj (.text:_outc)
                  2000f512    00000002     --HOLE-- [fill = 0]
                  2000f514    00000008                           : errno.c.obj (.text:__aeabi_errno_addr)
                  2000f51c    00000008                           : memory.c.obj (.text:malloc)
                  2000f524    00000006     systick_if.obj (.text:SysCtlDelay)
                  2000f52a    00000006     driverlib.a : utils.obj (.text:UtilsDelay)
                  2000f530    00000004     rtsv7M4_T_le_eabi.lib : pre_init.c.obj (.text:_system_pre_init)
                  2000f534    00000004                           : exit.c.obj (.text:abort:abort)

.const     0    2000f538    00000ae4     
                  2000f538    000004fb     Adafruit_GFX.obj (.const:.string:font)
                  2000fa33    00000101     rtsv7M4_T_le_eabi.lib : ctype.c.obj (.const:.string:_ctypes_)
                  2000fb34    00000100     driverlib.a : pin.obj (.const:g_ulPinToPadMap)
                  2000fc34    000000d4                 : interrupt.obj (.const:g_pulRegs)
                  2000fd08    000000a8                 : prcm.obj (.const:PRCM_PeriphRegsList)
                  2000fdb0    0000003c     simplelink.a : driver.obj (.const:OpcodeTranslateTable)
                  2000fdec    00000038                  : driver.obj (.const:_SlActionLookupTable)
                  2000fe24    0000002c     network_utils.obj (.const:$P$T1$2)
                  2000fe50    00000024     driverlib.a : spi.obj (.const:g_ppulSPIIntMap)
                  2000fe74    00000022     network_utils.obj (.const:.string:$P$T0$1)
                  2000fe96    00000002     --HOLE-- [fill = 0]
                  2000fe98    00000020     simplelink.a : driver.obj (.const:RxMsgClassLUT)
                  2000feb8    00000020     driverlib.a : interrupt.obj (.const:g_pulPriority)
                  2000fed8    00000018                 : interrupt.obj (.const:g_pulDisRegs)
                  2000fef0    00000018                 : interrupt.obj (.const:g_pulEnRegs)
                  2000ff08    00000018                 : interrupt.obj (.const:g_pulUnpendRegs)
                  2000ff20    00000018                 : spi.obj (.const:g_ulSPIDmaMaskMap)
                  2000ff38    00000014     simplelink.a : driver.obj (.const:$P$T0$1)
                  2000ff4c    00000014                  : nonos.obj (.const:$P$T0$1)
                  2000ff60    00000014     network_utils.obj (.const:$P$T2$3)
                  2000ff74    00000010     simplelink.a : socket.obj (.const:.string:_SlPayloadByProtocolLUT)
                  2000ff84    0000000c     network_utils.obj (.const:$P$T4$5)
                  2000ff90    0000000c     network_utils.obj (.const:.string:$P$T3$4)
                  2000ff9c    00000009     main.obj (.const:.string:$P$T0$1)
                  2000ffa5    00000008     simplelink.a : device.obj (.const:StartResponseLUT)
                  2000ffad    00000003     --HOLE-- [fill = 0]
                  2000ffb0    00000008                  : driver.obj (.const:g_H2NCnysPattern)
                  2000ffb8    00000008                  : driver.obj (.const:g_H2NSyncPattern)
                  2000ffc0    00000005     main.obj (.const:.string:$P$T1$2)
                  2000ffc5    00000001     --HOLE-- [fill = 0]
                  2000ffc6    00000004     simplelink.a : wlan.obj (.const:$P$T0$1)
                  2000ffca    00000004                  : socket.obj (.const:$P$T2$3)
                  2000ffce    00000004                  : device.obj (.const:_SlDeviceGetCmdCtrl)
                  2000ffd2    00000004                  : device.obj (.const:_SlDeviceSetCmdCtrl)
                  2000ffd6    00000004                  : netapp.obj (.const:_SlGetHostByNameCtrl)
                  2000ffda    00000004                  : netapp.obj (.const:_SlNetAppSendTokenValueCmdCtrl)
                  2000ffde    00000004                  : netcfg.obj (.const:_SlNetCfgSetCmdCtrl)
                  2000ffe2    00000004                  : wlan.obj (.const:_SlPolicySetCmdCtrl)
                  2000ffe6    00000004                  : wlan.obj (.const:_SlProfileDelCmdCtrl)
                  2000ffea    00000004                  : socket.obj (.const:_SlRecvCmdCtrl)
                  2000ffee    00000004                  : netapp.obj (.const:_SlRegisterServiceCtrl)
                  2000fff2    00000004                  : wlan.obj (.const:_SlRxFilterSetCmdCtrl)
                  2000fff6    00000004                  : socket.obj (.const:_SlSendCmdCtrl)
                  2000fffa    00000004                  : socket.obj (.const:_SlSetSockOptCmdCtrl)
                  2000fffe    00000004                  : socket.obj (.const:_SlSockCloseCmdCtrl)
                  20010002    00000004                  : socket.obj (.const:_SlSockSocketCmdCtrl)
                  20010006    00000004                  : device.obj (.const:_SlStopCmdCtrl)
                  2001000a    00000004                  : wlan.obj (.const:_SlWlanCfgSetCmdCtrl)
                  2001000e    00000004                  : wlan.obj (.const:_SlWlanSetModeCmdCtrl)
                  20010012    00000002     --HOLE-- [fill = 0]
                  20010014    00000004                  : driver.obj (.const:httpServer_callbacks)
                  20010018    00000004                  : driver.obj (.const:netApp_callbacks)

.cinit     0    20010020    00000068     
                  20010020    00000042     (.cinit..data.load) [load image, compression = lzss]
                  20010062    00000002     --HOLE-- [fill = 0]
                  20010064    0000000c     (__TI_handler_table)
                  20010070    00000008     (.cinit..bss.load) [load image, compression = zero_init]
                  20010078    00000010     (__TI_cinit_table)

.sysmem    0    20017000    00008000     UNINITIALIZED
                  20017000    00000010     rtsv7M4_T_le_eabi.lib : memory.c.obj (.sysmem)
                  20017010    00007ff0     --HOLE--

.bss       0    2001f000    00000e3a     UNINITIALIZED
                  2001f000    000004fc     main.obj (.bss:remoteCodes)
                  2001f4fc    00000200     (.common:DATA1)
                  2001f6fc    00000168     simplelink.a : driver.obj (.bss:g_StatMem)
                  2001f864    00000118     main.obj (.bss:letterArray1)
                  2001f97c    00000118     main.obj (.bss:letterArray2)
                  2001fa94    00000118     main.obj (.bss:letterArray3)
                  2001fbac    00000118     main.obj (.bss:letterArray4)
                  2001fcc4    00000080     main.obj (.bss:UserMessage)
                  2001fd44    00000050     (.common:g_ucDinDout)
                  2001fd94    0000002c     (.common:g_time)
                  2001fdc0    00000024     (.common:g_ucConnectionSSID)
                  2001fde4    0000001c     main.obj (.bss)
                  2001fe00    00000010     systick_if.obj (.bss)
                  2001fe10    00000008     (.common:g_app_config)
                  2001fe18    00000008     (.common:g_ucConnectionBSSID)
                  2001fe20    00000004     uart_if.obj (.bss)
                  2001fe24    00000004     (.common:g_Host)
                  2001fe28    00000004     (.common:g_port)
                  2001fe2c    00000004     (.common:g_ulClockRate)
                  2001fe30    00000004     (.common:previousintValue)
                  2001fe34    00000001     (.common:RxIrqCnt)
                  2001fe35    00000001     (.common:g_bDeviceRestartIsRequired)
                  2001fe36    00000001     (.common:g_cDummy)
                  2001fe37    00000001     (.common:g_ucLED1Pin)
                  2001fe38    00000001     (.common:g_ucLED2Pin)
                  2001fe39    00000001     (.common:g_ucLED3Pin)

.data      0    2001fe3c    000000e4     UNINITIALIZED
                  2001fe3c    0000003c     simplelink.a : nonos.obj (.data:g__SlNonOsCB)
                  2001fe78    00000024     main.obj (.data)
                  2001fe9c    00000015     Adafruit_GFX.obj (.data)
                  2001feb1    00000003     --HOLE--
                  2001feb4    00000014     gpio_if.obj (.data:ulReg)
                  2001fec8    0000000d     simplelink.a : driver.obj (.data)
                  2001fed5    00000003     --HOLE--
                  2001fed8    0000000c     gpio_if.obj (.data)
                  2001fee4    0000000c     network_utils.obj (.data)
                  2001fef0    0000000c     systick_if.obj (.data)
                  2001fefc    00000009     simplelink.a : cc_pal.obj (.data)
                  2001ff05    00000003     --HOLE--
                  2001ff08    00000008     rtsv7M4_T_le_eabi.lib : _lock.c.obj (.data:$O1$$)
                  2001ff10    00000008                           : memory.c.obj (.data:$O1$$)
                  2001ff18    00000004                           : errno.c.obj (.data)
                  2001ff1c    00000004     simplelink.a : driver.obj (.data:wlan_callbacks)

.stack     0    2002f000    00001000     UNINITIALIZED
                  2002f000    00000004     rtsv7M4_T_le_eabi.lib : boot_cortex_m.c.obj (.stack)
                  2002f004    00000ffc     --HOLE--

__llvm_prf_cnts 
*          0    20017000    00000000     UNINITIALIZED

MODULE SUMMARY

       Module                       code    ro data   rw data
       ------                       ----    -------   -------
    .\
       main.obj                     4460    14        3104   
       Adafruit_GFX.obj             2688    1275      21     
       Adafruit_OLED.obj            1182    0         0      
       startup_ccs.obj              14      1024      0      
       gpio_if.obj                  920     0         35     
       gpio.obj                     820     0         0      
       systick_if.obj               630     0         32     
       uart_if.obj                  636     0         4      
       timer_if.obj                 408     0         0      
       pinmux.obj                   248     0         0      
       network_common.obj           38      0         0      
    +--+----------------------------+-------+---------+---------+
       Total:                       12044   2313      3196   
                                                             
    .\utils\
       network_utils.obj            3788    122       116    
    +--+----------------------------+-------+---------+---------+
       Total:                       3788    122       116    
                                                             
    C:/Users/standard/ti/ccs1250/cc3200-sdk/driverlib/ccs/Release/driverlib.a
       prcm.obj                     852     168       0      
       interrupt.obj                658     316       0      
       spi.obj                      860     60        0      
       udma.obj                     604     0         0      
       pin.obj                      300     256       0      
       timer.obj                    552     0         0      
       uart.obj                     330     0         0      
       systick.obj                  68      0         0      
       cpu.obj                      40      0         0      
       utils.obj                    6       0         0      
    +--+----------------------------+-------+---------+---------+
       Total:                       4270    800       0      
                                                             
    C:/Users/standard/ti/ccs1250/cc3200-sdk/simplelink/ccs/NON_OS/simplelink.a
       driver.obj                   7906    192       379    
       cc_pal.obj                   1820    0         90     
       socket.obj                   1830    40        0      
       netapp.obj                   1572    12        0      
       wlan.obj                     1316    24        0      
       device.obj                   1230    20        0      
       nonos.obj                    416     20        60     
       netcfg.obj                   152     4         0      
    +--+----------------------------+-------+---------+---------+
       Total:                       16242   312       529    
                                                             
    C:\Users\standard\ti\ccs1250\ccs\tools\compiler\ti-cgt-arm_20.2.7.LTS\lib\rtsv7M4_T_le_eabi.lib
       _printfi.c.obj               4835    0         0      
       memory.c.obj                 900     0         8      
       fd_add_t2.asm.obj            438     0         0      
       fd_div_t2.asm.obj            310     0         0      
       strtol.c.obj                 304     0         0      
       fd_cmp_t2.asm.obj            268     0         0      
       ctype.c.obj                  0       257       0      
       fd_mul_t2.asm.obj            252     0         0      
       s_scalbn.c.obj               208     0         0      
       memcpy_t2.asm.obj            156     0         0      
       ull_div_t2.asm.obj           150     0         0      
       vsnprintf.c.obj              136     0         0      
       memset_t2.asm.obj            122     0         0      
       copy_decompress_lzss.c.obj   104     0         0      
       sprintf.c.obj                98      0         0      
       s_frexp.c.obj                92      0         0      
       _ltoa.c.obj                  84      0         0      
       atoi.c.obj                   76      0         0      
       fd_toi_t2.asm.obj            72      0         0      
       autoinit.c.obj               68      0         0      
       i_tofd_t2.asm.obj            46      0         0      
       memmov.c.obj                 40      0         0      
       boot_cortex_m.c.obj          36      0         0      
       strcat.c.obj                 30      0         0      
       memccpy.c.obj                28      0         0      
       strchr.c.obj                 22      0         0      
       strcpy.c.obj                 20      0         0      
       strlen.c.obj                 20      0         0      
       wcslen.c.obj                 18      0         0      
       copy_decompress_none.c.obj   14      0         0      
       copy_zero_init.c.obj         12      0         0      
       errno.c.obj                  8       0         4      
       s_copysign.c.obj             12      0         0      
       _lock.c.obj                  2       0         8      
       exit.c.obj                   4       0         0      
       pre_init.c.obj               4       0         0      
       div0.asm.obj                 2       0         0      
    +--+----------------------------+-------+---------+---------+
       Total:                       8991    257       20     
                                                             
       Heap:                        0       0         32768  
       Stack:                       0       0         4096   
       Linker Generated:            0       102       0      
    +--+----------------------------+-------+---------+---------+
       Grand Total:                 45335   3906      40725  


LINKER GENERATED COPY TABLES

__TI_cinit_table @ 20010078 records: 2, size/record: 8, table size: 16
	.data: load addr=20010020, load size=00000042 bytes, run addr=2001fe3c, run size=000000e4 bytes, compression=lzss
	.bss: load addr=20010070, load size=00000008 bytes, run addr=2001f000, run size=00000e3a bytes, compression=zero_init


LINKER GENERATED HANDLER TABLE

__TI_handler_table @ 20010064 records: 3, size/record: 4, table size: 12
	index: 0, handler: __TI_decompress_lzss
	index: 1, handler: __TI_decompress_none
	index: 2, handler: __TI_zero_init


GLOBAL SYMBOLS: SORTED ALPHABETICALLY BY Name 

address   name                                  
-------   ----                                  
20007f21  Adafruit_Init                         
20004627  BinaryToInt                           
2000f535  C$$EXIT                               
2000f3d3  CPUcpsid                              
2000f3e7  CPUcpsie                              
20008cc5  ClearTerm                             
200044ff  ClockHandler                          
2000458f  ClockInit                             
20008097  Color565                              
2001f4fc  DATA1                                 
2000ee65  DmaSpiSwIntHandler                    
20008ccf  Error                                 
2000899b  GPIODMATriggerDisable                 
20008943  GPIODMATriggerEnable                  
2000874f  GPIODirModeGet                        
20008719  GPIODirModeSet                        
20004513  GPIOHandler                           
200088bf  GPIOIntClear                          
20008883  GPIOIntDisable                        
20008869  GPIOIntEnable                         
200088d3  GPIOIntRegister                       
2000889d  GPIOIntStatus                         
20008803  GPIOIntTypeGet                        
20008781  GPIOIntTypeSet                        
200088f1  GPIOIntUnregister                     
2000890b  GPIOPinRead                           
20008923  GPIOPinWrite                          
200085f9  GPIO_IF_ConfigureNIntEnable           
20008685  GPIO_IF_Get                           
200085b3  GPIO_IF_GetPortNPin                   
20008375  GPIO_IF_LedConfigure                  
20008467  GPIO_IF_LedOff                        
200083b3  GPIO_IF_LedOn                         
2000851b  GPIO_IF_LedStatus                     
20008585  GPIO_IF_LedToggle                     
20008641  GPIO_IF_Set                           
20008d07  GetCmd                                
20008c85  InitTerm                              
20004bd5  InitUART1                             
2000c6e9  IntDisable                            
2000c791  IntEnable                             
2000f4f5  IntMasterDisable                      
2000f4ff  IntMasterEnable                       
2000dfc5  IntPendClear                          
2000ed01  IntPriorityGroupingSet                
2000e0cd  IntPrioritySet                        
2000ef39  IntRegister                           
2000ee89  IntUnregister                         
2000f3fd  IntVTableBaseSet                      
20008ca3  Message                               
2000f4b9  NwpMaskInterrupt                      
2000ea65  NwpPowerOff                           
2000ebfd  NwpPowerOn                            
2000ef59  NwpPrePowerOffTimout0                 
2000e8bd  NwpRegisterInterruptHandler           
2000f4c5  NwpUnMaskInterrupt                    
2000fdb0  OpcodeTranslateTable                  
20006de3  Outstr                                
2000a55d  PRCMCC3200MCUInit                     
2000f365  PRCMHIBRegRead                        
2000f37b  PRCMHIBRegWrite                       
2000ed29  PRCMPeripheralClkDisable              
2000e975  PRCMPeripheralClkEnable               
2000cee5  PRCMPeripheralClockGet                
2000e01d  PRCMPeripheralReset                   
2000ead5  PRCMPeripheralStatusGet               
2000ec29  PRCMSysResetCauseGet                  
20004401  PerformIntTest                        
2000d3e5  PinConfigSet                          
200045bd  PinInit                               
2000e73d  PinModeSet                            
2000b78d  PinMuxConfig                          
2000eb3d  PinTypeGPIO                           
2000f175  PinTypeSPI                            
2000f18f  PinTypeUART                           
200046d7  PrintBinaryToUART                     
20008e45  Report                                
2000f4a9  ResetISR                              
2001fe34  RxIrqCnt                              
2000f22b  SPICSDisable                          
2000f243  SPICSEnable                           
2000c8dd  SPIConfigSetExpClk                    
2000ef79  SPIDataGet                            
2000eff9  SPIDataPut                            
2000f25b  SPIDisable                            
2000f1a9  SPIDmaDisable                         
2000f1c3  SPIDmaEnable                          
2000f273  SPIEnable                             
2000f1dd  SPIFIFODisable                        
2000f1f7  SPIFIFOEnable                         
2000eb09  SPIFIFOLevelSet                       
2000e489  SPIIntClear                           
2000e2c1  SPIIntEnable                          
2000f211  SPIIntUnregister                      
2000eef5  SPIReset                              
2000ef17  SPIWordCountSet                       
20005741  SimpleLinkGeneralEventHandler         
2000571d  SimpleLinkHttpServerCallback          
2000567b  SimpleLinkNetAppEventHandler          
20005761  SimpleLinkSockEventHandler            
2000556d  SimpleLinkWlanEventHandler            
2000f525  SysCtlDelay                           
2000f45d  SysTickEnable                         
20008f01  SysTickHandler                        
20008f8b  SysTickInit                           
2000f46d  SysTickIntEnable                      
2000f28d  SysTickPeriodSet                      
2000f4d1  SysTickValueGet                       
2000e5a5  TimerConfigure                        
2000f017  TimerDisable                          
2000f035  TimerEnable                           
2000ef99  TimerGetCurrentTimestamp              
2000f439  TimerIntClear                         
2000f2a5  TimerIntDisable                       
2000f2bd  TimerIntEnable                        
2000d95d  TimerIntRegister                      
2000f053  TimerIntStatus                        
2000db85  TimerIntUnregister                    
2000ecad  TimerLoadSet                          
2000ecd7  TimerPrescaleSet                      
2000f0cb  TimerValueGet                         
2000a1f1  Timer_IF_DeInit                       
2000a225  Timer_IF_GetCount                     
2000a129  Timer_IF_Init                         
2000a15b  Timer_IF_IntSetup                     
2000a1a7  Timer_IF_InterruptClear               
2000a20b  Timer_IF_ReLoad                       
2000a1bf  Timer_IF_Start                        
2000a1e1  Timer_IF_Stop                         
20008dad  TrimSpace                             
2000f391  UARTCharGet                           
2000f0e7  UARTCharGetNonBlocking                
2000f071  UARTCharPut                           
2000f2d5  UARTCharsAvail                        
2000d871  UARTConfigSetExpClk                   
2000eb6d  UARTDisable                           
2000eead  UARTEnable                            
20004c79  UARTReceiveString                     
20004c1d  UARTSendString                        
2000f2ed  UARTSpaceAvail                        
20009123  UTUtilsDelay                          
20009111  UTUtilsDelayCycles                    
20009023  UTUtilsGetSysTime                     
200090cb  UTUtilsWaitForCount                   
2000f52b  UtilsDelay                            
2000fdec  _SlActionLookupTable                  
2000c839  _SlDriverHandleError                  
2000e4d1  _SlDrvBasicCmd                        
2000c4c5  _SlDrvCmdOp                           
2000daad  _SlDrvCmdSend                         
20009621  _SlDrvDataReadOp                      
2000a845  _SlDrvDataWriteOp                     
2000cab9  _SlDrvDeviceEventHandler              
2000f47d  _SlDrvDispatchHttpServerEvents        
2000b10d  _SlDrvDriverCBDeinit                  
20009d59  _SlDrvDriverCBInit                    
2000ed51  _SlDrvGlobalObjUnLock                 
2000e5e9  _SlDrvHandleHttpServerEvents          
2000e77d  _SlDrvHandleNetAppEvents              
2000e7bd  _SlDrvHandleWlanEvents                
2000d241  _SlDrvIsTimeoutExpired                
2000f3a7  _SlDrvMemZero                         
2000bd29  _SlDrvMsgReadSpawnCtx                 
2000b48d  _SlDrvNetAppEventHandler              
2000ee19  _SlDrvObjLockWaitForever              
2000efb9  _SlDrvObjUnLock                       
2000e359  _SlDrvProtectAsyncRespSetting         
2000ec81  _SlDrvProtectionObjLockWaitForever    
2000ed79  _SlDrvProtectionObjUnLock             
20009805  _SlDrvReleasePoolObj                  
2000f48d  _SlDrvResetCmdExt                     
2000e121  _SlDrvRxIrqHandler                    
2000f103  _SlDrvStartMeasureTimeout             
2000efd9  _SlDrvSyncObjSignal                   
2000eda1  _SlDrvSyncObjWaitForever              
2000e62d  _SlDrvSyncObjWaitTimeout              
2000a241  _SlDrvWaitForPoolObj                  
2000ffda  _SlNetAppSendTokenValueCmdCtrl        
2000d8e9  _SlNonOsMainLoopTask                  
2000c639  _SlNonOsSemGet                        
2000f305  _SlNonOsSemSet                        
2000dc55  _SlNonOsSpawn                         
20030000  __STACK_END                           
00001000  __STACK_SIZE                          
00008000  __SYSMEM_SIZE                         
20010078  __TI_CINIT_Base                       
20010088  __TI_CINIT_Limit                      
20010064  __TI_Handler_Table_Base               
20010070  __TI_Handler_Table_Limit              
2000e671  __TI_auto_init_nobinit_nopinit        
2000dbed  __TI_decompress_lzss                  
2000f49b  __TI_decompress_none                  
2000e175  __TI_ltoa                             
ffffffff  __TI_pprof_out_hndl                   
20006eb9  __TI_printfi                          
ffffffff  __TI_prof_data_size                   
ffffffff  __TI_prof_data_start                  
20010020  __TI_static_base__                    
2000f4e9  __TI_zero_init                        
2000d46d  __aeabi_cdcmpeq                       
2000d46d  __aeabi_cdcmple                       
2000d4f3  __aeabi_cdrcmple                      
2000e519  __aeabi_d2iz                          
20009bab  __aeabi_dadd                          
2000aea1  __aeabi_ddiv                          
2000b691  __aeabi_dmul                          
20009ba1  __aeabi_dsub                          
2000f515  __aeabi_errno_addr                    
2000ebcd  __aeabi_i2d                           
20009d57  __aeabi_idiv0                         
20009d57  __aeabi_ldiv0                         
2000d77d  __aeabi_memclr                        
2000d77d  __aeabi_memclr4                       
2000d77d  __aeabi_memclr8                       
2000ca1d  __aeabi_memcpy                        
2000ca1d  __aeabi_memcpy4                       
2000ca1d  __aeabi_memcpy8                       
2000d77f  __aeabi_memset                        
2000d77f  __aeabi_memset4                       
2000d77f  __aeabi_memset8                       
2000ce4d  __aeabi_uldivmod                      
ffffffff  __binit__                             
ffffffff  __c_args__                            
UNDEFED   __mpu_init                            
2002f000  __stack                               
20017000  __start___llvm_prf_cnts               
20017000  __stop___llvm_prf_cnts                
2000eed1  _c_int00_noargs                       
2000fa33  _ctypes_                              
2001ff08  _lock                                 
20008337  _nop                                  
2000dcb9  _sl_HandleAsync_Accept                
2000d5fd  _sl_HandleAsync_Connect               
2000cf79  _sl_HandleAsync_DnsGetHostByName      
2000c269  _sl_HandleAsync_DnsGetHostByService   
2000d2cd  _sl_HandleAsync_InitComplete          
2000d009  _sl_HandleAsync_PingResponse          
2000e1c9  _sl_HandleAsync_Select                
2000e271  _sl_HandleAsync_Stop                  
2000db19  _sl_NetAppSendTokenValue              
20017000  _sys_memory                           
UNDEFED   _system_post_cinit                    
2000f531  _system_pre_init                      
2001ff0c  _unlock                               
2000f535  abort                                 
2000b591  aligned_alloc                         
2000e3f1  atoi                                  
ffffffff  binit                                 
20006111  connectToAccessPoint                  
20004679  convertToInt                          
200046e9  convertToString                       
2000f4dd  copysign                              
2000f4dd  copysignl                             
2001fe9c  cursor_x                              
2001fea0  cursor_y                              
20004aed  drawBitmap1                           
20006c97  drawChar                              
20006439  drawCircle                            
2000656d  drawCircleHelper                      
20008241  drawFastHLine                         
200081a5  drawFastVLine                         
200067b3  drawLine                              
200082dd  drawPixel                             
2000689f  drawRect                              
200068ed  drawRoundRect                         
20006a55  drawTriangle                          
2001ff18  errno                                 
2000668b  fillCircle                            
200066c5  fillCircleHelper                      
200080ef  fillRect                              
200069db  fillRoundRect                         
200080d9  fillScreen                            
20006a97  fillTriangle                          
2000be11  free                                  
2000df69  frexp                                 
2000df69  frexpl                                
2001fe24  g_Host                                
2001fec8  g_SlDeviceStatus                      
2001fefc  g_SpiFd                               
2001fe3c  g__SlNonOsCB                          
2001fe10  g_app_config                          
2001fe35  g_bDeviceRestartIsRequired            
2001fe36  g_cDummy                              
2001fecc  g_pCB                                 
2001ff00  g_pHostIntHdl                         
20004000  g_pfnVectors                          
2001fe28  g_port                                
2001fd94  g_time                                
2001fe18  g_ucConnectionBSSID                   
2001fdc0  g_ucConnectionSSID                    
2001ff04  g_ucDMAEnabled                        
2001fd44  g_ucDinDout                           
2001fe37  g_ucLED1Pin                           
2001fe38  g_ucLED2Pin                           
2001fe39  g_ucLED3Pin                           
2001fed8  g_uiLED1Port                          
2001fedc  g_uiLED2Port                          
2001fee0  g_uiLED3Port                          
2001fe2c  g_ulClockRate                         
2001feec  g_ulGatewayIP                         
2001fee8  g_ulPingPacketsRecv                   
2001fee4  g_ulStatus                            
20008053  goTo                                  
20006e97  height                                
2000831b  invert                                
2000c199  ldexp                                 
2000c199  ldexpl                                
200048f1  letterConversion                      
20004d7d  main                                  
2000f51d  malloc                                
2000b591  memalign                              
2000f13d  memccpy                               
2000ca1d  memcpy                                
2000edf1  memmove                               
2000d785  memset                                
2001fed0  pPingCallBackFunc                     
200045db  prepareArray                          
2001fe30  previousintValue                      
2000bef5  realloc                               
2000c199  scalbn                                
2000c199  scalbnl                               
20004721  setArray                              
200047a1  setArray1                             
200047f5  setArray2                             
2000483d  setArray3                             
20004881  setArray4                             
20006e2f  setCursor                             
20006e67  setTextColor                          
20006e47  setTextSize                           
20006e7f  setTextWrap                           
2000e9b1  simplelink_timerA2_start              
2000de49  sl_Close                              
2000a3d1  sl_Connect                            
2000c335  sl_DevGet                             
2000cb55  sl_DevSet                             
2000e6f9  sl_Htonl                              
2000e9ed  sl_Htons                              
2000ac21  sl_NetAppDnsGetHostByName             
2000bfd9  sl_NetAppMDNSRegisterUnregisterService
2000dd1d  sl_NetAppMDNSUnRegisterService        
2000cbed  sl_NetCfgSet                          
2000ee3f  sl_Provisioning_HttpServerEventHdl    
2000ee4d  sl_Provisioning_NetAppEventHdl        
2000ee59  sl_Provisioning_WlanEventHdl          
2000c97d  sl_Recv                               
2000afd9  sl_Send                               
2000cc85  sl_SetSockOpt                         
2000d359  sl_Socket                             
2000bb55  sl_Start                              
2000b885  sl_Stop                               
20008a05  sl_WlanConnect                        
2000ea9d  sl_WlanDisconnect                     
2000d099  sl_WlanPolicySet                      
2000dea9  sl_WlanProfileDel                     
2000d579  sl_WlanRxFilterSet                    
2000cd1d  sl_WlanSet                            
2000df09  sl_WlanSetMode                        
2000d7f9  spi_Close                             
2000a995  spi_Open                              
2000b975  spi_Read                              
2000cdb5  spi_Write                             
2000e83d  sprintf                               
2000f0ad  strcat                                
2000f3bd  strchr                                
2000f411  strcpy                                
2000f425  strlen                                
2000b23d  strtol                                
2001feac  textbgcolor                           
2001fea8  textcolor                             
2001fea4  textsize                              
20005f31  tls_connect                           
2000e43d  uDMAChannelAssign                     
2000dd81  uDMAChannelAttributeDisable           
2000dde5  uDMAChannelAttributeEnable            
2000ea29  uDMAChannelControlSet                 
2000f159  uDMAChannelEnable                     
2000ba65  uDMAChannelTransferSet                
2000e87d  vsnprintf                             
2000f44b  wcslen                                
20006e93  width                                 
2001feb0  wrap                                  
20007e99  writeCommand                          
20007edd  writeData                             


GLOBAL SYMBOLS: SORTED BY Symbol Address 

address   name                                  
-------   ----                                  
00001000  __STACK_SIZE                          
00008000  __SYSMEM_SIZE                         
20004000  g_pfnVectors                          
20004401  PerformIntTest                        
200044ff  ClockHandler                          
20004513  GPIOHandler                           
2000458f  ClockInit                             
200045bd  PinInit                               
200045db  prepareArray                          
20004627  BinaryToInt                           
20004679  convertToInt                          
200046d7  PrintBinaryToUART                     
200046e9  convertToString                       
20004721  setArray                              
200047a1  setArray1                             
200047f5  setArray2                             
2000483d  setArray3                             
20004881  setArray4                             
200048f1  letterConversion                      
20004aed  drawBitmap1                           
20004bd5  InitUART1                             
20004c1d  UARTSendString                        
20004c79  UARTReceiveString                     
20004d7d  main                                  
2000556d  SimpleLinkWlanEventHandler            
2000567b  SimpleLinkNetAppEventHandler          
2000571d  SimpleLinkHttpServerCallback          
20005741  SimpleLinkGeneralEventHandler         
20005761  SimpleLinkSockEventHandler            
20005f31  tls_connect                           
20006111  connectToAccessPoint                  
20006439  drawCircle                            
2000656d  drawCircleHelper                      
2000668b  fillCircle                            
200066c5  fillCircleHelper                      
200067b3  drawLine                              
2000689f  drawRect                              
200068ed  drawRoundRect                         
200069db  fillRoundRect                         
20006a55  drawTriangle                          
20006a97  fillTriangle                          
20006c97  drawChar                              
20006de3  Outstr                                
20006e2f  setCursor                             
20006e47  setTextSize                           
20006e67  setTextColor                          
20006e7f  setTextWrap                           
20006e93  width                                 
20006e97  height                                
20006eb9  __TI_printfi                          
20007e99  writeCommand                          
20007edd  writeData                             
20007f21  Adafruit_Init                         
20008053  goTo                                  
20008097  Color565                              
200080d9  fillScreen                            
200080ef  fillRect                              
200081a5  drawFastVLine                         
20008241  drawFastHLine                         
200082dd  drawPixel                             
2000831b  invert                                
20008337  _nop                                  
20008375  GPIO_IF_LedConfigure                  
200083b3  GPIO_IF_LedOn                         
20008467  GPIO_IF_LedOff                        
2000851b  GPIO_IF_LedStatus                     
20008585  GPIO_IF_LedToggle                     
200085b3  GPIO_IF_GetPortNPin                   
200085f9  GPIO_IF_ConfigureNIntEnable           
20008641  GPIO_IF_Set                           
20008685  GPIO_IF_Get                           
20008719  GPIODirModeSet                        
2000874f  GPIODirModeGet                        
20008781  GPIOIntTypeSet                        
20008803  GPIOIntTypeGet                        
20008869  GPIOIntEnable                         
20008883  GPIOIntDisable                        
2000889d  GPIOIntStatus                         
200088bf  GPIOIntClear                          
200088d3  GPIOIntRegister                       
200088f1  GPIOIntUnregister                     
2000890b  GPIOPinRead                           
20008923  GPIOPinWrite                          
20008943  GPIODMATriggerEnable                  
2000899b  GPIODMATriggerDisable                 
20008a05  sl_WlanConnect                        
20008c85  InitTerm                              
20008ca3  Message                               
20008cc5  ClearTerm                             
20008ccf  Error                                 
20008d07  GetCmd                                
20008dad  TrimSpace                             
20008e45  Report                                
20008f01  SysTickHandler                        
20008f8b  SysTickInit                           
20009023  UTUtilsGetSysTime                     
200090cb  UTUtilsWaitForCount                   
20009111  UTUtilsDelayCycles                    
20009123  UTUtilsDelay                          
20009621  _SlDrvDataReadOp                      
20009805  _SlDrvReleasePoolObj                  
20009ba1  __aeabi_dsub                          
20009bab  __aeabi_dadd                          
20009d57  __aeabi_idiv0                         
20009d57  __aeabi_ldiv0                         
20009d59  _SlDrvDriverCBInit                    
2000a129  Timer_IF_Init                         
2000a15b  Timer_IF_IntSetup                     
2000a1a7  Timer_IF_InterruptClear               
2000a1bf  Timer_IF_Start                        
2000a1e1  Timer_IF_Stop                         
2000a1f1  Timer_IF_DeInit                       
2000a20b  Timer_IF_ReLoad                       
2000a225  Timer_IF_GetCount                     
2000a241  _SlDrvWaitForPoolObj                  
2000a3d1  sl_Connect                            
2000a55d  PRCMCC3200MCUInit                     
2000a845  _SlDrvDataWriteOp                     
2000a995  spi_Open                              
2000ac21  sl_NetAppDnsGetHostByName             
2000aea1  __aeabi_ddiv                          
2000afd9  sl_Send                               
2000b10d  _SlDrvDriverCBDeinit                  
2000b23d  strtol                                
2000b48d  _SlDrvNetAppEventHandler              
2000b591  aligned_alloc                         
2000b591  memalign                              
2000b691  __aeabi_dmul                          
2000b78d  PinMuxConfig                          
2000b885  sl_Stop                               
2000b975  spi_Read                              
2000ba65  uDMAChannelTransferSet                
2000bb55  sl_Start                              
2000bd29  _SlDrvMsgReadSpawnCtx                 
2000be11  free                                  
2000bef5  realloc                               
2000bfd9  sl_NetAppMDNSRegisterUnregisterService
2000c199  ldexp                                 
2000c199  ldexpl                                
2000c199  scalbn                                
2000c199  scalbnl                               
2000c269  _sl_HandleAsync_DnsGetHostByService   
2000c335  sl_DevGet                             
2000c4c5  _SlDrvCmdOp                           
2000c639  _SlNonOsSemGet                        
2000c6e9  IntDisable                            
2000c791  IntEnable                             
2000c839  _SlDriverHandleError                  
2000c8dd  SPIConfigSetExpClk                    
2000c97d  sl_Recv                               
2000ca1d  __aeabi_memcpy                        
2000ca1d  __aeabi_memcpy4                       
2000ca1d  __aeabi_memcpy8                       
2000ca1d  memcpy                                
2000cab9  _SlDrvDeviceEventHandler              
2000cb55  sl_DevSet                             
2000cbed  sl_NetCfgSet                          
2000cc85  sl_SetSockOpt                         
2000cd1d  sl_WlanSet                            
2000cdb5  spi_Write                             
2000ce4d  __aeabi_uldivmod                      
2000cee5  PRCMPeripheralClockGet                
2000cf79  _sl_HandleAsync_DnsGetHostByName      
2000d009  _sl_HandleAsync_PingResponse          
2000d099  sl_WlanPolicySet                      
2000d241  _SlDrvIsTimeoutExpired                
2000d2cd  _sl_HandleAsync_InitComplete          
2000d359  sl_Socket                             
2000d3e5  PinConfigSet                          
2000d46d  __aeabi_cdcmpeq                       
2000d46d  __aeabi_cdcmple                       
2000d4f3  __aeabi_cdrcmple                      
2000d579  sl_WlanRxFilterSet                    
2000d5fd  _sl_HandleAsync_Connect               
2000d77d  __aeabi_memclr                        
2000d77d  __aeabi_memclr4                       
2000d77d  __aeabi_memclr8                       
2000d77f  __aeabi_memset                        
2000d77f  __aeabi_memset4                       
2000d77f  __aeabi_memset8                       
2000d785  memset                                
2000d7f9  spi_Close                             
2000d871  UARTConfigSetExpClk                   
2000d8e9  _SlNonOsMainLoopTask                  
2000d95d  TimerIntRegister                      
2000daad  _SlDrvCmdSend                         
2000db19  _sl_NetAppSendTokenValue              
2000db85  TimerIntUnregister                    
2000dbed  __TI_decompress_lzss                  
2000dc55  _SlNonOsSpawn                         
2000dcb9  _sl_HandleAsync_Accept                
2000dd1d  sl_NetAppMDNSUnRegisterService        
2000dd81  uDMAChannelAttributeDisable           
2000dde5  uDMAChannelAttributeEnable            
2000de49  sl_Close                              
2000dea9  sl_WlanProfileDel                     
2000df09  sl_WlanSetMode                        
2000df69  frexp                                 
2000df69  frexpl                                
2000dfc5  IntPendClear                          
2000e01d  PRCMPeripheralReset                   
2000e0cd  IntPrioritySet                        
2000e121  _SlDrvRxIrqHandler                    
2000e175  __TI_ltoa                             
2000e1c9  _sl_HandleAsync_Select                
2000e271  _sl_HandleAsync_Stop                  
2000e2c1  SPIIntEnable                          
2000e359  _SlDrvProtectAsyncRespSetting         
2000e3f1  atoi                                  
2000e43d  uDMAChannelAssign                     
2000e489  SPIIntClear                           
2000e4d1  _SlDrvBasicCmd                        
2000e519  __aeabi_d2iz                          
2000e5a5  TimerConfigure                        
2000e5e9  _SlDrvHandleHttpServerEvents          
2000e62d  _SlDrvSyncObjWaitTimeout              
2000e671  __TI_auto_init_nobinit_nopinit        
2000e6f9  sl_Htonl                              
2000e73d  PinModeSet                            
2000e77d  _SlDrvHandleNetAppEvents              
2000e7bd  _SlDrvHandleWlanEvents                
2000e83d  sprintf                               
2000e87d  vsnprintf                             
2000e8bd  NwpRegisterInterruptHandler           
2000e975  PRCMPeripheralClkEnable               
2000e9b1  simplelink_timerA2_start              
2000e9ed  sl_Htons                              
2000ea29  uDMAChannelControlSet                 
2000ea65  NwpPowerOff                           
2000ea9d  sl_WlanDisconnect                     
2000ead5  PRCMPeripheralStatusGet               
2000eb09  SPIFIFOLevelSet                       
2000eb3d  PinTypeGPIO                           
2000eb6d  UARTDisable                           
2000ebcd  __aeabi_i2d                           
2000ebfd  NwpPowerOn                            
2000ec29  PRCMSysResetCauseGet                  
2000ec81  _SlDrvProtectionObjLockWaitForever    
2000ecad  TimerLoadSet                          
2000ecd7  TimerPrescaleSet                      
2000ed01  IntPriorityGroupingSet                
2000ed29  PRCMPeripheralClkDisable              
2000ed51  _SlDrvGlobalObjUnLock                 
2000ed79  _SlDrvProtectionObjUnLock             
2000eda1  _SlDrvSyncObjWaitForever              
2000edf1  memmove                               
2000ee19  _SlDrvObjLockWaitForever              
2000ee3f  sl_Provisioning_HttpServerEventHdl    
2000ee4d  sl_Provisioning_NetAppEventHdl        
2000ee59  sl_Provisioning_WlanEventHdl          
2000ee65  DmaSpiSwIntHandler                    
2000ee89  IntUnregister                         
2000eead  UARTEnable                            
2000eed1  _c_int00_noargs                       
2000eef5  SPIReset                              
2000ef17  SPIWordCountSet                       
2000ef39  IntRegister                           
2000ef59  NwpPrePowerOffTimout0                 
2000ef79  SPIDataGet                            
2000ef99  TimerGetCurrentTimestamp              
2000efb9  _SlDrvObjUnLock                       
2000efd9  _SlDrvSyncObjSignal                   
2000eff9  SPIDataPut                            
2000f017  TimerDisable                          
2000f035  TimerEnable                           
2000f053  TimerIntStatus                        
2000f071  UARTCharPut                           
2000f0ad  strcat                                
2000f0cb  TimerValueGet                         
2000f0e7  UARTCharGetNonBlocking                
2000f103  _SlDrvStartMeasureTimeout             
2000f13d  memccpy                               
2000f159  uDMAChannelEnable                     
2000f175  PinTypeSPI                            
2000f18f  PinTypeUART                           
2000f1a9  SPIDmaDisable                         
2000f1c3  SPIDmaEnable                          
2000f1dd  SPIFIFODisable                        
2000f1f7  SPIFIFOEnable                         
2000f211  SPIIntUnregister                      
2000f22b  SPICSDisable                          
2000f243  SPICSEnable                           
2000f25b  SPIDisable                            
2000f273  SPIEnable                             
2000f28d  SysTickPeriodSet                      
2000f2a5  TimerIntDisable                       
2000f2bd  TimerIntEnable                        
2000f2d5  UARTCharsAvail                        
2000f2ed  UARTSpaceAvail                        
2000f305  _SlNonOsSemSet                        
2000f365  PRCMHIBRegRead                        
2000f37b  PRCMHIBRegWrite                       
2000f391  UARTCharGet                           
2000f3a7  _SlDrvMemZero                         
2000f3bd  strchr                                
2000f3d3  CPUcpsid                              
2000f3e7  CPUcpsie                              
2000f3fd  IntVTableBaseSet                      
2000f411  strcpy                                
2000f425  strlen                                
2000f439  TimerIntClear                         
2000f44b  wcslen                                
2000f45d  SysTickEnable                         
2000f46d  SysTickIntEnable                      
2000f47d  _SlDrvDispatchHttpServerEvents        
2000f48d  _SlDrvResetCmdExt                     
2000f49b  __TI_decompress_none                  
2000f4a9  ResetISR                              
2000f4b9  NwpMaskInterrupt                      
2000f4c5  NwpUnMaskInterrupt                    
2000f4d1  SysTickValueGet                       
2000f4dd  copysign                              
2000f4dd  copysignl                             
2000f4e9  __TI_zero_init                        
2000f4f5  IntMasterDisable                      
2000f4ff  IntMasterEnable                       
2000f515  __aeabi_errno_addr                    
2000f51d  malloc                                
2000f525  SysCtlDelay                           
2000f52b  UtilsDelay                            
2000f531  _system_pre_init                      
2000f535  C$$EXIT                               
2000f535  abort                                 
2000fa33  _ctypes_                              
2000fdb0  OpcodeTranslateTable                  
2000fdec  _SlActionLookupTable                  
2000ffda  _SlNetAppSendTokenValueCmdCtrl        
20010020  __TI_static_base__                    
20010064  __TI_Handler_Table_Base               
20010070  __TI_Handler_Table_Limit              
20010078  __TI_CINIT_Base                       
20010088  __TI_CINIT_Limit                      
20017000  __start___llvm_prf_cnts               
20017000  __stop___llvm_prf_cnts                
20017000  _sys_memory                           
2001f4fc  DATA1                                 
2001fd44  g_ucDinDout                           
2001fd94  g_time                                
2001fdc0  g_ucConnectionSSID                    
2001fe10  g_app_config                          
2001fe18  g_ucConnectionBSSID                   
2001fe24  g_Host                                
2001fe28  g_port                                
2001fe2c  g_ulClockRate                         
2001fe30  previousintValue                      
2001fe34  RxIrqCnt                              
2001fe35  g_bDeviceRestartIsRequired            
2001fe36  g_cDummy                              
2001fe37  g_ucLED1Pin                           
2001fe38  g_ucLED2Pin                           
2001fe39  g_ucLED3Pin                           
2001fe3c  g__SlNonOsCB                          
2001fe9c  cursor_x                              
2001fea0  cursor_y                              
2001fea4  textsize                              
2001fea8  textcolor                             
2001feac  textbgcolor                           
2001feb0  wrap                                  
2001fec8  g_SlDeviceStatus                      
2001fecc  g_pCB                                 
2001fed0  pPingCallBackFunc                     
2001fed8  g_uiLED1Port                          
2001fedc  g_uiLED2Port                          
2001fee0  g_uiLED3Port                          
2001fee4  g_ulStatus                            
2001fee8  g_ulPingPacketsRecv                   
2001feec  g_ulGatewayIP                         
2001fefc  g_SpiFd                               
2001ff00  g_pHostIntHdl                         
2001ff04  g_ucDMAEnabled                        
2001ff08  _lock                                 
2001ff0c  _unlock                               
2001ff18  errno                                 
2002f000  __stack                               
20030000  __STACK_END                           
ffffffff  __TI_pprof_out_hndl                   
ffffffff  __TI_prof_data_size                   
ffffffff  __TI_prof_data_start                  
ffffffff  __binit__                             
ffffffff  __c_args__                            
ffffffff  binit                                 
UNDEFED   __mpu_init                            
UNDEFED   _system_post_cinit                    

[383 symbols]
